Archive member included to satisfy reference by file (symbol)

C:/ST/STM32CubeIDE_1.14.0/STM32CubeIDE/plugins/com.st.stm32cube.ide.mcu.externaltools.gnu-tools-for-stm32.11.3.rel1.win32_1.1.100.202309141235/tools/bin/../lib/gcc/arm-none-eabi/11.3.1/../../../../arm-none-eabi/lib/thumb/v7e-m+fp/hard\libstdc++_nano.a(del_ops.o)
                              ./Core/Src/main.o (operator delete(void*, unsigned int))
C:/ST/STM32CubeIDE_1.14.0/STM32CubeIDE/plugins/com.st.stm32cube.ide.mcu.externaltools.gnu-tools-for-stm32.11.3.rel1.win32_1.1.100.202309141235/tools/bin/../lib/gcc/arm-none-eabi/11.3.1/../../../../arm-none-eabi/lib/thumb/v7e-m+fp/hard\libstdc++_nano.a(new_op.o)
                              ./Core/Src/main.o (operator new(unsigned int))
C:/ST/STM32CubeIDE_1.14.0/STM32CubeIDE/plugins/com.st.stm32cube.ide.mcu.externaltools.gnu-tools-for-stm32.11.3.rel1.win32_1.1.100.202309141235/tools/bin/../lib/gcc/arm-none-eabi/11.3.1/../../../../arm-none-eabi/lib/thumb/v7e-m+fp/hard\libstdc++_nano.a(del_op.o)
                              C:/ST/STM32CubeIDE_1.14.0/STM32CubeIDE/plugins/com.st.stm32cube.ide.mcu.externaltools.gnu-tools-for-stm32.11.3.rel1.win32_1.1.100.202309141235/tools/bin/../lib/gcc/arm-none-eabi/11.3.1/../../../../arm-none-eabi/lib/thumb/v7e-m+fp/hard\libstdc++_nano.a(del_ops.o) (operator delete(void*))
C:/ST/STM32CubeIDE_1.14.0/STM32CubeIDE/plugins/com.st.stm32cube.ide.mcu.externaltools.gnu-tools-for-stm32.11.3.rel1.win32_1.1.100.202309141235/tools/bin/../lib/gcc/arm-none-eabi/11.3.1/../../../../arm-none-eabi/lib/thumb/v7e-m+fp/hard\libstdc++_nano.a(new_handler.o)
                              C:/ST/STM32CubeIDE_1.14.0/STM32CubeIDE/plugins/com.st.stm32cube.ide.mcu.externaltools.gnu-tools-for-stm32.11.3.rel1.win32_1.1.100.202309141235/tools/bin/../lib/gcc/arm-none-eabi/11.3.1/../../../../arm-none-eabi/lib/thumb/v7e-m+fp/hard\libstdc++_nano.a(new_op.o) (std::get_new_handler())
C:/ST/STM32CubeIDE_1.14.0/STM32CubeIDE/plugins/com.st.stm32cube.ide.mcu.externaltools.gnu-tools-for-stm32.11.3.rel1.win32_1.1.100.202309141235/tools/bin/../lib/gcc/arm-none-eabi/11.3.1/../../../../arm-none-eabi/lib/thumb/v7e-m+fp/hard\libc_nano.a(libc_a-abort.o)
                              C:/ST/STM32CubeIDE_1.14.0/STM32CubeIDE/plugins/com.st.stm32cube.ide.mcu.externaltools.gnu-tools-for-stm32.11.3.rel1.win32_1.1.100.202309141235/tools/bin/../lib/gcc/arm-none-eabi/11.3.1/../../../../arm-none-eabi/lib/thumb/v7e-m+fp/hard\libstdc++_nano.a(new_op.o) (abort)
C:/ST/STM32CubeIDE_1.14.0/STM32CubeIDE/plugins/com.st.stm32cube.ide.mcu.externaltools.gnu-tools-for-stm32.11.3.rel1.win32_1.1.100.202309141235/tools/bin/../lib/gcc/arm-none-eabi/11.3.1/../../../../arm-none-eabi/lib/thumb/v7e-m+fp/hard\libc_nano.a(libc_a-exit.o)
                              C:/ST/STM32CubeIDE_1.14.0/STM32CubeIDE/plugins/com.st.stm32cube.ide.mcu.externaltools.gnu-tools-for-stm32.11.3.rel1.win32_1.1.100.202309141235/tools/bin/../lib/gcc/arm-none-eabi/11.3.1/../../../../arm-none-eabi/lib/thumb/v7e-m+fp/hard/crt0.o (exit)
C:/ST/STM32CubeIDE_1.14.0/STM32CubeIDE/plugins/com.st.stm32cube.ide.mcu.externaltools.gnu-tools-for-stm32.11.3.rel1.win32_1.1.100.202309141235/tools/bin/../lib/gcc/arm-none-eabi/11.3.1/../../../../arm-none-eabi/lib/thumb/v7e-m+fp/hard\libc_nano.a(libc_a-malloc.o)
                              C:/ST/STM32CubeIDE_1.14.0/STM32CubeIDE/plugins/com.st.stm32cube.ide.mcu.externaltools.gnu-tools-for-stm32.11.3.rel1.win32_1.1.100.202309141235/tools/bin/../lib/gcc/arm-none-eabi/11.3.1/../../../../arm-none-eabi/lib/thumb/v7e-m+fp/hard\libstdc++_nano.a(new_op.o) (malloc)
C:/ST/STM32CubeIDE_1.14.0/STM32CubeIDE/plugins/com.st.stm32cube.ide.mcu.externaltools.gnu-tools-for-stm32.11.3.rel1.win32_1.1.100.202309141235/tools/bin/../lib/gcc/arm-none-eabi/11.3.1/../../../../arm-none-eabi/lib/thumb/v7e-m+fp/hard\libc_nano.a(libc_a-mallocr.o)
                              C:/ST/STM32CubeIDE_1.14.0/STM32CubeIDE/plugins/com.st.stm32cube.ide.mcu.externaltools.gnu-tools-for-stm32.11.3.rel1.win32_1.1.100.202309141235/tools/bin/../lib/gcc/arm-none-eabi/11.3.1/../../../../arm-none-eabi/lib/thumb/v7e-m+fp/hard\libc_nano.a(libc_a-malloc.o) (_malloc_r)
C:/ST/STM32CubeIDE_1.14.0/STM32CubeIDE/plugins/com.st.stm32cube.ide.mcu.externaltools.gnu-tools-for-stm32.11.3.rel1.win32_1.1.100.202309141235/tools/bin/../lib/gcc/arm-none-eabi/11.3.1/../../../../arm-none-eabi/lib/thumb/v7e-m+fp/hard\libc_nano.a(libc_a-mlock.o)
                              C:/ST/STM32CubeIDE_1.14.0/STM32CubeIDE/plugins/com.st.stm32cube.ide.mcu.externaltools.gnu-tools-for-stm32.11.3.rel1.win32_1.1.100.202309141235/tools/bin/../lib/gcc/arm-none-eabi/11.3.1/../../../../arm-none-eabi/lib/thumb/v7e-m+fp/hard\libc_nano.a(libc_a-mallocr.o) (__malloc_lock)
C:/ST/STM32CubeIDE_1.14.0/STM32CubeIDE/plugins/com.st.stm32cube.ide.mcu.externaltools.gnu-tools-for-stm32.11.3.rel1.win32_1.1.100.202309141235/tools/bin/../lib/gcc/arm-none-eabi/11.3.1/../../../../arm-none-eabi/lib/thumb/v7e-m+fp/hard\libc_nano.a(libc_a-findfp.o)
[...]
Memory Configuration

Name             Origin             Length             Attributes
RAM              0x0000000020000000 0x0000000000010000 xrw
RAM2             0x0000000010000000 0x0000000000004000 xrw
FLASH            0x0000000008000000 0x0000000000040000 xr
*default*        0x0000000000000000 0xffffffffffffffff

Linker script and memory map

LOAD C:/ST/STM32CubeIDE_1.14.0/STM32CubeIDE/plugins/com.st.stm32cube.ide.mcu.externaltools.gnu-tools-for-stm32.11.3.rel1.win32_1.1.100.202309141235/tools/bin/../lib/gcc/arm-none-eabi/11.3.1/thumb/v7e-m+fp/hard/crti.o
LOAD C:/ST/STM32CubeIDE_1.14.0/STM32CubeIDE/plugins/com.st.stm32cube.ide.mcu.externaltools.gnu-tools-for-stm32.11.3.rel1.win32_1.1.100.202309141235/tools/bin/../lib/gcc/arm-none-eabi/11.3.1/thumb/v7e-m+fp/hard/crtbegin.o
LOAD C:/ST/STM32CubeIDE_1.14.0/STM32CubeIDE/plugins/com.st.stm32cube.ide.mcu.externaltools.gnu-tools-for-stm32.11.3.rel1.win32_1.1.100.202309141235/tools/bin/../lib/gcc/arm-none-eabi/11.3.1/../../../../arm-none-eabi/lib/thumb/v7e-m+fp/hard/crt0.o
LOAD ./Core/IamSrc/AdjustClock.o
LOAD ./Core/IamSrc/Application.o
LOAD ./Core/IamSrc/InputPin.o
LOAD ./Core/IamSrc/SimpleClock.o
LOAD ./Core/IamSrc/lit.o
LOAD ./Core/Src/main.o
LOAD ./Core/Src/stm32l4xx_hal_msp.o
LOAD ./Core/Src/stm32l4xx_it.o
LOAD ./Core/Src/syscalls.o
LOAD ./Core/Src/sysmem.o
LOAD ./Core/Src/system_stm32l4xx.o
LOAD ./Core/Startup/startup_stm32l431cctx.o
LOAD ./Drivers/STM32L4xx_HAL_Driver/Src/stm32l4xx_hal.o
LOAD ./Drivers/STM32L4xx_HAL_Driver/Src/stm32l4xx_hal_cortex.o
LOAD ./Drivers/STM32L4xx_HAL_Driver/Src/stm32l4xx_hal_dma.o
LOAD ./Drivers/STM32L4xx_HAL_Driver/Src/stm32l4xx_hal_dma_ex.o
LOAD ./Drivers/STM32L4xx_HAL_Driver/Src/stm32l4xx_hal_exti.o
LOAD ./Drivers/STM32L4xx_HAL_Driver/Src/stm32l4xx_hal_flash.o
LOAD ./Drivers/STM32L4xx_HAL_Driver/Src/stm32l4xx_hal_flash_ex.o
LOAD ./Drivers/STM32L4xx_HAL_Driver/Src/stm32l4xx_hal_flash_ramfunc.o
LOAD ./Drivers/STM32L4xx_HAL_Driver/Src/stm32l4xx_hal_gpio.o
LOAD ./Drivers/STM32L4xx_HAL_Driver/Src/stm32l4xx_hal_i2c.o
LOAD ./Drivers/STM32L4xx_HAL_Driver/Src/stm32l4xx_hal_i2c_ex.o
LOAD ./Drivers/STM32L4xx_HAL_Driver/Src/stm32l4xx_hal_pwr.o
LOAD ./Drivers/STM32L4xx_HAL_Driver/Src/stm32l4xx_hal_pwr_ex.o
LOAD ./Drivers/STM32L4xx_HAL_Driver/Src/stm32l4xx_hal_rcc.o
LOAD ./Drivers/STM32L4xx_HAL_Driver/Src/stm32l4xx_hal_rcc_ex.o
LOAD ./Drivers/STM32L4xx_HAL_Driver/Src/stm32l4xx_hal_rtc.o
LOAD ./Drivers/STM32L4xx_HAL_Driver/Src/stm32l4xx_hal_rtc_ex.o
LOAD ./Drivers/STM32L4xx_HAL_Driver/Src/stm32l4xx_hal_tim.o
LOAD ./Drivers/STM32L4xx_HAL_Driver/Src/stm32l4xx_hal_tim_ex.o
START GROUP
LOAD C:/ST/STM32CubeIDE_1.14.0/STM32CubeIDE/plugins/com.st.stm32cube.ide.mcu.externaltools.gnu-tools-for-stm32.11.3.rel1.win32_1.1.100.202309141235/tools/bin/../lib/gcc/arm-none-eabi/11.3.1/../../../../arm-none-eabi/lib/thumb/v7e-m+fp/hard\libstdc++_nano.a
LOAD C:/ST/STM32CubeIDE_1.14.0/STM32CubeIDE/plugins/com.st.stm32cube.ide.mcu.externaltools.gnu-tools-for-stm32.11.3.rel1.win32_1.1.100.202309141235/tools/bin/../lib/gcc/arm-none-eabi/11.3.1/../../../../arm-none-eabi/lib/thumb/v7e-m+fp/hard\libsupc++_nano.a
END GROUP
LOAD C:/ST/STM32CubeIDE_1.14.0/STM32CubeIDE/plugins/com.st.stm32cube.ide.mcu.externaltools.gnu-tools-for-stm32.11.3.rel1.win32_1.1.100.202309141235/tools/bin/../lib/gcc/arm-none-eabi/11.3.1/../../../../arm-none-eabi/lib/thumb/v7e-m+fp/hard\libstdc++_nano.a
LOAD C:/ST/STM32CubeIDE_1.14.0/STM32CubeIDE/plugins/com.st.stm32cube.ide.mcu.externaltools.gnu-tools-for-stm32.11.3.rel1.win32_1.1.100.202309141235/tools/bin/../lib/gcc/arm-none-eabi/11.3.1/../../../../arm-none-eabi/lib/thumb/v7e-m+fp/hard\libm.a
LOAD C:/ST/STM32CubeIDE_1.14.0/STM32CubeIDE/plugins/com.st.stm32cube.ide.mcu.externaltools.gnu-tools-for-stm32.11.3.rel1.win32_1.1.100.202309141235/tools/bin/../lib/gcc/arm-none-eabi/11.3.1/../../../../arm-none-eabi/lib/thumb/v7e-m+fp/hard\libc_nano.a
START GROUP
LOAD C:/ST/STM32CubeIDE_1.14.0/STM32CubeIDE/plugins/com.st.stm32cube.ide.mcu.externaltools.gnu-tools-for-stm32.11.3.rel1.win32_1.1.100.202309141235/tools/bin/../lib/gcc/arm-none-eabi/11.3.1/thumb/v7e-m+fp/hard\libgcc.a
LOAD C:/ST/STM32CubeIDE_1.14.0/STM32CubeIDE/plugins/com.st.stm32cube.ide.mcu.externaltools.gnu-tools-for-stm32.11.3.rel1.win32_1.1.100.202309141235/tools/bin/../lib/gcc/arm-none-eabi/11.3.1/../../../../arm-none-eabi/lib/thumb/v7e-m+fp/hard\libc_nano.a
END GROUP
START GROUP
LOAD C:/ST/STM32CubeIDE_1.14.0/STM32CubeIDE/plugins/com.st.stm32cube.ide.mcu.externaltools.gnu-tools-for-stm32.11.3.rel1.win32_1.1.100.202309141235/tools/bin/../lib/gcc/arm-none-eabi/11.3.1/thumb/v7e-m+fp/hard\libgcc.a
LOAD C:/ST/STM32CubeIDE_1.14.0/STM32CubeIDE/plugins/com.st.stm32cube.ide.mcu.externaltools.gnu-tools-for-stm32.11.3.rel1.win32_1.1.100.202309141235/tools/bin/../lib/gcc/arm-none-eabi/11.3.1/../../../../arm-none-eabi/lib/thumb/v7e-m+fp/hard\libc_nano.a
LOAD C:/ST/STM32CubeIDE_1.14.0/STM32CubeIDE/plugins/com.st.stm32cube.ide.mcu.externaltools.gnu-tools-for-stm32.11.3.rel1.win32_1.1.100.202309141235/tools/bin/../lib/gcc/arm-none-eabi/11.3.1/../../../../arm-none-eabi/lib/thumb/v7e-m+fp/hard\libnosys.a
END GROUP
START GROUP
LOAD C:/ST/STM32CubeIDE_1.14.0/STM32CubeIDE/plugins/com.st.stm32cube.ide.mcu.externaltools.gnu-tools-for-stm32.11.3.rel1.win32_1.1.100.202309141235/tools/bin/../lib/gcc/arm-none-eabi/11.3.1/thumb/v7e-m+fp/hard\libgcc.a
LOAD C:/ST/STM32CubeIDE_1.14.0/STM32CubeIDE/plugins/com.st.stm32cube.ide.mcu.externaltools.gnu-tools-for-stm32.11.3.rel1.win32_1.1.100.202309141235/tools/bin/../lib/gcc/arm-none-eabi/11.3.1/../../../../arm-none-eabi/lib/thumb/v7e-m+fp/hard\libc_nano.a
LOAD C:/ST/STM32CubeIDE_1.14.0/STM32CubeIDE/plugins/com.st.stm32cube.ide.mcu.externaltools.gnu-tools-for-stm32.11.3.rel1.win32_1.1.100.202309141235/tools/bin/../lib/gcc/arm-none-eabi/11.3.1/../../../../arm-none-eabi/lib/thumb/v7e-m+fp/hard\libnosys.a
END GROUP
LOAD C:/ST/STM32CubeIDE_1.14.0/STM32CubeIDE/plugins/com.st.stm32cube.ide.mcu.externaltools.gnu-tools-for-stm32.11.3.rel1.win32_1.1.100.202309141235/tools/bin/../lib/gcc/arm-none-eabi/11.3.1/thumb/v7e-m+fp/hard/crtend.o
LOAD C:/ST/STM32CubeIDE_1.14.0/STM32CubeIDE/plugins/com.st.stm32cube.ide.mcu.externaltools.gnu-tools-for-stm32.11.3.rel1.win32_1.1.100.202309141235/tools/bin/../lib/gcc/arm-none-eabi/11.3.1/thumb/v7e-m+fp/hard/crtn.o
                0x0000000020010000                _estack = (ORIGIN (RAM) + LENGTH (RAM))
                0x0000000000000200                _Min_Heap_Size = 0x200
                0x0000000000000400                _Min_Stack_Size = 0x400

.isr_vector     0x0000000008000000      0x18c
                0x0000000008000000                . = ALIGN (0x4)
 *(.isr_vector)
 .isr_vector    0x0000000008000000      0x18c ./Core/Startup/startup_stm32l431cctx.o
                0x0000000008000000                g_pfnVectors
                0x000000000800018c                . = ALIGN (0x4)

.text           0x000000000800018c     0x5120
                0x000000000800018c                . = ALIGN (0x4)
 *(.text)
 .text          0x000000000800018c       0x40 C:/ST/STM32CubeIDE_1.14.0/STM32CubeIDE/plugins/com.st.stm32cube.ide.mcu.externaltools.gnu-tools-for-stm32.11.3.rel1.win32_1.1.100.202309141235/tools/bin/../lib/gcc/arm-none-eabi/11.3.1/thumb/v7e-m+fp/hard/crtbegin.o
 *(.text*)
 .text._ZN11AdjustClockC2EP6AppArg
                0x00000000080001cc       0xb0 ./Core/IamSrc/AdjustClock.o
                0x00000000080001cc                AdjustClock::AdjustClock(AppArg*)
                0x00000000080001cc                AdjustClock::AdjustClock(AppArg*)
 .text._ZN11AdjustClock3runEP6AppArg
                0x000000000800027c      0x274 ./Core/IamSrc/AdjustClock.o
                0x000000000800027c                AdjustClock::run(AppArg*)
 .text._ZNKSt10unique_ptrI17RTC_HandleTypeDefSt14default_deleteIS0_EE3getEv
                0x00000000080004f0       0x1a ./Core/IamSrc/AdjustClock.o
                0x00000000080004f0                std::unique_ptr<RTC_HandleTypeDef, std::default_delete<RTC_HandleTypeDef> >::get() const
 .text._ZNKSt10unique_ptrI8InputPinSt14default_deleteIS0_EEptEv
                0x000000000800050a       0x18 ./Core/IamSrc/AdjustClock.o
                0x000000000800050a                std::unique_ptr<InputPin, std::default_delete<InputPin> >::operator->() const
 .text._ZNKSt15__uniq_ptr_implI17RTC_HandleTypeDefSt14default_deleteIS0_EE6_M_ptrEv
                0x0000000008000522       0x1c ./Core/IamSrc/AdjustClock.o
                0x0000000008000522                std::__uniq_ptr_impl<RTC_HandleTypeDef, std::default_delete<RTC_HandleTypeDef> >::_M_ptr() const
 .text._ZNKSt10unique_ptrI8InputPinSt14default_deleteIS0_EE3getEv
                0x000000000800053e       0x1a ./Core/IamSrc/AdjustClock.o
                0x000000000800053e                std::unique_ptr<InputPin, std::default_delete<InputPin> >::get() const
 .text._ZSt3getILj0EJP17RTC_HandleTypeDefSt14default_deleteIS0_EEERKNSt13tuple_elementIXT_ESt5tupleIJDpT0_EEE4typeERKS8_
                0x0000000008000558       0x1a ./Core/IamSrc/AdjustClock.o
                0x0000000008000558                std::tuple_element<0u, std::tuple<RTC_HandleTypeDef*, std::default_delete<RTC_HandleTypeDef> > >::type const& std::get<0u, RTC_HandleTypeDef*, std::default_delete<RTC_HandleTypeDef> >(std::tuple<RTC_HandleTypeDef*, std::default_delete<RTC_HandleTypeDef> > const&)
 .text._ZNKSt15__uniq_ptr_implI8InputPinSt14default_deleteIS0_EE6_M_ptrEv
                0x0000000008000572       0x1c ./Core/IamSrc/AdjustClock.o
                0x0000000008000572                std::__uniq_ptr_impl<InputPin, std::default_delete<InputPin> >::_M_ptr() const
 .text._ZSt12__get_helperILj0EP17RTC_HandleTypeDefJSt14default_deleteIS0_EEERKT0_RKSt11_Tuple_implIXT_EJS4_DpT1_EE
                0x000000000800058e       0x18 ./Core/IamSrc/AdjustClock.o
                0x000000000800058e                RTC_HandleTypeDef* const& std::__get_helper<0u, RTC_HandleTypeDef*, std::default_delete<RTC_HandleTypeDef> >(std::_Tuple_impl<0u, RTC_HandleTypeDef*, std::default_delete<RTC_HandleTypeDef> > const&)
 .text._ZSt3getILj0EJP8InputPinSt14default_deleteIS0_EEERKNSt13tuple_elementIXT_ESt5tupleIJDpT0_EEE4typeERKS8_
                0x00000000080005a6       0x1a ./Core/IamSrc/AdjustClock.o
                0x00000000080005a6                std::tuple_element<0u, std::tuple<InputPin*, std::default_delete<InputPin> > >::type const& std::get<0u, InputPin*, std::default_delete<InputPin> >(std::tuple<InputPin*, std::default_delete<InputPin> > const&)
 .text._ZNSt11_Tuple_implILj0EJP17RTC_HandleTypeDefSt14default_deleteIS0_EEE7_M_headERKS4_
                0x00000000080005c0       0x1a ./Core/IamSrc/AdjustClock.o
                0x00000000080005c0                std::_Tuple_impl<0u, RTC_HandleTypeDef*, std::default_delete<RTC_HandleTypeDef> >::_M_head(std::_Tuple_impl<0u, RTC_HandleTypeDef*, std::default_delete<RTC_HandleTypeDef> > const&)
 .text._ZSt12__get_helperILj0EP8InputPinJSt14default_deleteIS0_EEERKT0_RKSt11_Tuple_implIXT_EJS4_DpT1_EE
                0x00000000080005da       0x18 ./Core/IamSrc/AdjustClock.o
                0x00000000080005da                InputPin* const& std::__get_helper<0u, InputPin*, std::default_delete<InputPin> >(std::_Tuple_impl<0u, InputPin*, std::default_delete<InputPin> > const&)
 .text._ZNSt10_Head_baseILj0EP17RTC_HandleTypeDefLb0EE7_M_headERKS2_
                0x00000000080005f2       0x16 ./Core/IamSrc/AdjustClock.o
                0x00000000080005f2                std::_Head_base<0u, RTC_HandleTypeDef*, false>::_M_head(std::_Head_base<0u, RTC_HandleTypeDef*, false> const&)
 .text._ZNSt11_Tuple_implILj0EJP8InputPinSt14default_deleteIS0_EEE7_M_headERKS4_
                0x0000000008000608       0x1a ./Core/IamSrc/AdjustClock.o
                0x0000000008000608                std::_Tuple_impl<0u, InputPin*, std::default_delete<InputPin> >::_M_head(std::_Tuple_impl<0u, InputPin*, std::default_delete<InputPin> > const&)
 .text._ZNSt10_Head_baseILj0EP8InputPinLb0EE7_M_headERKS2_
                0x0000000008000622       0x16 ./Core/IamSrc/AdjustClock.o
                0x0000000008000622                std::_Head_base<0u, InputPin*, false>::_M_head(std::_Head_base<0u, InputPin*, false> const&)
 .text._ZN11ApplicationC2EP6AppArg
                0x0000000008000638       0x24 ./Core/IamSrc/Application.o
                0x0000000008000638                Application::Application(AppArg*)
                0x0000000008000638                Application::Application(AppArg*)
 .text._ZN11ApplicationD2Ev
                0x000000000800065c       0x20 ./Core/IamSrc/Application.o
                0x000000000800065c                Application::~Application()
                0x000000000800065c                Application::~Application()
 .text._ZN11Application3runEP6AppArg
                0x000000000800067c       0x16 ./Core/IamSrc/Application.o
                0x000000000800067c                Application::run(AppArg*)
 .text._ZN8InputPinC2EP12GPIO_TypeDeftb
                0x0000000008000692       0x7e ./Core/IamSrc/InputPin.o
                0x0000000008000692                InputPin::InputPin(GPIO_TypeDef*, unsigned short, bool)
                0x0000000008000692                InputPin::InputPin(GPIO_TypeDef*, unsigned short, bool)
 .text._ZN8InputPin5fetchEv
                0x0000000008000710       0x4e ./Core/IamSrc/InputPin.o
                0x0000000008000710                InputPin::fetch()
 *fill*         0x000000000800075e        0x2 
 .text._ZN8InputPin6updateEv
                0x0000000008000760       0xbc ./Core/IamSrc/InputPin.o
                0x0000000008000760                InputPin::update()
 .text._ZN8InputPin13getFirstPressEv
                0x000000000800081c       0x22 ./Core/IamSrc/InputPin.o
                0x000000000800081c                InputPin::getFirstPress()
 .text._ZN8InputPin12getFirstHoldEv
                0x000000000800083e       0x22 ./Core/IamSrc/InputPin.o
                0x000000000800083e                InputPin::getFirstHold()
 .text._ZN8InputPin7getHoldEv
                0x0000000008000860       0x22 ./Core/IamSrc/InputPin.o
                0x0000000008000860                InputPin::getHold()
 *fill*         0x0000000008000882        0x2 
 .text._ZN11SimpleClockC2EP6AppArg
                0x0000000008000884       0x40 ./Core/IamSrc/SimpleClock.o
                0x0000000008000884                SimpleClock::SimpleClock(AppArg*)
                0x0000000008000884                SimpleClock::SimpleClock(AppArg*)
 .text._ZN11SimpleClock3runEP6AppArg
                0x00000000080008c4       0x98 ./Core/IamSrc/SimpleClock.o
                0x00000000080008c4                SimpleClock::run(AppArg*)
 .text._Z6setHiZP12GPIO_TypeDeft
                0x000000000800095c       0x3c ./Core/IamSrc/lit.o
                0x000000000800095c                setHiZ(GPIO_TypeDef*, unsigned short)
 .text._Z6outputP12GPIO_TypeDeft13GPIO_PinState
                0x0000000008000998       0x50 ./Core/IamSrc/lit.o
                0x0000000008000998                output(GPIO_TypeDef*, unsigned short, GPIO_PinState)
 .text._Z5unlitv
                0x00000000080009e8       0x44 ./Core/IamSrc/lit.o
                0x00000000080009e8                unlit()
 .text._Z6litLEDh
                0x0000000008000a2c       0x88 ./Core/IamSrc/lit.o
                0x0000000008000a2c                litLED(unsigned char)
 .text._Z7setHourh
                0x0000000008000ab4       0x58 ./Core/IamSrc/lit.o
                0x0000000008000ab4                setHour(unsigned char)
 .text._Z9setMinuteh
                0x0000000008000b0c       0x40 ./Core/IamSrc/lit.o
                0x0000000008000b0c                setMinute(unsigned char)
 .text._Z9setSecondh
                0x0000000008000b4c       0x40 ./Core/IamSrc/lit.o
                0x0000000008000b4c                setSecond(unsigned char)
 .text._ZNSt5tupleIJP6AppArgSt14default_deleteIS0_EEEC1ILb1ELb1EEEv
                0x0000000008000b8c       0x1a ./Core/Src/main.o
                0x0000000008000b8c                std::tuple<AppArg*, std::default_delete<AppArg> >::tuple<true, true>()
 .text._ZNSt11_Tuple_implILj0EJP6AppArgSt14default_deleteIS0_EEEC2Ev
                0x0000000008000ba6       0x20 ./Core/Src/main.o
                0x0000000008000ba6                std::_Tuple_impl<0u, AppArg*, std::default_delete<AppArg> >::_Tuple_impl()
 .text._ZNSt11_Tuple_implILj1EJSt14default_deleteI6AppArgEEEC2Ev
                0x0000000008000bc6       0x18 ./Core/Src/main.o
                0x0000000008000bc6                std::_Tuple_impl<1u, std::default_delete<AppArg> >::_Tuple_impl()
 .text._ZNSt10_Head_baseILj1ESt14default_deleteI6AppArgELb1EEC2Ev
                0x0000000008000bde       0x16 ./Core/Src/main.o
                0x0000000008000bde                std::_Head_base<1u, std::default_delete<AppArg>, true>::_Head_base()
 .text._ZNSt10_Head_baseILj0EP6AppArgLb0EEC2Ev
                0x0000000008000bf4       0x1c ./Core/Src/main.o
                0x0000000008000bf4                std::_Head_base<0u, AppArg*, false>::_Head_base()
 .text._Z14EnterStop2Modev
                0x0000000008000c10       0x1c ./Core/Src/main.o
                0x0000000008000c10                EnterStop2Mode()
 .text.HAL_TIM_PeriodElapsedCallback
                0x0000000008000c2c       0x90 ./Core/Src/main.o
                0x0000000008000c2c                HAL_TIM_PeriodElapsedCallback
 .text._ZNSt15__uniq_ptr_dataI6AppArgSt14default_deleteIS0_ELb1ELb1EEaSEOS3_
                0x0000000008000cbc       0x20 ./Core/Src/main.o
                0x0000000008000cbc                std::__uniq_ptr_data<AppArg, std::default_delete<AppArg>, true, true>::operator=(std::__uniq_ptr_data<AppArg, std::default_delete<AppArg>, true, true>&&)
 .text._ZNSt10unique_ptrI6AppArgSt14default_deleteIS0_EEaSEOS3_
                0x0000000008000cdc       0x20 ./Core/Src/main.o
                0x0000000008000cdc                std::unique_ptr<AppArg, std::default_delete<AppArg> >::operator=(std::unique_ptr<AppArg, std::default_delete<AppArg> >&&)
 .text._ZNSt15__uniq_ptr_dataI8InputPinSt14default_deleteIS0_ELb1ELb1EEaSEOS3_
                0x0000000008000cfc       0x20 ./Core/Src/main.o
                0x0000000008000cfc                std::__uniq_ptr_data<InputPin, std::default_delete<InputPin>, true, true>::operator=(std::__uniq_ptr_data<InputPin, std::default_delete<InputPin>, true, true>&&)
 .text._ZNSt10unique_ptrI8InputPinSt14default_deleteIS0_EEaSEOS3_
                0x0000000008000d1c       0x20 ./Core/Src/main.o
                0x0000000008000d1c                std::unique_ptr<InputPin, std::default_delete<InputPin> >::operator=(std::unique_ptr<InputPin, std::default_delete<InputPin> >&&)
 .text._ZNSt15__uniq_ptr_dataI17RTC_HandleTypeDefSt14default_deleteIS0_ELb1ELb1EEaSEOS3_
                0x0000000008000d3c       0x20 ./Core/Src/main.o
                0x0000000008000d3c                std::__uniq_ptr_data<RTC_HandleTypeDef, std::default_delete<RTC_HandleTypeDef>, true, true>::operator=(std::__uniq_ptr_data<RTC_HandleTypeDef, std::default_delete<RTC_HandleTypeDef>, true, true>&&)
 .text._ZNSt10unique_ptrI17RTC_HandleTypeDefSt14default_deleteIS0_EEaSEOS3_
                0x0000000008000d5c       0x20 ./Core/Src/main.o
                0x0000000008000d5c                std::unique_ptr<RTC_HandleTypeDef, std::default_delete<RTC_HandleTypeDef> >::operator=(std::unique_ptr<RTC_HandleTypeDef, std::default_delete<RTC_HandleTypeDef> >&&)
 .text.main     0x0000000008000d7c      0x2f4 ./Core/Src/main.o
                0x0000000008000d7c                main
 .text._Z18SystemClock_Configv
                0x0000000008001070       0xc8 ./Core/Src/main.o
                0x0000000008001070                SystemClock_Config()
 .text._ZL12MX_I2C3_Initv
                0x0000000008001138       0x9c ./Core/Src/main.o
 .text._ZL11MX_RTC_Initv
                0x00000000080011d4       0x5c ./Core/Src/main.o
 .text._ZL12MX_TIM6_Initv
                0x0000000008001230       0x80 ./Core/Src/main.o
 .text._ZL12MX_GPIO_Initv
                0x00000000080012b0      0x148 ./Core/Src/main.o
 .text.Error_Handler
                0x00000000080013f8        0xa ./Core/Src/main.o
                0x00000000080013f8                Error_Handler
 .text._ZNSt5tupleIJP8InputPinSt14default_deleteIS0_EEEC2ILb1ELb1EEEv
                0x0000000008001402       0x1a ./Core/Src/main.o
                0x0000000008001402                std::tuple<InputPin*, std::default_delete<InputPin> >::tuple<true, true>()
                0x0000000008001402                std::tuple<InputPin*, std::default_delete<InputPin> >::tuple<true, true>()
 .text._ZNSt15__uniq_ptr_implI8InputPinSt14default_deleteIS0_EEC2Ev
                0x000000000800141c       0x1a ./Core/Src/main.o
                0x000000000800141c                std::__uniq_ptr_impl<InputPin, std::default_delete<InputPin> >::__uniq_ptr_impl()
                0x000000000800141c                std::__uniq_ptr_impl<InputPin, std::default_delete<InputPin> >::__uniq_ptr_impl()
 .text._ZNSt15__uniq_ptr_dataI8InputPinSt14default_deleteIS0_ELb1ELb1EECI2St15__uniq_ptr_implIS0_S2_EEv
                0x0000000008001436       0x1a ./Core/Src/main.o
                0x0000000008001436                std::__uniq_ptr_data<InputPin, std::default_delete<InputPin>, true, true>::__uniq_ptr_impl()
                0x0000000008001436                std::__uniq_ptr_data<InputPin, std::default_delete<InputPin>, true, true>::__uniq_ptr_impl()
 .text._ZNSt10unique_ptrI8InputPinSt14default_deleteIS0_EEC2IS2_vEEv
                0x0000000008001450       0x20 ./Core/Src/main.o
                0x0000000008001450                std::unique_ptr<InputPin, std::default_delete<InputPin> >::unique_ptr<std::default_delete<InputPin>, void>()
                0x0000000008001450                std::unique_ptr<InputPin, std::default_delete<InputPin> >::unique_ptr<std::default_delete<InputPin>, void>()
 .text._ZNSt5tupleIJP17RTC_HandleTypeDefSt14default_deleteIS0_EEEC2ILb1ELb1EEEv
                0x0000000008001470       0x1a ./Core/Src/main.o
                0x0000000008001470                std::tuple<RTC_HandleTypeDef*, std::default_delete<RTC_HandleTypeDef> >::tuple<true, true>()
                0x0000000008001470                std::tuple<RTC_HandleTypeDef*, std::default_delete<RTC_HandleTypeDef> >::tuple<true, true>()
 .text._ZNSt15__uniq_ptr_implI17RTC_HandleTypeDefSt14default_deleteIS0_EEC2Ev
                0x000000000800148a       0x1a ./Core/Src/main.o
                0x000000000800148a                std::__uniq_ptr_impl<RTC_HandleTypeDef, std::default_delete<RTC_HandleTypeDef> >::__uniq_ptr_impl()
                0x000000000800148a                std::__uniq_ptr_impl<RTC_HandleTypeDef, std::default_delete<RTC_HandleTypeDef> >::__uniq_ptr_impl()
 .text._ZNSt15__uniq_ptr_dataI17RTC_HandleTypeDefSt14default_deleteIS0_ELb1ELb1EECI2St15__uniq_ptr_implIS0_S2_EEv
                0x00000000080014a4       0x1a ./Core/Src/main.o
                0x00000000080014a4                std::__uniq_ptr_data<RTC_HandleTypeDef, std::default_delete<RTC_HandleTypeDef>, true, true>::__uniq_ptr_impl()
                0x00000000080014a4                std::__uniq_ptr_data<RTC_HandleTypeDef, std::default_delete<RTC_HandleTypeDef>, true, true>::__uniq_ptr_impl()
 .text._ZNSt10unique_ptrI17RTC_HandleTypeDefSt14default_deleteIS0_EEC2IS2_vEEv
                0x00000000080014be       0x20 ./Core/Src/main.o
                0x00000000080014be                std::unique_ptr<RTC_HandleTypeDef, std::default_delete<RTC_HandleTypeDef> >::unique_ptr<std::default_delete<RTC_HandleTypeDef>, void>()
                0x00000000080014be                std::unique_ptr<RTC_HandleTypeDef, std::default_delete<RTC_HandleTypeDef> >::unique_ptr<std::default_delete<RTC_HandleTypeDef>, void>()
 .text._ZN6AppArgC2Ev
                0x00000000080014de       0x38 ./Core/Src/main.o
                0x00000000080014de                AppArg::AppArg()
                0x00000000080014de                AppArg::AppArg()
 .text._ZSt11make_uniqueI6AppArgJEENSt9_MakeUniqIT_E15__single_objectEDpOT0_
                0x0000000008001516       0x34 ./Core/Src/main.o
                0x0000000008001516                std::_MakeUniq<AppArg>::__single_object std::make_unique<AppArg>()
 .text._ZNSt10unique_ptrI6AppArgSt14default_deleteIS0_EED2Ev
                0x000000000800154a       0x44 ./Core/Src/main.o
                0x000000000800154a                std::unique_ptr<AppArg, std::default_delete<AppArg> >::~unique_ptr()
                0x000000000800154a                std::unique_ptr<AppArg, std::default_delete<AppArg> >::~unique_ptr()
 .text._ZNSt15__uniq_ptr_implI6AppArgSt14default_deleteIS0_EEaSEOS3_
                0x000000000800158e       0x38 ./Core/Src/main.o
                0x000000000800158e                std::__uniq_ptr_impl<AppArg, std::default_delete<AppArg> >::operator=(std::__uniq_ptr_impl<AppArg, std::default_delete<AppArg> >&&)
 .text._ZNKSt10unique_ptrI6AppArgSt14default_deleteIS0_EEptEv
                0x00000000080015c6       0x18 ./Core/Src/main.o
                0x00000000080015c6                std::unique_ptr<AppArg, std::default_delete<AppArg> >::operator->() const
 .text._ZSt11make_uniqueI8InputPinJP12GPIO_TypeDeftbEENSt9_MakeUniqIT_E15__single_objectEDpOT0_
                0x00000000080015de       0x56 ./Core/Src/main.o
                0x00000000080015de                std::_MakeUniq<InputPin>::__single_object std::make_unique<InputPin, GPIO_TypeDef*, unsigned short, bool>(GPIO_TypeDef*&&, unsigned short&&, bool&&)
 .text._ZNSt10unique_ptrI8InputPinSt14default_deleteIS0_EED2Ev
                0x0000000008001634       0x44 ./Core/Src/main.o
                0x0000000008001634                std::unique_ptr<InputPin, std::default_delete<InputPin> >::~unique_ptr()
                0x0000000008001634                std::unique_ptr<InputPin, std::default_delete<InputPin> >::~unique_ptr()
 .text._ZNSt15__uniq_ptr_implI8InputPinSt14default_deleteIS0_EEaSEOS3_
                0x0000000008001678       0x38 ./Core/Src/main.o
                0x0000000008001678                std::__uniq_ptr_impl<InputPin, std::default_delete<InputPin> >::operator=(std::__uniq_ptr_impl<InputPin, std::default_delete<InputPin> >&&)
 .text._ZSt11make_uniqueI17RTC_HandleTypeDefJRS0_EENSt9_MakeUniqIT_E15__single_objectEDpOT0_
                0x00000000080016b0       0x3a ./Core/Src/main.o
                0x00000000080016b0                std::_MakeUniq<RTC_HandleTypeDef>::__single_object std::make_unique<RTC_HandleTypeDef, RTC_HandleTypeDef&>(RTC_HandleTypeDef&)
 .text._ZNSt10unique_ptrI17RTC_HandleTypeDefSt14default_deleteIS0_EED2Ev
                0x00000000080016ea       0x44 ./Core/Src/main.o
                0x00000000080016ea                std::unique_ptr<RTC_HandleTypeDef, std::default_delete<RTC_HandleTypeDef> >::~unique_ptr()
                0x00000000080016ea                std::unique_ptr<RTC_HandleTypeDef, std::default_delete<RTC_HandleTypeDef> >::~unique_ptr()
 .text._ZNSt15__uniq_ptr_implI17RTC_HandleTypeDefSt14default_deleteIS0_EEaSEOS3_
                0x000000000800172e       0x38 ./Core/Src/main.o
                0x000000000800172e                std::__uniq_ptr_impl<RTC_HandleTypeDef, std::default_delete<RTC_HandleTypeDef> >::operator=(std::__uniq_ptr_impl<RTC_HandleTypeDef, std::default_delete<RTC_HandleTypeDef> >&&)
 .text._ZNKSt10unique_ptrI6AppArgSt14default_deleteIS0_EE3getEv
                0x0000000008001766       0x1a ./Core/Src/main.o
                0x0000000008001766                std::unique_ptr<AppArg, std::default_delete<AppArg> >::get() const
 .text._ZNSt10unique_ptrI11ApplicationSt14default_deleteIS0_EE5resetEPS0_
                0x0000000008001780       0x28 ./Core/Src/main.o
                0x0000000008001780                std::unique_ptr<Application, std::default_delete<Application> >::reset(Application*)
 .text._ZNKSt10unique_ptrI11ApplicationSt14default_deleteIS0_EEptEv
                0x00000000080017a8       0x18 ./Core/Src/main.o
                0x00000000080017a8                std::unique_ptr<Application, std::default_delete<Application> >::operator->() const
 .text._ZNSt11_Tuple_implILj0EJP8InputPinSt14default_deleteIS0_EEEC2Ev
                0x00000000080017c0       0x20 ./Core/Src/main.o
                0x00000000080017c0                std::_Tuple_impl<0u, InputPin*, std::default_delete<InputPin> >::_Tuple_impl()
                0x00000000080017c0                std::_Tuple_impl<0u, InputPin*, std::default_delete<InputPin> >::_Tuple_impl()
 .text._ZNSt11_Tuple_implILj0EJP17RTC_HandleTypeDefSt14default_deleteIS0_EEEC2Ev
                0x00000000080017e0       0x20 ./Core/Src/main.o
                0x00000000080017e0                std::_Tuple_impl<0u, RTC_HandleTypeDef*, std::default_delete<RTC_HandleTypeDef> >::_Tuple_impl()
                0x00000000080017e0                std::_Tuple_impl<0u, RTC_HandleTypeDef*, std::default_delete<RTC_HandleTypeDef> >::_Tuple_impl()
 .text._ZNSt15__uniq_ptr_dataI6AppArgSt14default_deleteIS0_ELb1ELb1EECI2St15__uniq_ptr_implIS0_S2_EEPS0_
                0x0000000008001800       0x20 ./Core/Src/main.o
                0x0000000008001800                std::__uniq_ptr_data<AppArg, std::default_delete<AppArg>, true, true>::__uniq_ptr_impl(AppArg*)
                0x0000000008001800                std::__uniq_ptr_data<AppArg, std::default_delete<AppArg>, true, true>::__uniq_ptr_impl(AppArg*)
 .text._ZNSt10unique_ptrI6AppArgSt14default_deleteIS0_EEC2IS2_vEEPS0_
                0x0000000008001820       0x1e ./Core/Src/main.o
                0x0000000008001820                std::unique_ptr<AppArg, std::default_delete<AppArg> >::unique_ptr<std::default_delete<AppArg>, void>(AppArg*)
                0x0000000008001820                std::unique_ptr<AppArg, std::default_delete<AppArg> >::unique_ptr<std::default_delete<AppArg>, void>(AppArg*)
 .text._ZNSt15__uniq_ptr_implI6AppArgSt14default_deleteIS0_EE6_M_ptrEv
                0x000000000800183e       0x1a ./Core/Src/main.o
                0x000000000800183e                std::__uniq_ptr_impl<AppArg, std::default_delete<AppArg> >::_M_ptr()
 .text._ZNSt10unique_ptrI6AppArgSt14default_deleteIS0_EE11get_deleterEv
                0x0000000008001858       0x1a ./Core/Src/main.o
                0x0000000008001858                std::unique_ptr<AppArg, std::default_delete<AppArg> >::get_deleter()
 .text._ZSt4moveIRP6AppArgEONSt16remove_referenceIT_E4typeEOS4_
                0x0000000008001872       0x16 ./Core/Src/main.o
                0x0000000008001872                std::remove_reference<AppArg*&>::type&& std::move<AppArg*&>(AppArg*&)
 .text._ZN6AppArgD2Ev
                0x0000000008001888       0x38 ./Core/Src/main.o
                0x0000000008001888                AppArg::~AppArg()
                0x0000000008001888                AppArg::~AppArg()
 .text._ZNKSt14default_deleteI6AppArgEclEPS0_
                0x00000000080018c0       0x26 ./Core/Src/main.o
                0x00000000080018c0                std::default_delete<AppArg>::operator()(AppArg*) const
 .text._ZNSt15__uniq_ptr_implI6AppArgSt14default_deleteIS0_EE5resetEPS0_
                0x00000000080018e6       0x40 ./Core/Src/main.o
                0x00000000080018e6                std::__uniq_ptr_impl<AppArg, std::default_delete<AppArg> >::reset(AppArg*)
 .text._ZNSt15__uniq_ptr_implI6AppArgSt14default_deleteIS0_EE7releaseEv
                0x0000000008001926       0x2a ./Core/Src/main.o
                0x0000000008001926                std::__uniq_ptr_impl<AppArg, std::default_delete<AppArg> >::release()
 .text._ZNSt15__uniq_ptr_implI6AppArgSt14default_deleteIS0_EE10_M_deleterEv
                0x0000000008001950       0x1a ./Core/Src/main.o
                0x0000000008001950                std::__uniq_ptr_impl<AppArg, std::default_delete<AppArg> >::_M_deleter()
 .text._ZSt7forwardISt14default_deleteI6AppArgEEOT_RNSt16remove_referenceIS3_E4typeE
                0x000000000800196a       0x16 ./Core/Src/main.o
                0x000000000800196a                std::default_delete<AppArg>&& std::forward<std::default_delete<AppArg> >(std::remove_reference<std::default_delete<AppArg> >::type&)
 .text._ZSt7forwardIP12GPIO_TypeDefEOT_RNSt16remove_referenceIS2_E4typeE
                0x0000000008001980       0x16 ./Core/Src/main.o
                0x0000000008001980                GPIO_TypeDef*&& std::forward<GPIO_TypeDef*>(std::remove_reference<GPIO_TypeDef*>::type&)
 .text._ZSt7forwardItEOT_RNSt16remove_referenceIS0_E4typeE
                0x0000000008001996       0x16 ./Core/Src/main.o
                0x0000000008001996                unsigned short&& std::forward<unsigned short>(std::remove_reference<unsigned short>::type&)
 .text._ZSt7forwardIbEOT_RNSt16remove_referenceIS0_E4typeE
                0x00000000080019ac       0x16 ./Core/Src/main.o
                0x00000000080019ac                bool&& std::forward<bool>(std::remove_reference<bool>::type&)
 .text._ZNSt15__uniq_ptr_dataI8InputPinSt14default_deleteIS0_ELb1ELb1EECI2St15__uniq_ptr_implIS0_S2_EEPS0_
                0x00000000080019c2       0x20 ./Core/Src/main.o
                0x00000000080019c2                std::__uniq_ptr_data<InputPin, std::default_delete<InputPin>, true, true>::__uniq_ptr_impl(InputPin*)
                0x00000000080019c2                std::__uniq_ptr_data<InputPin, std::default_delete<InputPin>, true, true>::__uniq_ptr_impl(InputPin*)
 .text._ZNSt10unique_ptrI8InputPinSt14default_deleteIS0_EEC2IS2_vEEPS0_
                0x00000000080019e2       0x1e ./Core/Src/main.o
                0x00000000080019e2                std::unique_ptr<InputPin, std::default_delete<InputPin> >::unique_ptr<std::default_delete<InputPin>, void>(InputPin*)
                0x00000000080019e2                std::unique_ptr<InputPin, std::default_delete<InputPin> >::unique_ptr<std::default_delete<InputPin>, void>(InputPin*)
 .text._ZNSt15__uniq_ptr_implI8InputPinSt14default_deleteIS0_EE6_M_ptrEv
                0x0000000008001a00       0x1a ./Core/Src/main.o
                0x0000000008001a00                std::__uniq_ptr_impl<InputPin, std::default_delete<InputPin> >::_M_ptr()
 .text._ZNSt10unique_ptrI8InputPinSt14default_deleteIS0_EE11get_deleterEv
                0x0000000008001a1a       0x1a ./Core/Src/main.o
                0x0000000008001a1a                std::unique_ptr<InputPin, std::default_delete<InputPin> >::get_deleter()
 .text._ZSt4moveIRP8InputPinEONSt16remove_referenceIT_E4typeEOS4_
                0x0000000008001a34       0x16 ./Core/Src/main.o
                0x0000000008001a34                std::remove_reference<InputPin*&>::type&& std::move<InputPin*&>(InputPin*&)
 .text._ZNKSt14default_deleteI8InputPinEclEPS0_
                0x0000000008001a4a       0x20 ./Core/Src/main.o
                0x0000000008001a4a                std::default_delete<InputPin>::operator()(InputPin*) const
 .text._ZNSt15__uniq_ptr_implI8InputPinSt14default_deleteIS0_EE5resetEPS0_
                0x0000000008001a6a       0x40 ./Core/Src/main.o
                0x0000000008001a6a                std::__uniq_ptr_impl<InputPin, std::default_delete<InputPin> >::reset(InputPin*)
 .text._ZNSt15__uniq_ptr_implI8InputPinSt14default_deleteIS0_EE7releaseEv
                0x0000000008001aaa       0x2a ./Core/Src/main.o
                0x0000000008001aaa                std::__uniq_ptr_impl<InputPin, std::default_delete<InputPin> >::release()
 .text._ZNSt15__uniq_ptr_implI8InputPinSt14default_deleteIS0_EE10_M_deleterEv
                0x0000000008001ad4       0x1a ./Core/Src/main.o
                0x0000000008001ad4                std::__uniq_ptr_impl<InputPin, std::default_delete<InputPin> >::_M_deleter()
 .text._ZSt7forwardISt14default_deleteI8InputPinEEOT_RNSt16remove_referenceIS3_E4typeE
                0x0000000008001aee       0x16 ./Core/Src/main.o
                0x0000000008001aee                std::default_delete<InputPin>&& std::forward<std::default_delete<InputPin> >(std::remove_reference<std::default_delete<InputPin> >::type&)
 .text._ZSt7forwardIR17RTC_HandleTypeDefEOT_RNSt16remove_referenceIS2_E4typeE
                0x0000000008001b04       0x16 ./Core/Src/main.o
                0x0000000008001b04                RTC_HandleTypeDef& std::forward<RTC_HandleTypeDef&>(std::remove_reference<RTC_HandleTypeDef&>::type&)
 .text._ZNSt15__uniq_ptr_dataI17RTC_HandleTypeDefSt14default_deleteIS0_ELb1ELb1EECI2St15__uniq_ptr_implIS0_S2_EEPS0_
                0x0000000008001b1a       0x20 ./Core/Src/main.o
                0x0000000008001b1a                std::__uniq_ptr_data<RTC_HandleTypeDef, std::default_delete<RTC_HandleTypeDef>, true, true>::__uniq_ptr_impl(RTC_HandleTypeDef*)
                0x0000000008001b1a                std::__uniq_ptr_data<RTC_HandleTypeDef, std::default_delete<RTC_HandleTypeDef>, true, true>::__uniq_ptr_impl(RTC_HandleTypeDef*)
 .text._ZNSt10unique_ptrI17RTC_HandleTypeDefSt14default_deleteIS0_EEC2IS2_vEEPS0_
                0x0000000008001b3a       0x1e ./Core/Src/main.o
                0x0000000008001b3a                std::unique_ptr<RTC_HandleTypeDef, std::default_delete<RTC_HandleTypeDef> >::unique_ptr<std::default_delete<RTC_HandleTypeDef>, void>(RTC_HandleTypeDef*)
                0x0000000008001b3a                std::unique_ptr<RTC_HandleTypeDef, std::default_delete<RTC_HandleTypeDef> >::unique_ptr<std::default_delete<RTC_HandleTypeDef>, void>(RTC_HandleTypeDef*)
 .text._ZNSt15__uniq_ptr_implI17RTC_HandleTypeDefSt14default_deleteIS0_EE6_M_ptrEv
                0x0000000008001b58       0x1a ./Core/Src/main.o
                0x0000000008001b58                std::__uniq_ptr_impl<RTC_HandleTypeDef, std::default_delete<RTC_HandleTypeDef> >::_M_ptr()
 .text._ZNSt10unique_ptrI17RTC_HandleTypeDefSt14default_deleteIS0_EE11get_deleterEv
                0x0000000008001b72       0x1a ./Core/Src/main.o
                0x0000000008001b72                std::unique_ptr<RTC_HandleTypeDef, std::default_delete<RTC_HandleTypeDef> >::get_deleter()
 .text._ZSt4moveIRP17RTC_HandleTypeDefEONSt16remove_referenceIT_E4typeEOS4_
                0x0000000008001b8c       0x16 ./Core/Src/main.o
                0x0000000008001b8c                std::remove_reference<RTC_HandleTypeDef*&>::type&& std::move<RTC_HandleTypeDef*&>(RTC_HandleTypeDef*&)
 .text._ZNKSt14default_deleteI17RTC_HandleTypeDefEclEPS0_
                0x0000000008001ba2       0x20 ./Core/Src/main.o
                0x0000000008001ba2                std::default_delete<RTC_HandleTypeDef>::operator()(RTC_HandleTypeDef*) const
 .text._ZNSt15__uniq_ptr_implI17RTC_HandleTypeDefSt14default_deleteIS0_EE5resetEPS0_
                0x0000000008001bc2       0x40 ./Core/Src/main.o
                0x0000000008001bc2                std::__uniq_ptr_impl<RTC_HandleTypeDef, std::default_delete<RTC_HandleTypeDef> >::reset(RTC_HandleTypeDef*)
 .text._ZNSt15__uniq_ptr_implI17RTC_HandleTypeDefSt14default_deleteIS0_EE7releaseEv
                0x0000000008001c02       0x2a ./Core/Src/main.o
                0x0000000008001c02                std::__uniq_ptr_impl<RTC_HandleTypeDef, std::default_delete<RTC_HandleTypeDef> >::release()
 .text._ZNSt15__uniq_ptr_implI17RTC_HandleTypeDefSt14default_deleteIS0_EE10_M_deleterEv
                0x0000000008001c2c       0x1a ./Core/Src/main.o
                0x0000000008001c2c                std::__uniq_ptr_impl<RTC_HandleTypeDef, std::default_delete<RTC_HandleTypeDef> >::_M_deleter()
 .text._ZSt7forwardISt14default_deleteI17RTC_HandleTypeDefEEOT_RNSt16remove_referenceIS3_E4typeE
                0x0000000008001c46       0x16 ./Core/Src/main.o
                0x0000000008001c46                std::default_delete<RTC_HandleTypeDef>&& std::forward<std::default_delete<RTC_HandleTypeDef> >(std::remove_reference<std::default_delete<RTC_HandleTypeDef> >::type&)
 .text._ZNSt15__uniq_ptr_implI11ApplicationSt14default_deleteIS0_EE6_M_ptrEv
                0x0000000008001c5c       0x1a ./Core/Src/main.o
                0x0000000008001c5c                std::__uniq_ptr_impl<Application, std::default_delete<Application> >::_M_ptr()
 .text._ZSt4moveIRP11ApplicationEONSt16remove_referenceIT_E4typeEOS4_
                0x0000000008001c76       0x16 ./Core/Src/main.o
                0x0000000008001c76                std::remove_reference<Application*&>::type&& std::move<Application*&>(Application*&)
 .text._ZNKSt14default_deleteI11ApplicationEclEPS0_
                0x0000000008001c8c       0x26 ./Core/Src/main.o
                0x0000000008001c8c                std::default_delete<Application>::operator()(Application*) const
 .text._ZNKSt15__uniq_ptr_implI6AppArgSt14default_deleteIS0_EE6_M_ptrEv
                0x0000000008001cb2       0x1c ./Core/Src/main.o
                0x0000000008001cb2                std::__uniq_ptr_impl<AppArg, std::default_delete<AppArg> >::_M_ptr() const
 .text._ZNSt15__uniq_ptr_implI11ApplicationSt14default_deleteIS0_EE5resetEPS0_
                0x0000000008001cce       0x40 ./Core/Src/main.o
                0x0000000008001cce                std::__uniq_ptr_impl<Application, std::default_delete<Application> >::reset(Application*)
 .text._ZNKSt10unique_ptrI11ApplicationSt14default_deleteIS0_EE3getEv
                0x0000000008001d0e       0x1a ./Core/Src/main.o
                0x0000000008001d0e                std::unique_ptr<Application, std::default_delete<Application> >::get() const
 .text._ZNSt11_Tuple_implILj1EJSt14default_deleteI8InputPinEEEC2Ev
                0x0000000008001d28       0x18 ./Core/Src/main.o
                0x0000000008001d28                std::_Tuple_impl<1u, std::default_delete<InputPin> >::_Tuple_impl()
                0x0000000008001d28                std::_Tuple_impl<1u, std::default_delete<InputPin> >::_Tuple_impl()
 .text._ZNSt10_Head_baseILj0EP8InputPinLb0EEC2Ev
                0x0000000008001d40       0x1c ./Core/Src/main.o
                0x0000000008001d40                std::_Head_base<0u, InputPin*, false>::_Head_base()
                0x0000000008001d40                std::_Head_base<0u, InputPin*, false>::_Head_base()
 .text._ZNSt11_Tuple_implILj1EJSt14default_deleteI17RTC_HandleTypeDefEEEC2Ev
                0x0000000008001d5c       0x18 ./Core/Src/main.o
                0x0000000008001d5c                std::_Tuple_impl<1u, std::default_delete<RTC_HandleTypeDef> >::_Tuple_impl()
                0x0000000008001d5c                std::_Tuple_impl<1u, std::default_delete<RTC_HandleTypeDef> >::_Tuple_impl()
 .text._ZNSt10_Head_baseILj0EP17RTC_HandleTypeDefLb0EEC2Ev
                0x0000000008001d74       0x1c ./Core/Src/main.o
                0x0000000008001d74                std::_Head_base<0u, RTC_HandleTypeDef*, false>::_Head_base()
                0x0000000008001d74                std::_Head_base<0u, RTC_HandleTypeDef*, false>::_Head_base()
 .text._ZNSt15__uniq_ptr_implI6AppArgSt14default_deleteIS0_EEC2EPS0_
                0x0000000008001d90       0x28 ./Core/Src/main.o
                0x0000000008001d90                std::__uniq_ptr_impl<AppArg, std::default_delete<AppArg> >::__uniq_ptr_impl(AppArg*)
                0x0000000008001d90                std::__uniq_ptr_impl<AppArg, std::default_delete<AppArg> >::__uniq_ptr_impl(AppArg*)
 .text._ZSt3getILj0EJP6AppArgSt14default_deleteIS0_EEERNSt13tuple_elementIXT_ESt5tupleIJDpT0_EEE4typeERS8_
                0x0000000008001db8       0x1a ./Core/Src/main.o
                0x0000000008001db8                std::tuple_element<0u, std::tuple<AppArg*, std::default_delete<AppArg> > >::type& std::get<0u, AppArg*, std::default_delete<AppArg> >(std::tuple<AppArg*, std::default_delete<AppArg> >&)
 .text._ZSt3getILj1EJP6AppArgSt14default_deleteIS0_EEERNSt13tuple_elementIXT_ESt5tupleIJDpT0_EEE4typeERS8_
                0x0000000008001dd2       0x18 ./Core/Src/main.o
                0x0000000008001dd2                std::tuple_element<1u, std::tuple<AppArg*, std::default_delete<AppArg> > >::type& std::get<1u, AppArg*, std::default_delete<AppArg> >(std::tuple<AppArg*, std::default_delete<AppArg> >&)
 .text._ZNSt15__uniq_ptr_implI8InputPinSt14default_deleteIS0_EEC2EPS0_
                0x0000000008001dea       0x28 ./Core/Src/main.o
                0x0000000008001dea                std::__uniq_ptr_impl<InputPin, std::default_delete<InputPin> >::__uniq_ptr_impl(InputPin*)
                0x0000000008001dea                std::__uniq_ptr_impl<InputPin, std::default_delete<InputPin> >::__uniq_ptr_impl(InputPin*)
 .text._ZSt3getILj0EJP8InputPinSt14default_deleteIS0_EEERNSt13tuple_elementIXT_ESt5tupleIJDpT0_EEE4typeERS8_
                0x0000000008001e12       0x1a ./Core/Src/main.o
                0x0000000008001e12                std::tuple_element<0u, std::tuple<InputPin*, std::default_delete<InputPin> > >::type& std::get<0u, InputPin*, std::default_delete<InputPin> >(std::tuple<InputPin*, std::default_delete<InputPin> >&)
 .text._ZSt3getILj1EJP8InputPinSt14default_deleteIS0_EEERNSt13tuple_elementIXT_ESt5tupleIJDpT0_EEE4typeERS8_
                0x0000000008001e2c       0x18 ./Core/Src/main.o
                0x0000000008001e2c                std::tuple_element<1u, std::tuple<InputPin*, std::default_delete<InputPin> > >::type& std::get<1u, InputPin*, std::default_delete<InputPin> >(std::tuple<InputPin*, std::default_delete<InputPin> >&)
 .text._ZNSt15__uniq_ptr_implI17RTC_HandleTypeDefSt14default_deleteIS0_EEC2EPS0_
                0x0000000008001e44       0x28 ./Core/Src/main.o
                0x0000000008001e44                std::__uniq_ptr_impl<RTC_HandleTypeDef, std::default_delete<RTC_HandleTypeDef> >::__uniq_ptr_impl(RTC_HandleTypeDef*)
                0x0000000008001e44                std::__uniq_ptr_impl<RTC_HandleTypeDef, std::default_delete<RTC_HandleTypeDef> >::__uniq_ptr_impl(RTC_HandleTypeDef*)
 .text._ZSt3getILj0EJP17RTC_HandleTypeDefSt14default_deleteIS0_EEERNSt13tuple_elementIXT_ESt5tupleIJDpT0_EEE4typeERS8_
                0x0000000008001e6c       0x1a ./Core/Src/main.o
                0x0000000008001e6c                std::tuple_element<0u, std::tuple<RTC_HandleTypeDef*, std::default_delete<RTC_HandleTypeDef> > >::type& std::get<0u, RTC_HandleTypeDef*, std::default_delete<RTC_HandleTypeDef> >(std::tuple<RTC_HandleTypeDef*, std::default_delete<RTC_HandleTypeDef> >&)
 .text._ZSt3getILj1EJP17RTC_HandleTypeDefSt14default_deleteIS0_EEERNSt13tuple_elementIXT_ESt5tupleIJDpT0_EEE4typeERS8_
                0x0000000008001e86       0x18 ./Core/Src/main.o
                0x0000000008001e86                std::tuple_element<1u, std::tuple<RTC_HandleTypeDef*, std::default_delete<RTC_HandleTypeDef> > >::type& std::get<1u, RTC_HandleTypeDef*, std::default_delete<RTC_HandleTypeDef> >(std::tuple<RTC_HandleTypeDef*, std::default_delete<RTC_HandleTypeDef> >&)
 .text._ZSt3getILj0EJP11ApplicationSt14default_deleteIS0_EEERNSt13tuple_elementIXT_ESt5tupleIJDpT0_EEE4typeERS8_
                0x0000000008001e9e       0x1a ./Core/Src/main.o
                0x0000000008001e9e                std::tuple_element<0u, std::tuple<Application*, std::default_delete<Application> > >::type& std::get<0u, Application*, std::default_delete<Application> >(std::tuple<Application*, std::default_delete<Application> >&)
 .text._ZNSt15__uniq_ptr_implI11ApplicationSt14default_deleteIS0_EE10_M_deleterEv
                0x0000000008001eb8       0x1a ./Core/Src/main.o
                0x0000000008001eb8                std::__uniq_ptr_impl<Application, std::default_delete<Application> >::_M_deleter()
 .text._ZSt3getILj0EJP6AppArgSt14default_deleteIS0_EEERKNSt13tuple_elementIXT_ESt5tupleIJDpT0_EEE4typeERKS8_
                0x0000000008001ed2       0x1a ./Core/Src/main.o
                0x0000000008001ed2                std::tuple_element<0u, std::tuple<AppArg*, std::default_delete<AppArg> > >::type const& std::get<0u, AppArg*, std::default_delete<AppArg> >(std::tuple<AppArg*, std::default_delete<AppArg> > const&)
 .text._ZNKSt15__uniq_ptr_implI11ApplicationSt14default_deleteIS0_EE6_M_ptrEv
                0x0000000008001eec       0x1c ./Core/Src/main.o
                0x0000000008001eec                std::__uniq_ptr_impl<Application, std::default_delete<Application> >::_M_ptr() const
 .text._ZNSt10_Head_baseILj1ESt14default_deleteI8InputPinELb1EEC2Ev
                0x0000000008001f08       0x16 ./Core/Src/main.o
                0x0000000008001f08                std::_Head_base<1u, std::default_delete<InputPin>, true>::_Head_base()
                0x0000000008001f08                std::_Head_base<1u, std::default_delete<InputPin>, true>::_Head_base()
 .text._ZNSt10_Head_baseILj1ESt14default_deleteI17RTC_HandleTypeDefELb1EEC2Ev
                0x0000000008001f1e       0x16 ./Core/Src/main.o
                0x0000000008001f1e                std::_Head_base<1u, std::default_delete<RTC_HandleTypeDef>, true>::_Head_base()
                0x0000000008001f1e                std::_Head_base<1u, std::default_delete<RTC_HandleTypeDef>, true>::_Head_base()
 .text._ZSt12__get_helperILj0EP6AppArgJSt14default_deleteIS0_EEERT0_RSt11_Tuple_implIXT_EJS4_DpT1_EE
                0x0000000008001f34       0x18 ./Core/Src/main.o
                0x0000000008001f34                AppArg*& std::__get_helper<0u, AppArg*, std::default_delete<AppArg> >(std::_Tuple_impl<0u, AppArg*, std::default_delete<AppArg> >&)
 .text._ZSt12__get_helperILj1ESt14default_deleteI6AppArgEJEERT0_RSt11_Tuple_implIXT_EJS3_DpT1_EE
                0x0000000008001f4c       0x18 ./Core/Src/main.o
                0x0000000008001f4c                std::default_delete<AppArg>& std::__get_helper<1u, std::default_delete<AppArg>>(std::_Tuple_impl<1u, std::default_delete<AppArg>>&)
 .text._ZSt12__get_helperILj0EP8InputPinJSt14default_deleteIS0_EEERT0_RSt11_Tuple_implIXT_EJS4_DpT1_EE
                0x0000000008001f64       0x18 ./Core/Src/main.o
                0x0000000008001f64                InputPin*& std::__get_helper<0u, InputPin*, std::default_delete<InputPin> >(std::_Tuple_impl<0u, InputPin*, std::default_delete<InputPin> >&)
 .text._ZSt12__get_helperILj1ESt14default_deleteI8InputPinEJEERT0_RSt11_Tuple_implIXT_EJS3_DpT1_EE
                0x0000000008001f7c       0x18 ./Core/Src/main.o
                0x0000000008001f7c                std::default_delete<InputPin>& std::__get_helper<1u, std::default_delete<InputPin>>(std::_Tuple_impl<1u, std::default_delete<InputPin>>&)
 .text._ZSt12__get_helperILj0EP17RTC_HandleTypeDefJSt14default_deleteIS0_EEERT0_RSt11_Tuple_implIXT_EJS4_DpT1_EE
                0x0000000008001f94       0x18 ./Core/Src/main.o
                0x0000000008001f94                RTC_HandleTypeDef*& std::__get_helper<0u, RTC_HandleTypeDef*, std::default_delete<RTC_HandleTypeDef> >(std::_Tuple_impl<0u, RTC_HandleTypeDef*, std::default_delete<RTC_HandleTypeDef> >&)
 .text._ZSt12__get_helperILj1ESt14default_deleteI17RTC_HandleTypeDefEJEERT0_RSt11_Tuple_implIXT_EJS3_DpT1_EE
                0x0000000008001fac       0x18 ./Core/Src/main.o
                0x0000000008001fac                std::default_delete<RTC_HandleTypeDef>& std::__get_helper<1u, std::default_delete<RTC_HandleTypeDef>>(std::_Tuple_impl<1u, std::default_delete<RTC_HandleTypeDef>>&)
 .text._ZSt12__get_helperILj0EP11ApplicationJSt14default_deleteIS0_EEERT0_RSt11_Tuple_implIXT_EJS4_DpT1_EE
                0x0000000008001fc4       0x18 ./Core/Src/main.o
                0x0000000008001fc4                Application*& std::__get_helper<0u, Application*, std::default_delete<Application> >(std::_Tuple_impl<0u, Application*, std::default_delete<Application> >&)
 .text._ZSt3getILj1EJP11ApplicationSt14default_deleteIS0_EEERNSt13tuple_elementIXT_ESt5tupleIJDpT0_EEE4typeERS8_
                0x0000000008001fdc       0x18 ./Core/Src/main.o
                0x0000000008001fdc                std::tuple_element<1u, std::tuple<Application*, std::default_delete<Application> > >::type& std::get<1u, Application*, std::default_delete<Application> >(std::tuple<Application*, std::default_delete<Application> >&)
 .text._ZSt12__get_helperILj0EP6AppArgJSt14default_deleteIS0_EEERKT0_RKSt11_Tuple_implIXT_EJS4_DpT1_EE
                0x0000000008001ff4       0x18 ./Core/Src/main.o
                0x0000000008001ff4                AppArg* const& std::__get_helper<0u, AppArg*, std::default_delete<AppArg> >(std::_Tuple_impl<0u, AppArg*, std::default_delete<AppArg> > const&)
 .text._ZSt3getILj0EJP11ApplicationSt14default_deleteIS0_EEERKNSt13tuple_elementIXT_ESt5tupleIJDpT0_EEE4typeERKS8_
                0x000000000800200c       0x1a ./Core/Src/main.o
                0x000000000800200c                std::tuple_element<0u, std::tuple<Application*, std::default_delete<Application> > >::type const& std::get<0u, Application*, std::default_delete<Application> >(std::tuple<Application*, std::default_delete<Application> > const&)
 .text._ZNSt11_Tuple_implILj0EJP6AppArgSt14default_deleteIS0_EEE7_M_headERS4_
                0x0000000008002026       0x1a ./Core/Src/main.o
                0x0000000008002026                std::_Tuple_impl<0u, AppArg*, std::default_delete<AppArg> >::_M_head(std::_Tuple_impl<0u, AppArg*, std::default_delete<AppArg> >&)
 .text._ZNSt11_Tuple_implILj1EJSt14default_deleteI6AppArgEEE7_M_headERS3_
                0x0000000008002040       0x18 ./Core/Src/main.o
                0x0000000008002040                std::_Tuple_impl<1u, std::default_delete<AppArg> >::_M_head(std::_Tuple_impl<1u, std::default_delete<AppArg> >&)
 .text._ZNSt11_Tuple_implILj0EJP8InputPinSt14default_deleteIS0_EEE7_M_headERS4_
                0x0000000008002058       0x1a ./Core/Src/main.o
                0x0000000008002058                std::_Tuple_impl<0u, InputPin*, std::default_delete<InputPin> >::_M_head(std::_Tuple_impl<0u, InputPin*, std::default_delete<InputPin> >&)
 .text._ZNSt11_Tuple_implILj1EJSt14default_deleteI8InputPinEEE7_M_headERS3_
                0x0000000008002072       0x18 ./Core/Src/main.o
                0x0000000008002072                std::_Tuple_impl<1u, std::default_delete<InputPin> >::_M_head(std::_Tuple_impl<1u, std::default_delete<InputPin> >&)
 .text._ZNSt11_Tuple_implILj0EJP17RTC_HandleTypeDefSt14default_deleteIS0_EEE7_M_headERS4_
                0x000000000800208a       0x1a ./Core/Src/main.o
                0x000000000800208a                std::_Tuple_impl<0u, RTC_HandleTypeDef*, std::default_delete<RTC_HandleTypeDef> >::_M_head(std::_Tuple_impl<0u, RTC_HandleTypeDef*, std::default_delete<RTC_HandleTypeDef> >&)
 .text._ZNSt11_Tuple_implILj1EJSt14default_deleteI17RTC_HandleTypeDefEEE7_M_headERS3_
                0x00000000080020a4       0x18 ./Core/Src/main.o
                0x00000000080020a4                std::_Tuple_impl<1u, std::default_delete<RTC_HandleTypeDef> >::_M_head(std::_Tuple_impl<1u, std::default_delete<RTC_HandleTypeDef> >&)
 .text._ZNSt11_Tuple_implILj0EJP11ApplicationSt14default_deleteIS0_EEE7_M_headERS4_
                0x00000000080020bc       0x1a ./Core/Src/main.o
                0x00000000080020bc                std::_Tuple_impl<0u, Application*, std::default_delete<Application> >::_M_head(std::_Tuple_impl<0u, Application*, std::default_delete<Application> >&)
 .text._ZSt12__get_helperILj1ESt14default_deleteI11ApplicationEJEERT0_RSt11_Tuple_implIXT_EJS3_DpT1_EE
                0x00000000080020d6       0x18 ./Core/Src/main.o
                0x00000000080020d6                std::default_delete<Application>& std::__get_helper<1u, std::default_delete<Application>>(std::_Tuple_impl<1u, std::default_delete<Application>>&)
 .text._ZNSt11_Tuple_implILj0EJP6AppArgSt14default_deleteIS0_EEE7_M_headERKS4_
                0x00000000080020ee       0x1a ./Core/Src/main.o
                0x00000000080020ee                std::_Tuple_impl<0u, AppArg*, std::default_delete<AppArg> >::_M_head(std::_Tuple_impl<0u, AppArg*, std::default_delete<AppArg> > const&)
 .text._ZSt12__get_helperILj0EP11ApplicationJSt14default_deleteIS0_EEERKT0_RKSt11_Tuple_implIXT_EJS4_DpT1_EE
                0x0000000008002108       0x18 ./Core/Src/main.o
                0x0000000008002108                Application* const& std::__get_helper<0u, Application*, std::default_delete<Application> >(std::_Tuple_impl<0u, Application*, std::default_delete<Application> > const&)
 .text._ZNSt10_Head_baseILj0EP6AppArgLb0EE7_M_headERS2_
                0x0000000008002120       0x16 ./Core/Src/main.o
                0x0000000008002120                std::_Head_base<0u, AppArg*, false>::_M_head(std::_Head_base<0u, AppArg*, false>&)
 .text._ZNSt10_Head_baseILj1ESt14default_deleteI6AppArgELb1EE7_M_headERS3_
                0x0000000008002136       0x16 ./Core/Src/main.o
                0x0000000008002136                std::_Head_base<1u, std::default_delete<AppArg>, true>::_M_head(std::_Head_base<1u, std::default_delete<AppArg>, true>&)
 .text._ZNSt10_Head_baseILj0EP8InputPinLb0EE7_M_headERS2_
                0x000000000800214c       0x16 ./Core/Src/main.o
                0x000000000800214c                std::_Head_base<0u, InputPin*, false>::_M_head(std::_Head_base<0u, InputPin*, false>&)
 .text._ZNSt10_Head_baseILj1ESt14default_deleteI8InputPinELb1EE7_M_headERS3_
                0x0000000008002162       0x16 ./Core/Src/main.o
                0x0000000008002162                std::_Head_base<1u, std::default_delete<InputPin>, true>::_M_head(std::_Head_base<1u, std::default_delete<InputPin>, true>&)
 .text._ZNSt10_Head_baseILj0EP17RTC_HandleTypeDefLb0EE7_M_headERS2_
                0x0000000008002178       0x16 ./Core/Src/main.o
                0x0000000008002178                std::_Head_base<0u, RTC_HandleTypeDef*, false>::_M_head(std::_Head_base<0u, RTC_HandleTypeDef*, false>&)
 .text._ZNSt10_Head_baseILj1ESt14default_deleteI17RTC_HandleTypeDefELb1EE7_M_headERS3_
                0x000000000800218e       0x16 ./Core/Src/main.o
                0x000000000800218e                std::_Head_base<1u, std::default_delete<RTC_HandleTypeDef>, true>::_M_head(std::_Head_base<1u, std::default_delete<RTC_HandleTypeDef>, true>&)
 .text._ZNSt10_Head_baseILj0EP11ApplicationLb0EE7_M_headERS2_
                0x00000000080021a4       0x16 ./Core/Src/main.o
                0x00000000080021a4                std::_Head_base<0u, Application*, false>::_M_head(std::_Head_base<0u, Application*, false>&)
 .text._ZNSt11_Tuple_implILj1EJSt14default_deleteI11ApplicationEEE7_M_headERS3_
                0x00000000080021ba       0x18 ./Core/Src/main.o
                0x00000000080021ba                std::_Tuple_impl<1u, std::default_delete<Application> >::_M_head(std::_Tuple_impl<1u, std::default_delete<Application> >&)
 .text._ZNSt10_Head_baseILj0EP6AppArgLb0EE7_M_headERKS2_
                0x00000000080021d2       0x16 ./Core/Src/main.o
                0x00000000080021d2                std::_Head_base<0u, AppArg*, false>::_M_head(std::_Head_base<0u, AppArg*, false> const&)
 .text._ZNSt11_Tuple_implILj0EJP11ApplicationSt14default_deleteIS0_EEE7_M_headERKS4_
                0x00000000080021e8       0x1a ./Core/Src/main.o
                0x00000000080021e8                std::_Tuple_impl<0u, Application*, std::default_delete<Application> >::_M_head(std::_Tuple_impl<0u, Application*, std::default_delete<Application> > const&)
 .text._ZNSt10_Head_baseILj1ESt14default_deleteI11ApplicationELb1EE7_M_headERS3_
                0x0000000008002202       0x16 ./Core/Src/main.o
                0x0000000008002202                std::_Head_base<1u, std::default_delete<Application>, true>::_M_head(std::_Head_base<1u, std::default_delete<Application>, true>&)
 .text._ZNSt10_Head_baseILj0EP11ApplicationLb0EE7_M_headERKS2_
                0x0000000008002218       0x16 ./Core/Src/main.o
                0x0000000008002218                std::_Head_base<0u, Application*, false>::_M_head(std::_Head_base<0u, Application*, false> const&)
 *fill*         0x000000000800222e        0x2 
 .text._Z41__static_initialization_and_destruction_0ii
                0x0000000008002230       0x2c ./Core/Src/main.o
 .text._GLOBAL__sub_I_hi2c3
                0x000000000800225c       0x10 ./Core/Src/main.o
 .text._GLOBAL__sub_D_hi2c3
                0x000000000800226c       0x10 ./Core/Src/main.o
 .text.HAL_MspInit
                0x000000000800227c       0x64 ./Core/Src/stm32l4xx_hal_msp.o
                0x000000000800227c                HAL_MspInit
 .text.HAL_I2C_MspInit
                0x00000000080022e0       0xf4 ./Core/Src/stm32l4xx_hal_msp.o
                0x00000000080022e0                HAL_I2C_MspInit
 .text.HAL_RTC_MspInit
                0x00000000080023d4       0x60 ./Core/Src/stm32l4xx_hal_msp.o
                0x00000000080023d4                HAL_RTC_MspInit
 .text.HAL_TIM_Base_MspInit
                0x0000000008002434       0x4c ./Core/Src/stm32l4xx_hal_msp.o
                0x0000000008002434                HAL_TIM_Base_MspInit
 .text.NMI_Handler
                0x0000000008002480        0x6 ./Core/Src/stm32l4xx_it.o
                0x0000000008002480                NMI_Handler
 .text.HardFault_Handler
                0x0000000008002486        0x6 ./Core/Src/stm32l4xx_it.o
                0x0000000008002486                HardFault_Handler
 .text.MemManage_Handler
                0x000000000800248c        0x6 ./Core/Src/stm32l4xx_it.o
                0x000000000800248c                MemManage_Handler
 .text.BusFault_Handler
                0x0000000008002492        0x6 ./Core/Src/stm32l4xx_it.o
                0x0000000008002492                BusFault_Handler
 .text.UsageFault_Handler
                0x0000000008002498        0x6 ./Core/Src/stm32l4xx_it.o
                0x0000000008002498                UsageFault_Handler
 .text.SVC_Handler
                0x000000000800249e        0xe ./Core/Src/stm32l4xx_it.o
                0x000000000800249e                SVC_Handler
 .text.DebugMon_Handler
                0x00000000080024ac        0xe ./Core/Src/stm32l4xx_it.o
                0x00000000080024ac                DebugMon_Handler
 .text.PendSV_Handler
                0x00000000080024ba        0xe ./Core/Src/stm32l4xx_it.o
                0x00000000080024ba                PendSV_Handler
 .text.SysTick_Handler
                0x00000000080024c8        0xc ./Core/Src/stm32l4xx_it.o
                0x00000000080024c8                SysTick_Handler
 .text.EXTI3_IRQHandler
                0x00000000080024d4       0x28 ./Core/Src/stm32l4xx_it.o
                0x00000000080024d4                EXTI3_IRQHandler
 .text.EXTI9_5_IRQHandler
                0x00000000080024fc       0x28 ./Core/Src/stm32l4xx_it.o
                0x00000000080024fc                EXTI9_5_IRQHandler
 .text.EXTI15_10_IRQHandler
                0x0000000008002524       0x28 ./Core/Src/stm32l4xx_it.o
                0x0000000008002524                EXTI15_10_IRQHandler
 .text.TIM6_DAC_IRQHandler
                0x000000000800254c       0x14 ./Core/Src/stm32l4xx_it.o
                0x000000000800254c                TIM6_DAC_IRQHandler
 .text._getpid  0x0000000008002560       0x10 ./Core/Src/syscalls.o
                0x0000000008002560                _getpid
 .text._kill    0x0000000008002570       0x20 ./Core/Src/syscalls.o
                0x0000000008002570                _kill
 .text._exit    0x0000000008002590       0x14 ./Core/Src/syscalls.o
                0x0000000008002590                _exit
 .text._sbrk    0x00000000080025a4       0x6c ./Core/Src/sysmem.o
                0x00000000080025a4                _sbrk
 .text.SystemInit
                0x0000000008002610       0x24 ./Core/Src/system_stm32l4xx.o
                0x0000000008002610                SystemInit
 .text.Reset_Handler
                0x0000000008002634       0x50 ./Core/Startup/startup_stm32l431cctx.o
                0x0000000008002634                Reset_Handler
 .text.Default_Handler
                0x0000000008002684        0x2 ./Core/Startup/startup_stm32l431cctx.o
                0x0000000008002684                RTC_Alarm_IRQHandler
                0x0000000008002684                EXTI2_IRQHandler
                0x0000000008002684                TIM1_CC_IRQHandler
                0x0000000008002684                TSC_IRQHandler
                0x0000000008002684                TAMP_STAMP_IRQHandler
                0x0000000008002684                LPTIM2_IRQHandler
                0x0000000008002684                I2C3_ER_IRQHandler
                0x0000000008002684                EXTI0_IRQHandler
                0x0000000008002684                I2C2_EV_IRQHandler
                0x0000000008002684                CAN1_RX0_IRQHandler
                0x0000000008002684                FPU_IRQHandler
                0x0000000008002684                TIM1_UP_TIM16_IRQHandler
                0x0000000008002684                SPI1_IRQHandler
                0x0000000008002684                DMA2_Channel2_IRQHandler
                0x0000000008002684                DMA1_Channel4_IRQHandler
                0x0000000008002684                ADC1_IRQHandler
                0x0000000008002684                USART3_IRQHandler
                0x0000000008002684                DMA1_Channel7_IRQHandler
                0x0000000008002684                CAN1_RX1_IRQHandler
                0x0000000008002684                DMA2_Channel1_IRQHandler
                0x0000000008002684                QUADSPI_IRQHandler
                0x0000000008002684                I2C1_EV_IRQHandler
                0x0000000008002684                DMA1_Channel6_IRQHandler
                0x0000000008002684                DMA2_Channel4_IRQHandler
                0x0000000008002684                RCC_IRQHandler
                0x0000000008002684                TIM1_TRG_COM_IRQHandler
                0x0000000008002684                DMA1_Channel1_IRQHandler
                0x0000000008002684                Default_Handler
                0x0000000008002684                DMA2_Channel7_IRQHandler
                0x0000000008002684                TIM7_IRQHandler
                0x0000000008002684                SDMMC1_IRQHandler
                0x0000000008002684                I2C3_EV_IRQHandler
                0x0000000008002684                RTC_WKUP_IRQHandler
                0x0000000008002684                PVD_PVM_IRQHandler
                0x0000000008002684                SPI2_IRQHandler
                0x0000000008002684                CAN1_TX_IRQHandler
                0x0000000008002684                DMA2_Channel5_IRQHandler
                0x0000000008002684                CRS_IRQHandler
                0x0000000008002684                DMA1_Channel5_IRQHandler
                0x0000000008002684                EXTI4_IRQHandler
                0x0000000008002684                RNG_IRQHandler
                0x0000000008002684                DMA1_Channel3_IRQHandler
                0x0000000008002684                COMP_IRQHandler
                0x0000000008002684                WWDG_IRQHandler
                0x0000000008002684                LPUART1_IRQHandler
                0x0000000008002684                DMA2_Channel6_IRQHandler
                0x0000000008002684                TIM2_IRQHandler
                0x0000000008002684                EXTI1_IRQHandler
                0x0000000008002684                USART2_IRQHandler
                0x0000000008002684                I2C2_ER_IRQHandler
                0x0000000008002684                DMA1_Channel2_IRQHandler
                0x0000000008002684                CAN1_SCE_IRQHandler
                0x0000000008002684                FLASH_IRQHandler
                0x0000000008002684                USART1_IRQHandler
                0x0000000008002684                SPI3_IRQHandler
                0x0000000008002684                I2C1_ER_IRQHandler
                0x0000000008002684                SWPMI1_IRQHandler
                0x0000000008002684                LPTIM1_IRQHandler
                0x0000000008002684                SAI1_IRQHandler
                0x0000000008002684                DMA2_Channel3_IRQHandler
                0x0000000008002684                TIM1_BRK_TIM15_IRQHandler
 .text.HAL_Init
                0x0000000008002686       0x30 ./Drivers/STM32L4xx_HAL_Driver/Src/stm32l4xx_hal.o
                0x0000000008002686                HAL_Init
 *fill*         0x00000000080026b6        0x2 
 .text.HAL_InitTick
                0x00000000080026b8       0x78 ./Drivers/STM32L4xx_HAL_Driver/Src/stm32l4xx_hal.o
                0x00000000080026b8                HAL_InitTick
 .text.HAL_IncTick
                0x0000000008002730       0x28 ./Drivers/STM32L4xx_HAL_Driver/Src/stm32l4xx_hal.o
                0x0000000008002730                HAL_IncTick
 .text.HAL_GetTick
                0x0000000008002758       0x18 ./Drivers/STM32L4xx_HAL_Driver/Src/stm32l4xx_hal.o
                0x0000000008002758                HAL_GetTick
 .text.HAL_Delay
                0x0000000008002770       0x48 ./Drivers/STM32L4xx_HAL_Driver/Src/stm32l4xx_hal.o
                0x0000000008002770                HAL_Delay
 .text.__NVIC_SetPriorityGrouping
                0x00000000080027b8       0x48 ./Drivers/STM32L4xx_HAL_Driver/Src/stm32l4xx_hal_cortex.o
 .text.__NVIC_GetPriorityGrouping
                0x0000000008002800       0x1c ./Drivers/STM32L4xx_HAL_Driver/Src/stm32l4xx_hal_cortex.o
 .text.__NVIC_EnableIRQ
                0x000000000800281c       0x3c ./Drivers/STM32L4xx_HAL_Driver/Src/stm32l4xx_hal_cortex.o
 .text.__NVIC_SetPriority
                0x0000000008002858       0x54 ./Drivers/STM32L4xx_HAL_Driver/Src/stm32l4xx_hal_cortex.o
 .text.NVIC_EncodePriority
                0x00000000080028ac       0x66 ./Drivers/STM32L4xx_HAL_Driver/Src/stm32l4xx_hal_cortex.o
 *fill*         0x0000000008002912        0x2 
 .text.SysTick_Config
                0x0000000008002914       0x44 ./Drivers/STM32L4xx_HAL_Driver/Src/stm32l4xx_hal_cortex.o
 .text.HAL_NVIC_SetPriorityGrouping
                0x0000000008002958       0x16 ./Drivers/STM32L4xx_HAL_Driver/Src/stm32l4xx_hal_cortex.o
                0x0000000008002958                HAL_NVIC_SetPriorityGrouping
 .text.HAL_NVIC_SetPriority
                0x000000000800296e       0x38 ./Drivers/STM32L4xx_HAL_Driver/Src/stm32l4xx_hal_cortex.o
                0x000000000800296e                HAL_NVIC_SetPriority
 .text.HAL_NVIC_EnableIRQ
                0x00000000080029a6       0x1c ./Drivers/STM32L4xx_HAL_Driver/Src/stm32l4xx_hal_cortex.o
                0x00000000080029a6                HAL_NVIC_EnableIRQ
 .text.HAL_SYSTICK_Config
                0x00000000080029c2       0x18 ./Drivers/STM32L4xx_HAL_Driver/Src/stm32l4xx_hal_cortex.o
                0x00000000080029c2                HAL_SYSTICK_Config
 *fill*         0x00000000080029da        0x2 
 .text.HAL_GPIO_Init
                0x00000000080029dc      0x2f4 ./Drivers/STM32L4xx_HAL_Driver/Src/stm32l4xx_hal_gpio.o
                0x00000000080029dc                HAL_GPIO_Init
 .text.HAL_GPIO_ReadPin
                0x0000000008002cd0       0x30 ./Drivers/STM32L4xx_HAL_Driver/Src/stm32l4xx_hal_gpio.o
                0x0000000008002cd0                HAL_GPIO_ReadPin
 .text.HAL_GPIO_WritePin
                0x0000000008002d00       0x30 ./Drivers/STM32L4xx_HAL_Driver/Src/stm32l4xx_hal_gpio.o
                0x0000000008002d00                HAL_GPIO_WritePin
 .text.HAL_GPIO_EXTI_IRQHandler
                0x0000000008002d30       0x30 ./Drivers/STM32L4xx_HAL_Driver/Src/stm32l4xx_hal_gpio.o
                0x0000000008002d30                HAL_GPIO_EXTI_IRQHandler
 .text.HAL_GPIO_EXTI_Callback
                0x0000000008002d60       0x16 ./Drivers/STM32L4xx_HAL_Driver/Src/stm32l4xx_hal_gpio.o
                0x0000000008002d60                HAL_GPIO_EXTI_Callback
 .text.HAL_I2C_Init
                0x0000000008002d76      0x136 ./Drivers/STM32L4xx_HAL_Driver/Src/stm32l4xx_hal_i2c.o
                0x0000000008002d76                HAL_I2C_Init
 .text.HAL_I2CEx_ConfigAnalogFilter
                0x0000000008002eac       0x96 ./Drivers/STM32L4xx_HAL_Driver/Src/stm32l4xx_hal_i2c_ex.o
                0x0000000008002eac                HAL_I2CEx_ConfigAnalogFilter
 .text.HAL_I2CEx_ConfigDigitalFilter
                0x0000000008002f42       0x98 ./Drivers/STM32L4xx_HAL_Driver/Src/stm32l4xx_hal_i2c_ex.o
                0x0000000008002f42                HAL_I2CEx_ConfigDigitalFilter
 *fill*         0x0000000008002fda        0x2 
 .text.HAL_PWR_EnableBkUpAccess
                0x0000000008002fdc       0x20 ./Drivers/STM32L4xx_HAL_Driver/Src/stm32l4xx_hal_pwr.o
                0x0000000008002fdc                HAL_PWR_EnableBkUpAccess
 .text.HAL_PWR_ConfigPVD
                0x0000000008002ffc       0xc0 ./Drivers/STM32L4xx_HAL_Driver/Src/stm32l4xx_hal_pwr.o
                0x0000000008002ffc                HAL_PWR_ConfigPVD
 .text.HAL_PWR_EnablePVD
                0x00000000080030bc       0x20 ./Drivers/STM32L4xx_HAL_Driver/Src/stm32l4xx_hal_pwr.o
                0x00000000080030bc                HAL_PWR_EnablePVD
 .text.HAL_PWREx_GetVoltageRange
                0x00000000080030dc       0x1c ./Drivers/STM32L4xx_HAL_Driver/Src/stm32l4xx_hal_pwr_ex.o
                0x00000000080030dc                HAL_PWREx_GetVoltageRange
 .text.HAL_PWREx_ControlVoltageScaling
                0x00000000080030f8       0xac ./Drivers/STM32L4xx_HAL_Driver/Src/stm32l4xx_hal_pwr_ex.o
                0x00000000080030f8                HAL_PWREx_ControlVoltageScaling
 .text.HAL_PWREx_EnterSTOP2Mode
                0x00000000080031a4       0x58 ./Drivers/STM32L4xx_HAL_Driver/Src/stm32l4xx_hal_pwr_ex.o
                0x00000000080031a4                HAL_PWREx_EnterSTOP2Mode
 .text.HAL_RCC_OscConfig
                0x00000000080031fc      0x828 ./Drivers/STM32L4xx_HAL_Driver/Src/stm32l4xx_hal_rcc.o
                0x00000000080031fc                HAL_RCC_OscConfig
 .text.HAL_RCC_ClockConfig
                0x0000000008003a24      0x200 ./Drivers/STM32L4xx_HAL_Driver/Src/stm32l4xx_hal_rcc.o
                0x0000000008003a24                HAL_RCC_ClockConfig
 .text.HAL_RCC_GetSysClockFreq
                0x0000000008003c24      0x118 ./Drivers/STM32L4xx_HAL_Driver/Src/stm32l4xx_hal_rcc.o
                0x0000000008003c24                HAL_RCC_GetSysClockFreq
 .text.RCC_SetFlashLatencyFromMSIRange
                0x0000000008003d3c       0xc0 ./Drivers/STM32L4xx_HAL_Driver/Src/stm32l4xx_hal_rcc.o
 .text.HAL_RCCEx_PeriphCLKConfig
                0x0000000008003dfc      0x430 ./Drivers/STM32L4xx_HAL_Driver/Src/stm32l4xx_hal_rcc_ex.o
                0x0000000008003dfc                HAL_RCCEx_PeriphCLKConfig
 .text.RCCEx_PLLSAI1_Config
                0x000000000800422c      0x1e4 ./Drivers/STM32L4xx_HAL_Driver/Src/stm32l4xx_hal_rcc_ex.o
 .text.HAL_RTC_Init
                0x0000000008004410      0x110 ./Drivers/STM32L4xx_HAL_Driver/Src/stm32l4xx_hal_rtc.o
                0x0000000008004410                HAL_RTC_Init
 .text.HAL_RTC_SetTime
                0x0000000008004520      0x13a ./Drivers/STM32L4xx_HAL_Driver/Src/stm32l4xx_hal_rtc.o
                0x0000000008004520                HAL_RTC_SetTime
 .text.HAL_RTC_GetTime
                0x000000000800465a       0xb8 ./Drivers/STM32L4xx_HAL_Driver/Src/stm32l4xx_hal_rtc.o
                0x000000000800465a                HAL_RTC_GetTime
 .text.HAL_RTC_GetDate
                0x0000000008004712       0x9a ./Drivers/STM32L4xx_HAL_Driver/Src/stm32l4xx_hal_rtc.o
                0x0000000008004712                HAL_RTC_GetDate
 .text.HAL_RTC_WaitForSynchro
                0x00000000080047ac       0x48 ./Drivers/STM32L4xx_HAL_Driver/Src/stm32l4xx_hal_rtc.o
                0x00000000080047ac                HAL_RTC_WaitForSynchro
 .text.RTC_EnterInitMode
                0x00000000080047f4       0x66 ./Drivers/STM32L4xx_HAL_Driver/Src/stm32l4xx_hal_rtc.o
                0x00000000080047f4                RTC_EnterInitMode
 *fill*         0x000000000800485a        0x2 
 .text.RTC_ExitInitMode
                0x000000000800485c       0x7c ./Drivers/STM32L4xx_HAL_Driver/Src/stm32l4xx_hal_rtc.o
                0x000000000800485c                RTC_ExitInitMode
 .text.RTC_ByteToBcd2
                0x00000000080048d8       0x40 ./Drivers/STM32L4xx_HAL_Driver/Src/stm32l4xx_hal_rtc.o
                0x00000000080048d8                RTC_ByteToBcd2
 .text.RTC_Bcd2ToByte
                0x0000000008004918       0x34 ./Drivers/STM32L4xx_HAL_Driver/Src/stm32l4xx_hal_rtc.o
                0x0000000008004918                RTC_Bcd2ToByte
 .text.HAL_TIM_Base_Init
                0x000000000800494c       0xae ./Drivers/STM32L4xx_HAL_Driver/Src/stm32l4xx_hal_tim.o
                0x000000000800494c                HAL_TIM_Base_Init
 *fill*         0x00000000080049fa        0x2 
 .text.HAL_TIM_Base_Start_IT
                0x00000000080049fc       0xa8 ./Drivers/STM32L4xx_HAL_Driver/Src/stm32l4xx_hal_tim.o
                0x00000000080049fc                HAL_TIM_Base_Start_IT
 .text.HAL_TIM_Base_Stop_IT
                0x0000000008004aa4       0x5e ./Drivers/STM32L4xx_HAL_Driver/Src/stm32l4xx_hal_tim.o
                0x0000000008004aa4                HAL_TIM_Base_Stop_IT
 .text.HAL_TIM_IRQHandler
                0x0000000008004b02      0x204 ./Drivers/STM32L4xx_HAL_Driver/Src/stm32l4xx_hal_tim.o
                0x0000000008004b02                HAL_TIM_IRQHandler
 .text.HAL_TIM_OC_DelayElapsedCallback
                0x0000000008004d06       0x14 ./Drivers/STM32L4xx_HAL_Driver/Src/stm32l4xx_hal_tim.o
                0x0000000008004d06                HAL_TIM_OC_DelayElapsedCallback
 .text.HAL_TIM_IC_CaptureCallback
                0x0000000008004d1a       0x14 ./Drivers/STM32L4xx_HAL_Driver/Src/stm32l4xx_hal_tim.o
                0x0000000008004d1a                HAL_TIM_IC_CaptureCallback
 .text.HAL_TIM_PWM_PulseFinishedCallback
                0x0000000008004d2e       0x14 ./Drivers/STM32L4xx_HAL_Driver/Src/stm32l4xx_hal_tim.o
                0x0000000008004d2e                HAL_TIM_PWM_PulseFinishedCallback
 .text.HAL_TIM_TriggerCallback
                0x0000000008004d42       0x14 ./Drivers/STM32L4xx_HAL_Driver/Src/stm32l4xx_hal_tim.o
                0x0000000008004d42                HAL_TIM_TriggerCallback
 *fill*         0x0000000008004d56        0x2 
 .text.TIM_Base_SetConfig
                0x0000000008004d58       0xc8 ./Drivers/STM32L4xx_HAL_Driver/Src/stm32l4xx_hal_tim.o
                0x0000000008004d58                TIM_Base_SetConfig
 .text.HAL_TIMEx_MasterConfigSynchronization
                0x0000000008004e20       0xcc ./Drivers/STM32L4xx_HAL_Driver/Src/stm32l4xx_hal_tim_ex.o
                0x0000000008004e20                HAL_TIMEx_MasterConfigSynchronization
 .text.HAL_TIMEx_CommutCallback
                0x0000000008004eec       0x14 ./Drivers/STM32L4xx_HAL_Driver/Src/stm32l4xx_hal_tim_ex.o
                0x0000000008004eec                HAL_TIMEx_CommutCallback
 .text.HAL_TIMEx_BreakCallback
                0x0000000008004f00       0x14 ./Drivers/STM32L4xx_HAL_Driver/Src/stm32l4xx_hal_tim_ex.o
                0x0000000008004f00                HAL_TIMEx_BreakCallback
 .text.HAL_TIMEx_Break2Callback
                0x0000000008004f14       0x14 ./Drivers/STM32L4xx_HAL_Driver/Src/stm32l4xx_hal_tim_ex.o
                0x0000000008004f14                HAL_TIMEx_Break2Callback
 .text._ZdlPvj  0x0000000008004f28        0x4 C:/ST/STM32CubeIDE_1.14.0/STM32CubeIDE/plugins/com.st.stm32cube.ide.mcu.externaltools.gnu-tools-for-stm32.11.3.rel1.win32_1.1.100.202309141235/tools/bin/../lib/gcc/arm-none-eabi/11.3.1/../../../../arm-none-eabi/lib/thumb/v7e-m+fp/hard\libstdc++_nano.a(del_ops.o)
                0x0000000008004f28                operator delete(void*, unsigned int)
 .text._Znwj    0x0000000008004f2c       0x22 C:/ST/STM32CubeIDE_1.14.0/STM32CubeIDE/plugins/com.st.stm32cube.ide.mcu.externaltools.gnu-tools-for-stm32.11.3.rel1.win32_1.1.100.202309141235/tools/bin/../lib/gcc/arm-none-eabi/11.3.1/../../../../arm-none-eabi/lib/thumb/v7e-m+fp/hard\libstdc++_nano.a(new_op.o)
                0x0000000008004f2c                operator new(unsigned int)
 .text._ZdlPv   0x0000000008004f4e        0x4 C:/ST/STM32CubeIDE_1.14.0/STM32CubeIDE/plugins/com.st.stm32cube.ide.mcu.externaltools.gnu-tools-for-stm32.11.3.rel1.win32_1.1.100.202309141235/tools/bin/../lib/gcc/arm-none-eabi/11.3.1/../../../../arm-none-eabi/lib/thumb/v7e-m+fp/hard\libstdc++_nano.a(del_op.o)
                0x0000000008004f4e                operator delete(void*)
 *fill*         0x0000000008004f52        0x2 
 .text._ZSt15get_new_handlerv
                0x0000000008004f54       0x10 C:/ST/STM32CubeIDE_1.14.0/STM32CubeIDE/plugins/com.st.stm32cube.ide.mcu.externaltools.gnu-tools-for-stm32.11.3.rel1.win32_1.1.100.202309141235/tools/bin/../lib/gcc/arm-none-eabi/11.3.1/../../../../arm-none-eabi/lib/thumb/v7e-m+fp/hard\libstdc++_nano.a(new_handler.o)
                0x0000000008004f54                std::get_new_handler()
 .text.abort    0x0000000008004f64        0xe C:/ST/STM32CubeIDE_1.14.0/STM32CubeIDE/plugins/com.st.stm32cube.ide.mcu.externaltools.gnu-tools-for-stm32.11.3.rel1.win32_1.1.100.202309141235/tools/bin/../lib/gcc/arm-none-eabi/11.3.1/../../../../arm-none-eabi/lib/thumb/v7e-m+fp/hard\libc_nano.a(libc_a-abort.o)
                0x0000000008004f64                abort
 *fill*         0x0000000008004f72        0x2 
 .text.malloc   0x0000000008004f74       0x10 C:/ST/STM32CubeIDE_1.14.0/STM32CubeIDE/plugins/com.st.stm32cube.ide.mcu.externaltools.gnu-tools-for-stm32.11.3.rel1.win32_1.1.100.202309141235/tools/bin/../lib/gcc/arm-none-eabi/11.3.1/../../../../arm-none-eabi/lib/thumb/v7e-m+fp/hard\libc_nano.a(libc_a-malloc.o)
                0x0000000008004f74                malloc
 .text.free     0x0000000008004f84       0x10 C:/ST/STM32CubeIDE_1.14.0/STM32CubeIDE/plugins/com.st.stm32cube.ide.mcu.externaltools.gnu-tools-for-stm32.11.3.rel1.win32_1.1.100.202309141235/tools/bin/../lib/gcc/arm-none-eabi/11.3.1/../../../../arm-none-eabi/lib/thumb/v7e-m+fp/hard\libc_nano.a(libc_a-malloc.o)
                0x0000000008004f84                free
 .text.sbrk_aligned
                0x0000000008004f94       0x40 C:/ST/STM32CubeIDE_1.14.0/STM32CubeIDE/plugins/com.st.stm32cube.ide.mcu.externaltools.gnu-tools-for-stm32.11.3.rel1.win32_1.1.100.202309141235/tools/bin/../lib/gcc/arm-none-eabi/11.3.1/../../../../arm-none-eabi/lib/thumb/v7e-m+fp/hard\libc_nano.a(libc_a-mallocr.o)
 .text._malloc_r
                0x0000000008004fd4      0x100 C:/ST/STM32CubeIDE_1.14.0/STM32CubeIDE/plugins/com.st.stm32cube.ide.mcu.externaltools.gnu-tools-for-stm32.11.3.rel1.win32_1.1.100.202309141235/tools/bin/../lib/gcc/arm-none-eabi/11.3.1/../../../../arm-none-eabi/lib/thumb/v7e-m+fp/hard\libc_nano.a(libc_a-mallocr.o)
                0x0000000008004fd4                _malloc_r
 .text.__malloc_lock
                0x00000000080050d4        0xc C:/ST/STM32CubeIDE_1.14.0/STM32CubeIDE/plugins/com.st.stm32cube.ide.mcu.externaltools.gnu-tools-for-stm32.11.3.rel1.win32_1.1.100.202309141235/tools/bin/../lib/gcc/arm-none-eabi/11.3.1/../../../../arm-none-eabi/lib/thumb/v7e-m+fp/hard\libc_nano.a(libc_a-mlock.o)
                0x00000000080050d4                __malloc_lock
 .text.__malloc_unlock
                0x00000000080050e0        0xc C:/ST/STM32CubeIDE_1.14.0/STM32CubeIDE/plugins/com.st.stm32cube.ide.mcu.externaltools.gnu-tools-for-stm32.11.3.rel1.win32_1.1.100.202309141235/tools/bin/../lib/gcc/arm-none-eabi/11.3.1/../../../../arm-none-eabi/lib/thumb/v7e-m+fp/hard\libc_nano.a(libc_a-mlock.o)
                0x00000000080050e0                __malloc_unlock
 .text.memset   0x00000000080050ec       0x10 C:/ST/STM32CubeIDE_1.14.0/STM32CubeIDE/plugins/com.st.stm32cube.ide.mcu.externaltools.gnu-tools-for-stm32.11.3.rel1.win32_1.1.100.202309141235/tools/bin/../lib/gcc/arm-none-eabi/11.3.1/../../../../arm-none-eabi/lib/thumb/v7e-m+fp/hard\libc_nano.a(libc_a-memset.o)
                0x00000000080050ec                memset
 .text._raise_r
                0x00000000080050fc       0x50 C:/ST/STM32CubeIDE_1.14.0/STM32CubeIDE/plugins/com.st.stm32cube.ide.mcu.externaltools.gnu-tools-for-stm32.11.3.rel1.win32_1.1.100.202309141235/tools/bin/../lib/gcc/arm-none-eabi/11.3.1/../../../../arm-none-eabi/lib/thumb/v7e-m+fp/hard\libc_nano.a(libc_a-signal.o)
                0x00000000080050fc                _raise_r
 .text.raise    0x000000000800514c       0x10 C:/ST/STM32CubeIDE_1.14.0/STM32CubeIDE/plugins/com.st.stm32cube.ide.mcu.externaltools.gnu-tools-for-stm32.11.3.rel1.win32_1.1.100.202309141235/tools/bin/../lib/gcc/arm-none-eabi/11.3.1/../../../../arm-none-eabi/lib/thumb/v7e-m+fp/hard\libc_nano.a(libc_a-signal.o)
                0x000000000800514c                raise
 .text._kill_r  0x000000000800515c       0x24 C:/ST/STM32CubeIDE_1.14.0/STM32CubeIDE/plugins/com.st.stm32cube.ide.mcu.externaltools.gnu-tools-for-stm32.11.3.rel1.win32_1.1.100.202309141235/tools/bin/../lib/gcc/arm-none-eabi/11.3.1/../../../../arm-none-eabi/lib/thumb/v7e-m+fp/hard\libc_nano.a(libc_a-signalr.o)
                0x000000000800515c                _kill_r
 .text._getpid_r
                0x0000000008005180        0x4 C:/ST/STM32CubeIDE_1.14.0/STM32CubeIDE/plugins/com.st.stm32cube.ide.mcu.externaltools.gnu-tools-for-stm32.11.3.rel1.win32_1.1.100.202309141235/tools/bin/../lib/gcc/arm-none-eabi/11.3.1/../../../../arm-none-eabi/lib/thumb/v7e-m+fp/hard\libc_nano.a(libc_a-signalr.o)
                0x0000000008005180                _getpid_r
 .text._sbrk_r  0x0000000008005184       0x20 C:/ST/STM32CubeIDE_1.14.0/STM32CubeIDE/plugins/com.st.stm32cube.ide.mcu.externaltools.gnu-tools-for-stm32.11.3.rel1.win32_1.1.100.202309141235/tools/bin/../lib/gcc/arm-none-eabi/11.3.1/../../../../arm-none-eabi/lib/thumb/v7e-m+fp/hard\libc_nano.a(libc_a-sbrkr.o)
                0x0000000008005184                _sbrk_r
 .text.__errno  0x00000000080051a4        0xc C:/ST/STM32CubeIDE_1.14.0/STM32CubeIDE/plugins/com.st.stm32cube.ide.mcu.externaltools.gnu-tools-for-stm32.11.3.rel1.win32_1.1.100.202309141235/tools/bin/../lib/gcc/arm-none-eabi/11.3.1/../../../../arm-none-eabi/lib/thumb/v7e-m+fp/hard\libc_nano.a(libc_a-errno.o)
                0x00000000080051a4                __errno
 .text.__libc_init_array
                0x00000000080051b0       0x48 C:/ST/STM32CubeIDE_1.14.0/STM32CubeIDE/plugins/com.st.stm32cube.ide.mcu.externaltools.gnu-tools-for-stm32.11.3.rel1.win32_1.1.100.202309141235/tools/bin/../lib/gcc/arm-none-eabi/11.3.1/../../../../arm-none-eabi/lib/thumb/v7e-m+fp/hard\libc_nano.a(libc_a-init.o)
                0x00000000080051b0                __libc_init_array
 .text.__retarget_lock_acquire_recursive
                0x00000000080051f8        0x2 C:/ST/STM32CubeIDE_1.14.0/STM32CubeIDE/plugins/com.st.stm32cube.ide.mcu.externaltools.gnu-tools-for-stm32.11.3.rel1.win32_1.1.100.202309141235/tools/bin/../lib/gcc/arm-none-eabi/11.3.1/../../../../arm-none-eabi/lib/thumb/v7e-m+fp/hard\libc_nano.a(libc_a-lock.o)
                0x00000000080051f8                __retarget_lock_acquire_recursive
 .text.__retarget_lock_release_recursive
                0x00000000080051fa        0x2 C:/ST/STM32CubeIDE_1.14.0/STM32CubeIDE/plugins/com.st.stm32cube.ide.mcu.externaltools.gnu-tools-for-stm32.11.3.rel1.win32_1.1.100.202309141235/tools/bin/../lib/gcc/arm-none-eabi/11.3.1/../../../../arm-none-eabi/lib/thumb/v7e-m+fp/hard\libc_nano.a(libc_a-lock.o)
                0x00000000080051fa                __retarget_lock_release_recursive
 .text._free_r  0x00000000080051fc       0x98 C:/ST/STM32CubeIDE_1.14.0/STM32CubeIDE/plugins/com.st.stm32cube.ide.mcu.externaltools.gnu-tools-for-stm32.11.3.rel1.win32_1.1.100.202309141235/tools/bin/../lib/gcc/arm-none-eabi/11.3.1/../../../../arm-none-eabi/lib/thumb/v7e-m+fp/hard\libc_nano.a(libc_a-freer.o)
                0x00000000080051fc                _free_r
 *(.glue_7)
 .glue_7        0x0000000008005294        0x0 linker stubs
 *(.glue_7t)
 .glue_7t       0x0000000008005294        0x0 linker stubs
 *(.eh_frame)
 .eh_frame      0x0000000008005294        0x0 C:/ST/STM32CubeIDE_1.14.0/STM32CubeIDE/plugins/com.st.stm32cube.ide.mcu.externaltools.gnu-tools-for-stm32.11.3.rel1.win32_1.1.100.202309141235/tools/bin/../lib/gcc/arm-none-eabi/11.3.1/thumb/v7e-m+fp/hard/crtbegin.o
 *(.init)
 .init          0x0000000008005294        0x4 C:/ST/STM32CubeIDE_1.14.0/STM32CubeIDE/plugins/com.st.stm32cube.ide.mcu.externaltools.gnu-tools-for-stm32.11.3.rel1.win32_1.1.100.202309141235/tools/bin/../lib/gcc/arm-none-eabi/11.3.1/thumb/v7e-m+fp/hard/crti.o
                0x0000000008005294                _init
 .init          0x0000000008005298        0x8 C:/ST/STM32CubeIDE_1.14.0/STM32CubeIDE/plugins/com.st.stm32cube.ide.mcu.externaltools.gnu-tools-for-stm32.11.3.rel1.win32_1.1.100.202309141235/tools/bin/../lib/gcc/arm-none-eabi/11.3.1/thumb/v7e-m+fp/hard/crtn.o
 *(.fini)
 .fini          0x00000000080052a0        0x4 C:/ST/STM32CubeIDE_1.14.0/STM32CubeIDE/plugins/com.st.stm32cube.ide.mcu.externaltools.gnu-tools-for-stm32.11.3.rel1.win32_1.1.100.202309141235/tools/bin/../lib/gcc/arm-none-eabi/11.3.1/thumb/v7e-m+fp/hard/crti.o
                0x00000000080052a0                _fini
 .fini          0x00000000080052a4        0x8 C:/ST/STM32CubeIDE_1.14.0/STM32CubeIDE/plugins/com.st.stm32cube.ide.mcu.externaltools.gnu-tools-for-stm32.11.3.rel1.win32_1.1.100.202309141235/tools/bin/../lib/gcc/arm-none-eabi/11.3.1/thumb/v7e-m+fp/hard/crtn.o
                0x00000000080052ac                . = ALIGN (0x4)
                0x00000000080052ac                _etext = .

.vfp11_veneer   0x00000000080052ac        0x0
 .vfp11_veneer  0x00000000080052ac        0x0 linker stubs

.v4_bx          0x00000000080052ac        0x0
 .v4_bx         0x00000000080052ac        0x0 linker stubs

.iplt           0x00000000080052ac        0x0
 .iplt          0x00000000080052ac        0x0 C:/ST/STM32CubeIDE_1.14.0/STM32CubeIDE/plugins/com.st.stm32cube.ide.mcu.externaltools.gnu-tools-for-stm32.11.3.rel1.win32_1.1.100.202309141235/tools/bin/../lib/gcc/arm-none-eabi/11.3.1/thumb/v7e-m+fp/hard/crtbegin.o

.rodata         0x00000000080052ac       0x64
                0x00000000080052ac                . = ALIGN (0x4)
 *(.rodata)
 *(.rodata*)
 .rodata._ZTV11AdjustClock
                0x00000000080052ac        0xc ./Core/IamSrc/AdjustClock.o
                0x00000000080052ac                vtable for AdjustClock
 .rodata._ZTV11Application
                0x00000000080052b8        0xc ./Core/IamSrc/Application.o
                0x00000000080052b8                vtable for Application
 .rodata._ZTV11SimpleClock
                0x00000000080052c4        0xc ./Core/IamSrc/SimpleClock.o
                0x00000000080052c4                vtable for SimpleClock
 .rodata.AHBPrescTable
                0x00000000080052d0       0x10 ./Core/Src/system_stm32l4xx.o
                0x00000000080052d0                AHBPrescTable
 .rodata.MSIRangeTable
                0x00000000080052e0       0x30 ./Core/Src/system_stm32l4xx.o
                0x00000000080052e0                MSIRangeTable
                0x0000000008005310                . = ALIGN (0x4)

.rel.dyn        0x0000000008005310        0x0
 .rel.iplt      0x0000000008005310        0x0 C:/ST/STM32CubeIDE_1.14.0/STM32CubeIDE/plugins/com.st.stm32cube.ide.mcu.externaltools.gnu-tools-for-stm32.11.3.rel1.win32_1.1.100.202309141235/tools/bin/../lib/gcc/arm-none-eabi/11.3.1/thumb/v7e-m+fp/hard/crtbegin.o

.ARM.extab      0x0000000008005310        0x0
                0x0000000008005310                . = ALIGN (0x4)
 *(.ARM.extab* .gnu.linkonce.armextab.*)
                0x0000000008005310                . = ALIGN (0x4)

.ARM            0x0000000008005310        0x0
                0x0000000008005310                . = ALIGN (0x4)
                0x0000000008005310                __exidx_start = .
 *(.ARM.exidx*)
                0x0000000008005310                __exidx_end = .
                0x0000000008005310                . = ALIGN (0x4)

.preinit_array  0x0000000008005310        0x0
                0x0000000008005310                . = ALIGN (0x4)
                0x0000000008005310                PROVIDE (__preinit_array_start = .)
 *(.preinit_array*)
                0x0000000008005310                PROVIDE (__preinit_array_end = .)
                0x0000000008005310                . = ALIGN (0x4)

.init_array     0x0000000008005310        0x8
                0x0000000008005310                . = ALIGN (0x4)
                0x0000000008005310                PROVIDE (__init_array_start = .)
 *(SORT_BY_NAME(.init_array.*))
 *(.init_array*)
 .init_array    0x0000000008005310        0x4 C:/ST/STM32CubeIDE_1.14.0/STM32CubeIDE/plugins/com.st.stm32cube.ide.mcu.externaltools.gnu-tools-for-stm32.11.3.rel1.win32_1.1.100.202309141235/tools/bin/../lib/gcc/arm-none-eabi/11.3.1/thumb/v7e-m+fp/hard/crtbegin.o
 .init_array    0x0000000008005314        0x4 ./Core/Src/main.o
                0x0000000008005318                PROVIDE (__init_array_end = .)
                0x0000000008005318                . = ALIGN (0x4)

.fini_array     0x0000000008005318        0x8
                0x0000000008005318                . = ALIGN (0x4)
                [!provide]                        PROVIDE (__fini_array_start = .)
 *(SORT_BY_NAME(.fini_array.*))
 *(.fini_array*)
 .fini_array    0x0000000008005318        0x4 C:/ST/STM32CubeIDE_1.14.0/STM32CubeIDE/plugins/com.st.stm32cube.ide.mcu.externaltools.gnu-tools-for-stm32.11.3.rel1.win32_1.1.100.202309141235/tools/bin/../lib/gcc/arm-none-eabi/11.3.1/thumb/v7e-m+fp/hard/crtbegin.o
 .fini_array    0x000000000800531c        0x4 ./Core/Src/main.o
                [!provide]                        PROVIDE (__fini_array_end = .)
                0x0000000008005320                . = ALIGN (0x4)
                0x0000000008005320                _sidata = LOADADDR (.data)

.data           0x0000000020000000      0x134 load address 0x0000000008005320
                0x0000000020000000                . = ALIGN (0x4)
                0x0000000020000000                _sdata = .
 *(.data)
 *(.data*)
 .data.gpio_port
                0x0000000020000000       0x2c ./Core/IamSrc/lit.o
                0x0000000020000000                gpio_port
 .data.gpio_pin
                0x000000002000002c       0x16 ./Core/IamSrc/lit.o
                0x000000002000002c                gpio_pin
 *fill*         0x0000000020000042        0x2 
 .data.led_wiring
                0x0000000020000044       0x90 ./Core/IamSrc/lit.o
                0x0000000020000044                led_wiring
 .data._ZZ7setHourhE2_b
                0x00000000200000d4        0x1 ./Core/IamSrc/lit.o
 .data._ZZ9setMinutehE2_b
                0x00000000200000d5        0x1 ./Core/IamSrc/lit.o
 .data._ZZ9setSecondhE2_b
                0x00000000200000d6        0x1 ./Core/IamSrc/lit.o
 *fill*         0x00000000200000d7        0x1 