Archive member included to satisfy reference by file (symbol)

C:/ST/STM32CubeIDE_1.14.0/STM32CubeIDE/plugins/com.st.stm32cube.ide.mcu.externaltools.gnu-tools-for-stm32.11.3.rel1.win32_1.1.100.202309141235/tools/bin/../lib/gcc/arm-none-eabi/11.3.1/../../../../arm-none-eabi/lib/thumb/v7e-m+fp/hard\libstdc++_nano.a(del_ops.o)
                              ./Core/Src/main.o (operator delete(void*, unsigned int))
C:/ST/STM32CubeIDE_1.14.0/STM32CubeIDE/plugins/com.st.stm32cube.ide.mcu.externaltools.gnu-tools-for-stm32.11.3.rel1.win32_1.1.100.202309141235/tools/bin/../lib/gcc/arm-none-eabi/11.3.1/../../../../arm-none-eabi/lib/thumb/v7e-m+fp/hard\libstdc++_nano.a(new_op.o)
                              ./Core/Src/main.o (operator new(unsigned int))
C:/ST/STM32CubeIDE_1.14.0/STM32CubeIDE/plugins/com.st.stm32cube.ide.mcu.externaltools.gnu-tools-for-stm32.11.3.rel1.win32_1.1.100.202309141235/tools/bin/../lib/gcc/arm-none-eabi/11.3.1/../../../../arm-none-eabi/lib/thumb/v7e-m+fp/hard\libstdc++_nano.a(del_op.o)
                              C:/ST/STM32CubeIDE_1.14.0/STM32CubeIDE/plugins/com.st.stm32cube.ide.mcu.externaltools.gnu-tools-for-stm32.11.3.rel1.win32_1.1.100.202309141235/tools/bin/../lib/gcc/arm-none-eabi/11.3.1/../../../../arm-none-eabi/lib/thumb/v7e-m+fp/hard\libstdc++_nano.a(del_ops.o) (operator delete(void*))
C:/ST/STM32CubeIDE_1.14.0/STM32CubeIDE/plugins/com.st.stm32cube.ide.mcu.externaltools.gnu-tools-for-stm32.11.3.rel1.win32_1.1.100.202309141235/tools/bin/../lib/gcc/arm-none-eabi/11.3.1/../../../../arm-none-eabi/lib/thumb/v7e-m+fp/hard\libstdc++_nano.a(new_handler.o)
                              C:/ST/STM32CubeIDE_1.14.0/STM32CubeIDE/plugins/com.st.stm32cube.ide.mcu.externaltools.gnu-tools-for-stm32.11.3.rel1.win32_1.1.100.202309141235/tools/bin/../lib/gcc/arm-none-eabi/11.3.1/../../../../arm-none-eabi/lib/thumb/v7e-m+fp/hard\libstdc++_nano.a(new_op.o) (std::get_new_handler())
C:/ST/STM32CubeIDE_1.14.0/STM32CubeIDE/plugins/com.st.stm32cube.ide.mcu.externaltools.gnu-tools-for-stm32.11.3.rel1.win32_1.1.100.202309141235/tools/bin/../lib/gcc/arm-none-eabi/11.3.1/../../../../arm-none-eabi/lib/thumb/v7e-m+fp/hard\libc_nano.a(libc_a-abort.o)
                              C:/ST/STM32CubeIDE_1.14.0/STM32CubeIDE/plugins/com.st.stm32cube.ide.mcu.externaltools.gnu-tools-for-stm32.11.3.rel1.win32_1.1.100.202309141235/tools/bin/../lib/gcc/arm-none-eabi/11.3.1/../../../../arm-none-eabi/lib/thumb/v7e-m+fp/hard\libstdc++_nano.a(new_op.o) (abort)
C:/ST/STM32CubeIDE_1.14.0/STM32CubeIDE/plugins/com.st.stm32cube.ide.mcu.externaltools.gnu-tools-for-stm32.11.3.rel1.win32_1.1.100.202309141235/tools/bin/../lib/gcc/arm-none-eabi/11.3.1/../../../../arm-none-eabi/lib/thumb/v7e-m+fp/hard\libc_nano.a(libc_a-exit.o)
                              C:/ST/STM32CubeIDE_1.14.0/STM32CubeIDE/plugins/com.st.stm32cube.ide.mcu.externaltools.gnu-tools-for-stm32.11.3.rel1.win32_1.1.100.202309141235/tools/bin/../lib/gcc/arm-none-eabi/11.3.1/../../../../arm-none-eabi/lib/thumb/v7e-m+fp/hard/crt0.o (exit)
C:/ST/STM32CubeIDE_1.14.0/STM32CubeIDE/plugins/com.st.stm32cube.ide.mcu.externaltools.gnu-tools-for-stm32.11.3.rel1.win32_1.1.100.202309141235/tools/bin/../lib/gcc/arm-none-eabi/11.3.1/../../../../arm-none-eabi/lib/thumb/v7e-m+fp/hard\libc_nano.a(libc_a-malloc.o)
                              C:/ST/STM32CubeIDE_1.14.0/STM32CubeIDE/plugins/com.st.stm32cube.ide.mcu.externaltools.gnu-tools-for-stm32.11.3.rel1.win32_1.1.100.202309141235/tools/bin/../lib/gcc/arm-none-eabi/11.3.1/../../../../arm-none-eabi/lib/thumb/v7e-m+fp/hard\libstdc++_nano.a(new_op.o) (malloc)
C:/ST/STM32CubeIDE_1.14.0/STM32CubeIDE/plugins/com.st.stm32cube.ide.mcu.externaltools.gnu-tools-for-stm32.11.3.rel1.win32_1.1.100.202309141235/tools/bin/../lib/gcc/arm-none-eabi/11.3.1/../../../../arm-none-eabi/lib/thumb/v7e-m+fp/hard\libc_nano.a(libc_a-mallocr.o)
                              C:/ST/STM32CubeIDE_1.14.0/STM32CubeIDE/plugins/com.st.stm32cube.ide.mcu.externaltools.gnu-tools-for-stm32.11.3.rel1.win32_1.1.100.202309141235/tools/bin/../lib/gcc/arm-none-eabi/11.3.1/../../../../arm-none-eabi/lib/thumb/v7e-m+fp/hard\libc_nano.a(libc_a-malloc.o) (_malloc_r)
C:/ST/STM32CubeIDE_1.14.0/STM32CubeIDE/plugins/com.st.stm32cube.ide.mcu.externaltools.gnu-tools-for-stm32.11.3.rel1.win32_1.1.100.202309141235/tools/bin/../lib/gcc/arm-none-eabi/11.3.1/../../../../arm-none-eabi/lib/thumb/v7e-m+fp/hard\libc_nano.a(libc_a-mlock.o)
                              C:/ST/STM32CubeIDE_1.14.0/STM32CubeIDE/plugins/com.st.stm32cube.ide.mcu.externaltools.gnu-tools-for-stm32.11.3.rel1.win32_1.1.100.202309141235/tools/bin/../lib/gcc/arm-none-eabi/11.3.1/../../../../arm-none-eabi/lib/thumb/v7e-m+fp/hard\libc_nano.a(libc_a-mallocr.o) (__malloc_lock)
C:/ST/STM32CubeIDE_1.14.0/STM32CubeIDE/plugins/com.st.stm32cube.ide.mcu.externaltools.gnu-tools-for-stm32.11.3.rel1.win32_1.1.100.202309141235/tools/bin/../lib/gcc/arm-none-eabi/11.3.1/../../../../arm-none-eabi/lib/thumb/v7e-m+fp/hard\libc_nano.a(libc_a-findfp.o)
[...]
Memory Configuration

Name             Origin             Length             Attributes
RAM              0x0000000020000000 0x0000000000010000 xrw
RAM2             0x0000000010000000 0x0000000000004000 xrw
FLASH            0x0000000008000000 0x0000000000040000 xr
*default*        0x0000000000000000 0xffffffffffffffff

Linker script and memory map

LOAD C:/ST/STM32CubeIDE_1.14.0/STM32CubeIDE/plugins/com.st.stm32cube.ide.mcu.externaltools.gnu-tools-for-stm32.11.3.rel1.win32_1.1.100.202309141235/tools/bin/../lib/gcc/arm-none-eabi/11.3.1/thumb/v7e-m+fp/hard/crti.o
LOAD C:/ST/STM32CubeIDE_1.14.0/STM32CubeIDE/plugins/com.st.stm32cube.ide.mcu.externaltools.gnu-tools-for-stm32.11.3.rel1.win32_1.1.100.202309141235/tools/bin/../lib/gcc/arm-none-eabi/11.3.1/thumb/v7e-m+fp/hard/crtbegin.o
LOAD C:/ST/STM32CubeIDE_1.14.0/STM32CubeIDE/plugins/com.st.stm32cube.ide.mcu.externaltools.gnu-tools-for-stm32.11.3.rel1.win32_1.1.100.202309141235/tools/bin/../lib/gcc/arm-none-eabi/11.3.1/../../../../arm-none-eabi/lib/thumb/v7e-m+fp/hard/crt0.o
LOAD ./Core/IamSrc/AdjustClock.o
LOAD ./Core/IamSrc/Application.o
LOAD ./Core/IamSrc/InputPin.o
LOAD ./Core/IamSrc/SimpleClock.o
LOAD ./Core/IamSrc/lit.o
LOAD ./Core/Src/main.o
LOAD ./Core/Src/stm32l4xx_hal_msp.o
LOAD ./Core/Src/stm32l4xx_it.o
LOAD ./Core/Src/syscalls.o
LOAD ./Core/Src/sysmem.o
LOAD ./Core/Src/system_stm32l4xx.o
LOAD ./Core/Startup/startup_stm32l431cctx.o
LOAD ./Drivers/STM32L4xx_HAL_Driver/Src/stm32l4xx_hal.o
LOAD ./Drivers/STM32L4xx_HAL_Driver/Src/stm32l4xx_hal_cortex.o
LOAD ./Drivers/STM32L4xx_HAL_Driver/Src/stm32l4xx_hal_dma.o
LOAD ./Drivers/STM32L4xx_HAL_Driver/Src/stm32l4xx_hal_dma_ex.o
LOAD ./Drivers/STM32L4xx_HAL_Driver/Src/stm32l4xx_hal_exti.o
LOAD ./Drivers/STM32L4xx_HAL_Driver/Src/stm32l4xx_hal_flash.o
LOAD ./Drivers/STM32L4xx_HAL_Driver/Src/stm32l4xx_hal_flash_ex.o
LOAD ./Drivers/STM32L4xx_HAL_Driver/Src/stm32l4xx_hal_flash_ramfunc.o
LOAD ./Drivers/STM32L4xx_HAL_Driver/Src/stm32l4xx_hal_gpio.o
LOAD ./Drivers/STM32L4xx_HAL_Driver/Src/stm32l4xx_hal_i2c.o
LOAD ./Drivers/STM32L4xx_HAL_Driver/Src/stm32l4xx_hal_i2c_ex.o
LOAD ./Drivers/STM32L4xx_HAL_Driver/Src/stm32l4xx_hal_pwr.o
LOAD ./Drivers/STM32L4xx_HAL_Driver/Src/stm32l4xx_hal_pwr_ex.o
LOAD ./Drivers/STM32L4xx_HAL_Driver/Src/stm32l4xx_hal_rcc.o
LOAD ./Drivers/STM32L4xx_HAL_Driver/Src/stm32l4xx_hal_rcc_ex.o
LOAD ./Drivers/STM32L4xx_HAL_Driver/Src/stm32l4xx_hal_rtc.o
LOAD ./Drivers/STM32L4xx_HAL_Driver/Src/stm32l4xx_hal_rtc_ex.o
LOAD ./Drivers/STM32L4xx_HAL_Driver/Src/stm32l4xx_hal_tim.o
LOAD ./Drivers/STM32L4xx_HAL_Driver/Src/stm32l4xx_hal_tim_ex.o
START GROUP
LOAD C:/ST/STM32CubeIDE_1.14.0/STM32CubeIDE/plugins/com.st.stm32cube.ide.mcu.externaltools.gnu-tools-for-stm32.11.3.rel1.win32_1.1.100.202309141235/tools/bin/../lib/gcc/arm-none-eabi/11.3.1/../../../../arm-none-eabi/lib/thumb/v7e-m+fp/hard\libstdc++_nano.a
LOAD C:/ST/STM32CubeIDE_1.14.0/STM32CubeIDE/plugins/com.st.stm32cube.ide.mcu.externaltools.gnu-tools-for-stm32.11.3.rel1.win32_1.1.100.202309141235/tools/bin/../lib/gcc/arm-none-eabi/11.3.1/../../../../arm-none-eabi/lib/thumb/v7e-m+fp/hard\libsupc++_nano.a
END GROUP
LOAD C:/ST/STM32CubeIDE_1.14.0/STM32CubeIDE/plugins/com.st.stm32cube.ide.mcu.externaltools.gnu-tools-for-stm32.11.3.rel1.win32_1.1.100.202309141235/tools/bin/../lib/gcc/arm-none-eabi/11.3.1/../../../../arm-none-eabi/lib/thumb/v7e-m+fp/hard\libstdc++_nano.a
LOAD C:/ST/STM32CubeIDE_1.14.0/STM32CubeIDE/plugins/com.st.stm32cube.ide.mcu.externaltools.gnu-tools-for-stm32.11.3.rel1.win32_1.1.100.202309141235/tools/bin/../lib/gcc/arm-none-eabi/11.3.1/../../../../arm-none-eabi/lib/thumb/v7e-m+fp/hard\libm.a
LOAD C:/ST/STM32CubeIDE_1.14.0/STM32CubeIDE/plugins/com.st.stm32cube.ide.mcu.externaltools.gnu-tools-for-stm32.11.3.rel1.win32_1.1.100.202309141235/tools/bin/../lib/gcc/arm-none-eabi/11.3.1/../../../../arm-none-eabi/lib/thumb/v7e-m+fp/hard\libc_nano.a
START GROUP
LOAD C:/ST/STM32CubeIDE_1.14.0/STM32CubeIDE/plugins/com.st.stm32cube.ide.mcu.externaltools.gnu-tools-for-stm32.11.3.rel1.win32_1.1.100.202309141235/tools/bin/../lib/gcc/arm-none-eabi/11.3.1/thumb/v7e-m+fp/hard\libgcc.a
LOAD C:/ST/STM32CubeIDE_1.14.0/STM32CubeIDE/plugins/com.st.stm32cube.ide.mcu.externaltools.gnu-tools-for-stm32.11.3.rel1.win32_1.1.100.202309141235/tools/bin/../lib/gcc/arm-none-eabi/11.3.1/../../../../arm-none-eabi/lib/thumb/v7e-m+fp/hard\libc_nano.a
END GROUP
START GROUP
LOAD C:/ST/STM32CubeIDE_1.14.0/STM32CubeIDE/plugins/com.st.stm32cube.ide.mcu.externaltools.gnu-tools-for-stm32.11.3.rel1.win32_1.1.100.202309141235/tools/bin/../lib/gcc/arm-none-eabi/11.3.1/thumb/v7e-m+fp/hard\libgcc.a
LOAD C:/ST/STM32CubeIDE_1.14.0/STM32CubeIDE/plugins/com.st.stm32cube.ide.mcu.externaltools.gnu-tools-for-stm32.11.3.rel1.win32_1.1.100.202309141235/tools/bin/../lib/gcc/arm-none-eabi/11.3.1/../../../../arm-none-eabi/lib/thumb/v7e-m+fp/hard\libc_nano.a
LOAD C:/ST/STM32CubeIDE_1.14.0/STM32CubeIDE/plugins/com.st.stm32cube.ide.mcu.externaltools.gnu-tools-for-stm32.11.3.rel1.win32_1.1.100.202309141235/tools/bin/../lib/gcc/arm-none-eabi/11.3.1/../../../../arm-none-eabi/lib/thumb/v7e-m+fp/hard\libnosys.a
END GROUP
START GROUP
LOAD C:/ST/STM32CubeIDE_1.14.0/STM32CubeIDE/plugins/com.st.stm32cube.ide.mcu.externaltools.gnu-tools-for-stm32.11.3.rel1.win32_1.1.100.202309141235/tools/bin/../lib/gcc/arm-none-eabi/11.3.1/thumb/v7e-m+fp/hard\libgcc.a
LOAD C:/ST/STM32CubeIDE_1.14.0/STM32CubeIDE/plugins/com.st.stm32cube.ide.mcu.externaltools.gnu-tools-for-stm32.11.3.rel1.win32_1.1.100.202309141235/tools/bin/../lib/gcc/arm-none-eabi/11.3.1/../../../../arm-none-eabi/lib/thumb/v7e-m+fp/hard\libc_nano.a
LOAD C:/ST/STM32CubeIDE_1.14.0/STM32CubeIDE/plugins/com.st.stm32cube.ide.mcu.externaltools.gnu-tools-for-stm32.11.3.rel1.win32_1.1.100.202309141235/tools/bin/../lib/gcc/arm-none-eabi/11.3.1/../../../../arm-none-eabi/lib/thumb/v7e-m+fp/hard\libnosys.a
END GROUP
LOAD C:/ST/STM32CubeIDE_1.14.0/STM32CubeIDE/plugins/com.st.stm32cube.ide.mcu.externaltools.gnu-tools-for-stm32.11.3.rel1.win32_1.1.100.202309141235/tools/bin/../lib/gcc/arm-none-eabi/11.3.1/thumb/v7e-m+fp/hard/crtend.o
LOAD C:/ST/STM32CubeIDE_1.14.0/STM32CubeIDE/plugins/com.st.stm32cube.ide.mcu.externaltools.gnu-tools-for-stm32.11.3.rel1.win32_1.1.100.202309141235/tools/bin/../lib/gcc/arm-none-eabi/11.3.1/thumb/v7e-m+fp/hard/crtn.o
                0x0000000020010000                _estack = (ORIGIN (RAM) + LENGTH (RAM))
                0x0000000000000200                _Min_Heap_Size = 0x200
                0x0000000000000400                _Min_Stack_Size = 0x400

.isr_vector     0x0000000008000000      0x18c
                0x0000000008000000                . = ALIGN (0x4)
 *(.isr_vector)
 .isr_vector    0x0000000008000000      0x18c ./Core/Startup/startup_stm32l431cctx.o
                0x0000000008000000                g_pfnVectors
                0x000000000800018c                . = ALIGN (0x4)

.text           0x0000000008000190     0x5ea0
                0x0000000008000190                . = ALIGN (0x4)
 *(.text)
 .text          0x0000000008000190       0x40 C:/ST/STM32CubeIDE_1.14.0/STM32CubeIDE/plugins/com.st.stm32cube.ide.mcu.externaltools.gnu-tools-for-stm32.11.3.rel1.win32_1.1.100.202309141235/tools/bin/../lib/gcc/arm-none-eabi/11.3.1/thumb/v7e-m+fp/hard/crtbegin.o
 .text          0x00000000080001d0       0xa0 C:/ST/STM32CubeIDE_1.14.0/STM32CubeIDE/plugins/com.st.stm32cube.ide.mcu.externaltools.gnu-tools-for-stm32.11.3.rel1.win32_1.1.100.202309141235/tools/bin/../lib/gcc/arm-none-eabi/11.3.1/../../../../arm-none-eabi/lib/thumb/v7e-m+fp/hard\libc_nano.a(libc_a-memchr.o)
                0x00000000080001d0                memchr
 *(.text*)
 .text._ZN11AdjustClockC2EP6AppArg
                0x0000000008000270       0xb0 ./Core/IamSrc/AdjustClock.o
                0x0000000008000270                AdjustClock::AdjustClock(AppArg*)
                0x0000000008000270                AdjustClock::AdjustClock(AppArg*)
 .text._ZN11AdjustClock3runEP6AppArg
                0x0000000008000320      0x274 ./Core/IamSrc/AdjustClock.o
                0x0000000008000320                AdjustClock::run(AppArg*)
 .text._ZNKSt10unique_ptrI17RTC_HandleTypeDefSt14default_deleteIS0_EE3getEv
                0x0000000008000594       0x1a ./Core/IamSrc/AdjustClock.o
                0x0000000008000594                std::unique_ptr<RTC_HandleTypeDef, std::default_delete<RTC_HandleTypeDef> >::get() const
 .text._ZNKSt10unique_ptrI8InputPinSt14default_deleteIS0_EEptEv
                0x00000000080005ae       0x18 ./Core/IamSrc/AdjustClock.o
                0x00000000080005ae                std::unique_ptr<InputPin, std::default_delete<InputPin> >::operator->() const
 .text._ZNKSt15__uniq_ptr_implI17RTC_HandleTypeDefSt14default_deleteIS0_EE6_M_ptrEv
                0x00000000080005c6       0x1c ./Core/IamSrc/AdjustClock.o
                0x00000000080005c6                std::__uniq_ptr_impl<RTC_HandleTypeDef, std::default_delete<RTC_HandleTypeDef> >::_M_ptr() const
 .text._ZNKSt10unique_ptrI8InputPinSt14default_deleteIS0_EE3getEv
                0x00000000080005e2       0x1a ./Core/IamSrc/AdjustClock.o
                0x00000000080005e2                std::unique_ptr<InputPin, std::default_delete<InputPin> >::get() const
 .text._ZSt3getILj0EJP17RTC_HandleTypeDefSt14default_deleteIS0_EEERKNSt13tuple_elementIXT_ESt5tupleIJDpT0_EEE4typeERKS8_
                0x00000000080005fc       0x1a ./Core/IamSrc/AdjustClock.o
                0x00000000080005fc                std::tuple_element<0u, std::tuple<RTC_HandleTypeDef*, std::default_delete<RTC_HandleTypeDef> > >::type const& std::get<0u, RTC_HandleTypeDef*, std::default_delete<RTC_HandleTypeDef> >(std::tuple<RTC_HandleTypeDef*, std::default_delete<RTC_HandleTypeDef> > const&)
 .text._ZNKSt15__uniq_ptr_implI8InputPinSt14default_deleteIS0_EE6_M_ptrEv
                0x0000000008000616       0x1c ./Core/IamSrc/AdjustClock.o
                0x0000000008000616                std::__uniq_ptr_impl<InputPin, std::default_delete<InputPin> >::_M_ptr() const
 .text._ZSt12__get_helperILj0EP17RTC_HandleTypeDefJSt14default_deleteIS0_EEERKT0_RKSt11_Tuple_implIXT_EJS4_DpT1_EE
                0x0000000008000632       0x18 ./Core/IamSrc/AdjustClock.o
                0x0000000008000632                RTC_HandleTypeDef* const& std::__get_helper<0u, RTC_HandleTypeDef*, std::default_delete<RTC_HandleTypeDef> >(std::_Tuple_impl<0u, RTC_HandleTypeDef*, std::default_delete<RTC_HandleTypeDef> > const&)
 .text._ZSt3getILj0EJP8InputPinSt14default_deleteIS0_EEERKNSt13tuple_elementIXT_ESt5tupleIJDpT0_EEE4typeERKS8_
                0x000000000800064a       0x1a ./Core/IamSrc/AdjustClock.o
                0x000000000800064a                std::tuple_element<0u, std::tuple<InputPin*, std::default_delete<InputPin> > >::type const& std::get<0u, InputPin*, std::default_delete<InputPin> >(std::tuple<InputPin*, std::default_delete<InputPin> > const&)
 .text._ZNSt11_Tuple_implILj0EJP17RTC_HandleTypeDefSt14default_deleteIS0_EEE7_M_headERKS4_
                0x0000000008000664       0x1a ./Core/IamSrc/AdjustClock.o
                0x0000000008000664                std::_Tuple_impl<0u, RTC_HandleTypeDef*, std::default_delete<RTC_HandleTypeDef> >::_M_head(std::_Tuple_impl<0u, RTC_HandleTypeDef*, std::default_delete<RTC_HandleTypeDef> > const&)
 .text._ZSt12__get_helperILj0EP8InputPinJSt14default_deleteIS0_EEERKT0_RKSt11_Tuple_implIXT_EJS4_DpT1_EE
                0x000000000800067e       0x18 ./Core/IamSrc/AdjustClock.o
                0x000000000800067e                InputPin* const& std::__get_helper<0u, InputPin*, std::default_delete<InputPin> >(std::_Tuple_impl<0u, InputPin*, std::default_delete<InputPin> > const&)
 .text._ZNSt10_Head_baseILj0EP17RTC_HandleTypeDefLb0EE7_M_headERKS2_
                0x0000000008000696       0x16 ./Core/IamSrc/AdjustClock.o
                0x0000000008000696                std::_Head_base<0u, RTC_HandleTypeDef*, false>::_M_head(std::_Head_base<0u, RTC_HandleTypeDef*, false> const&)
 .text._ZNSt11_Tuple_implILj0EJP8InputPinSt14default_deleteIS0_EEE7_M_headERKS4_
                0x00000000080006ac       0x1a ./Core/IamSrc/AdjustClock.o
                0x00000000080006ac                std::_Tuple_impl<0u, InputPin*, std::default_delete<InputPin> >::_M_head(std::_Tuple_impl<0u, InputPin*, std::default_delete<InputPin> > const&)
 .text._ZNSt10_Head_baseILj0EP8InputPinLb0EE7_M_headERKS2_
                0x00000000080006c6       0x16 ./Core/IamSrc/AdjustClock.o
                0x00000000080006c6                std::_Head_base<0u, InputPin*, false>::_M_head(std::_Head_base<0u, InputPin*, false> const&)
 .text._ZN11ApplicationC2EP6AppArg
                0x00000000080006dc       0x24 ./Core/IamSrc/Application.o
                0x00000000080006dc                Application::Application(AppArg*)
                0x00000000080006dc                Application::Application(AppArg*)
 .text._ZN11ApplicationD2Ev
                0x0000000008000700       0x20 ./Core/IamSrc/Application.o
                0x0000000008000700                Application::~Application()
                0x0000000008000700                Application::~Application()
 .text._ZN11Application3runEP6AppArg
                0x0000000008000720       0x16 ./Core/IamSrc/Application.o
                0x0000000008000720                Application::run(AppArg*)
 .text._ZN8InputPinC2EP12GPIO_TypeDeftb
                0x0000000008000736       0x7e ./Core/IamSrc/InputPin.o
                0x0000000008000736                InputPin::InputPin(GPIO_TypeDef*, unsigned short, bool)
                0x0000000008000736                InputPin::InputPin(GPIO_TypeDef*, unsigned short, bool)
 .text._ZN8InputPin5fetchEv
                0x00000000080007b4       0x4e ./Core/IamSrc/InputPin.o
                0x00000000080007b4                InputPin::fetch()
 *fill*         0x0000000008000802        0x2 
 .text._ZN8InputPin6updateEv
                0x0000000008000804       0xbc ./Core/IamSrc/InputPin.o
                0x0000000008000804                InputPin::update()
 .text._ZN8InputPin13getFirstPressEv
                0x00000000080008c0       0x22 ./Core/IamSrc/InputPin.o
                0x00000000080008c0                InputPin::getFirstPress()
 .text._ZN8InputPin12getFirstHoldEv
                0x00000000080008e2       0x22 ./Core/IamSrc/InputPin.o
                0x00000000080008e2                InputPin::getFirstHold()
 .text._ZN8InputPin7getHoldEv
                0x0000000008000904       0x22 ./Core/IamSrc/InputPin.o
                0x0000000008000904                InputPin::getHold()
 *fill*         0x0000000008000926        0x2 
 .text._ZN11SimpleClockC2EP6AppArg
                0x0000000008000928       0x40 ./Core/IamSrc/SimpleClock.o
                0x0000000008000928                SimpleClock::SimpleClock(AppArg*)
                0x0000000008000928                SimpleClock::SimpleClock(AppArg*)
 .text._ZN11SimpleClock3runEP6AppArg
                0x0000000008000968       0x98 ./Core/IamSrc/SimpleClock.o
                0x0000000008000968                SimpleClock::run(AppArg*)
 .text._Z6setHiZP12GPIO_TypeDeft
                0x0000000008000a00       0x3c ./Core/IamSrc/lit.o
                0x0000000008000a00                setHiZ(GPIO_TypeDef*, unsigned short)
 .text._Z6outputP12GPIO_TypeDeft13GPIO_PinState
                0x0000000008000a3c       0x50 ./Core/IamSrc/lit.o
                0x0000000008000a3c                output(GPIO_TypeDef*, unsigned short, GPIO_PinState)
 .text._Z5unlitv
                0x0000000008000a8c       0x44 ./Core/IamSrc/lit.o
                0x0000000008000a8c                unlit()
 .text._Z6litLEDh
                0x0000000008000ad0       0x88 ./Core/IamSrc/lit.o
                0x0000000008000ad0                litLED(unsigned char)
 .text._Z7setHourh
                0x0000000008000b58       0x58 ./Core/IamSrc/lit.o
                0x0000000008000b58                setHour(unsigned char)
 .text._Z9setMinuteh
                0x0000000008000bb0       0x40 ./Core/IamSrc/lit.o
                0x0000000008000bb0                setMinute(unsigned char)
 .text._Z9setSecondh
                0x0000000008000bf0       0x40 ./Core/IamSrc/lit.o
                0x0000000008000bf0                setSecond(unsigned char)
 .text._ZNSt5tupleIJP6AppArgSt14default_deleteIS0_EEEC1ILb1ELb1EEEv
                0x0000000008000c30       0x1a ./Core/Src/main.o
                0x0000000008000c30                std::tuple<AppArg*, std::default_delete<AppArg> >::tuple<true, true>()
 .text._ZNSt11_Tuple_implILj0EJP6AppArgSt14default_deleteIS0_EEEC2Ev
                0x0000000008000c4a       0x20 ./Core/Src/main.o
                0x0000000008000c4a                std::_Tuple_impl<0u, AppArg*, std::default_delete<AppArg> >::_Tuple_impl()
 .text._ZNSt11_Tuple_implILj1EJSt14default_deleteI6AppArgEEEC2Ev
                0x0000000008000c6a       0x18 ./Core/Src/main.o
                0x0000000008000c6a                std::_Tuple_impl<1u, std::default_delete<AppArg> >::_Tuple_impl()
 .text._ZNSt10_Head_baseILj1ESt14default_deleteI6AppArgELb1EEC2Ev
                0x0000000008000c82       0x16 ./Core/Src/main.o
                0x0000000008000c82                std::_Head_base<1u, std::default_delete<AppArg>, true>::_Head_base()
 .text._ZNSt10_Head_baseILj0EP6AppArgLb0EEC2Ev
                0x0000000008000c98       0x1c ./Core/Src/main.o
                0x0000000008000c98                std::_Head_base<0u, AppArg*, false>::_Head_base()
 .text._Z14EnterStop2Modev
                0x0000000008000cb4       0x1c ./Core/Src/main.o
                0x0000000008000cb4                EnterStop2Mode()
 .text.HAL_TIM_PeriodElapsedCallback
                0x0000000008000cd0       0x90 ./Core/Src/main.o
                0x0000000008000cd0                HAL_TIM_PeriodElapsedCallback
 .text._ZNSt15__uniq_ptr_dataI6AppArgSt14default_deleteIS0_ELb1ELb1EEaSEOS3_
                0x0000000008000d60       0x20 ./Core/Src/main.o
                0x0000000008000d60                std::__uniq_ptr_data<AppArg, std::default_delete<AppArg>, true, true>::operator=(std::__uniq_ptr_data<AppArg, std::default_delete<AppArg>, true, true>&&)
 .text._ZNSt10unique_ptrI6AppArgSt14default_deleteIS0_EEaSEOS3_
                0x0000000008000d80       0x20 ./Core/Src/main.o
                0x0000000008000d80                std::unique_ptr<AppArg, std::default_delete<AppArg> >::operator=(std::unique_ptr<AppArg, std::default_delete<AppArg> >&&)
 .text._ZNSt15__uniq_ptr_dataI8InputPinSt14default_deleteIS0_ELb1ELb1EEaSEOS3_
                0x0000000008000da0       0x20 ./Core/Src/main.o
                0x0000000008000da0                std::__uniq_ptr_data<InputPin, std::default_delete<InputPin>, true, true>::operator=(std::__uniq_ptr_data<InputPin, std::default_delete<InputPin>, true, true>&&)
 .text._ZNSt10unique_ptrI8InputPinSt14default_deleteIS0_EEaSEOS3_
                0x0000000008000dc0       0x20 ./Core/Src/main.o
                0x0000000008000dc0                std::unique_ptr<InputPin, std::default_delete<InputPin> >::operator=(std::unique_ptr<InputPin, std::default_delete<InputPin> >&&)
 .text._ZNSt15__uniq_ptr_dataI17RTC_HandleTypeDefSt14default_deleteIS0_ELb1ELb1EEaSEOS3_
                0x0000000008000de0       0x20 ./Core/Src/main.o
                0x0000000008000de0                std::__uniq_ptr_data<RTC_HandleTypeDef, std::default_delete<RTC_HandleTypeDef>, true, true>::operator=(std::__uniq_ptr_data<RTC_HandleTypeDef, std::default_delete<RTC_HandleTypeDef>, true, true>&&)
 .text._ZNSt10unique_ptrI17RTC_HandleTypeDefSt14default_deleteIS0_EEaSEOS3_
                0x0000000008000e00       0x20 ./Core/Src/main.o
                0x0000000008000e00                std::unique_ptr<RTC_HandleTypeDef, std::default_delete<RTC_HandleTypeDef> >::operator=(std::unique_ptr<RTC_HandleTypeDef, std::default_delete<RTC_HandleTypeDef> >&&)
 .text.main     0x0000000008000e20      0x300 ./Core/Src/main.o
                0x0000000008000e20                main
 .text._Z18SystemClock_Configv
                0x0000000008001120       0xc8 ./Core/Src/main.o
                0x0000000008001120                SystemClock_Config()
 .text._ZL12MX_I2C3_Initv
                0x00000000080011e8       0x9c ./Core/Src/main.o
 .text._ZL11MX_RTC_Initv
                0x0000000008001284       0x5c ./Core/Src/main.o
 .text._ZL12MX_TIM6_Initv
                0x00000000080012e0       0x80 ./Core/Src/main.o
 .text._ZL12MX_GPIO_Initv
                0x0000000008001360      0x148 ./Core/Src/main.o
 .text.Error_Handler
                0x00000000080014a8        0xa ./Core/Src/main.o
                0x00000000080014a8                Error_Handler
 .text._ZNSt5tupleIJP8InputPinSt14default_deleteIS0_EEEC2ILb1ELb1EEEv
                0x00000000080014b2       0x1a ./Core/Src/main.o
                0x00000000080014b2                std::tuple<InputPin*, std::default_delete<InputPin> >::tuple<true, true>()
                0x00000000080014b2                std::tuple<InputPin*, std::default_delete<InputPin> >::tuple<true, true>()
 .text._ZNSt15__uniq_ptr_implI8InputPinSt14default_deleteIS0_EEC2Ev
                0x00000000080014cc       0x1a ./Core/Src/main.o
                0x00000000080014cc                std::__uniq_ptr_impl<InputPin, std::default_delete<InputPin> >::__uniq_ptr_impl()
                0x00000000080014cc                std::__uniq_ptr_impl<InputPin, std::default_delete<InputPin> >::__uniq_ptr_impl()
 .text._ZNSt15__uniq_ptr_dataI8InputPinSt14default_deleteIS0_ELb1ELb1EECI2St15__uniq_ptr_implIS0_S2_EEv
                0x00000000080014e6       0x1a ./Core/Src/main.o
                0x00000000080014e6                std::__uniq_ptr_data<InputPin, std::default_delete<InputPin>, true, true>::__uniq_ptr_impl()
                0x00000000080014e6                std::__uniq_ptr_data<InputPin, std::default_delete<InputPin>, true, true>::__uniq_ptr_impl()
 .text._ZNSt10unique_ptrI8InputPinSt14default_deleteIS0_EEC2IS2_vEEv
                0x0000000008001500       0x20 ./Core/Src/main.o
                0x0000000008001500                std::unique_ptr<InputPin, std::default_delete<InputPin> >::unique_ptr<std::default_delete<InputPin>, void>()
                0x0000000008001500                std::unique_ptr<InputPin, std::default_delete<InputPin> >::unique_ptr<std::default_delete<InputPin>, void>()
 .text._ZNSt5tupleIJP17RTC_HandleTypeDefSt14default_deleteIS0_EEEC2ILb1ELb1EEEv
                0x0000000008001520       0x1a ./Core/Src/main.o
                0x0000000008001520                std::tuple<RTC_HandleTypeDef*, std::default_delete<RTC_HandleTypeDef> >::tuple<true, true>()
                0x0000000008001520                std::tuple<RTC_HandleTypeDef*, std::default_delete<RTC_HandleTypeDef> >::tuple<true, true>()
 .text._ZNSt15__uniq_ptr_implI17RTC_HandleTypeDefSt14default_deleteIS0_EEC2Ev
                0x000000000800153a       0x1a ./Core/Src/main.o
                0x000000000800153a                std::__uniq_ptr_impl<RTC_HandleTypeDef, std::default_delete<RTC_HandleTypeDef> >::__uniq_ptr_impl()
                0x000000000800153a                std::__uniq_ptr_impl<RTC_HandleTypeDef, std::default_delete<RTC_HandleTypeDef> >::__uniq_ptr_impl()
 .text._ZNSt15__uniq_ptr_dataI17RTC_HandleTypeDefSt14default_deleteIS0_ELb1ELb1EECI2St15__uniq_ptr_implIS0_S2_EEv
                0x0000000008001554       0x1a ./Core/Src/main.o
                0x0000000008001554                std::__uniq_ptr_data<RTC_HandleTypeDef, std::default_delete<RTC_HandleTypeDef>, true, true>::__uniq_ptr_impl()
                0x0000000008001554                std::__uniq_ptr_data<RTC_HandleTypeDef, std::default_delete<RTC_HandleTypeDef>, true, true>::__uniq_ptr_impl()
 .text._ZNSt10unique_ptrI17RTC_HandleTypeDefSt14default_deleteIS0_EEC2IS2_vEEv
                0x000000000800156e       0x20 ./Core/Src/main.o
                0x000000000800156e                std::unique_ptr<RTC_HandleTypeDef, std::default_delete<RTC_HandleTypeDef> >::unique_ptr<std::default_delete<RTC_HandleTypeDef>, void>()
                0x000000000800156e                std::unique_ptr<RTC_HandleTypeDef, std::default_delete<RTC_HandleTypeDef> >::unique_ptr<std::default_delete<RTC_HandleTypeDef>, void>()
 .text._ZN6AppArgC2Ev
                0x000000000800158e       0x38 ./Core/Src/main.o
                0x000000000800158e                AppArg::AppArg()
                0x000000000800158e                AppArg::AppArg()
 .text._ZSt11make_uniqueI6AppArgJEENSt9_MakeUniqIT_E15__single_objectEDpOT0_
                0x00000000080015c6       0x34 ./Core/Src/main.o
                0x00000000080015c6                std::_MakeUniq<AppArg>::__single_object std::make_unique<AppArg>()
 .text._ZNSt10unique_ptrI6AppArgSt14default_deleteIS0_EED2Ev
                0x00000000080015fa       0x44 ./Core/Src/main.o
                0x00000000080015fa                std::unique_ptr<AppArg, std::default_delete<AppArg> >::~unique_ptr()
                0x00000000080015fa                std::unique_ptr<AppArg, std::default_delete<AppArg> >::~unique_ptr()
 .text._ZNSt15__uniq_ptr_implI6AppArgSt14default_deleteIS0_EEaSEOS3_
                0x000000000800163e       0x38 ./Core/Src/main.o
                0x000000000800163e                std::__uniq_ptr_impl<AppArg, std::default_delete<AppArg> >::operator=(std::__uniq_ptr_impl<AppArg, std::default_delete<AppArg> >&&)
 .text._ZNKSt10unique_ptrI6AppArgSt14default_deleteIS0_EEptEv
                0x0000000008001676       0x18 ./Core/Src/main.o
                0x0000000008001676                std::unique_ptr<AppArg, std::default_delete<AppArg> >::operator->() const
 .text._ZSt11make_uniqueI8InputPinJP12GPIO_TypeDeftbEENSt9_MakeUniqIT_E15__single_objectEDpOT0_
                0x000000000800168e       0x56 ./Core/Src/main.o
                0x000000000800168e                std::_MakeUniq<InputPin>::__single_object std::make_unique<InputPin, GPIO_TypeDef*, unsigned short, bool>(GPIO_TypeDef*&&, unsigned short&&, bool&&)
 .text._ZNSt10unique_ptrI8InputPinSt14default_deleteIS0_EED2Ev
                0x00000000080016e4       0x44 ./Core/Src/main.o
                0x00000000080016e4                std::unique_ptr<InputPin, std::default_delete<InputPin> >::~unique_ptr()
                0x00000000080016e4                std::unique_ptr<InputPin, std::default_delete<InputPin> >::~unique_ptr()
 .text._ZNSt15__uniq_ptr_implI8InputPinSt14default_deleteIS0_EEaSEOS3_
                0x0000000008001728       0x38 ./Core/Src/main.o
                0x0000000008001728                std::__uniq_ptr_impl<InputPin, std::default_delete<InputPin> >::operator=(std::__uniq_ptr_impl<InputPin, std::default_delete<InputPin> >&&)
 .text._ZSt11make_uniqueI17RTC_HandleTypeDefJRS0_EENSt9_MakeUniqIT_E15__single_objectEDpOT0_
                0x0000000008001760       0x3a ./Core/Src/main.o
                0x0000000008001760                std::_MakeUniq<RTC_HandleTypeDef>::__single_object std::make_unique<RTC_HandleTypeDef, RTC_HandleTypeDef&>(RTC_HandleTypeDef&)
 .text._ZNSt10unique_ptrI17RTC_HandleTypeDefSt14default_deleteIS0_EED2Ev
                0x000000000800179a       0x44 ./Core/Src/main.o
                0x000000000800179a                std::unique_ptr<RTC_HandleTypeDef, std::default_delete<RTC_HandleTypeDef> >::~unique_ptr()
                0x000000000800179a                std::unique_ptr<RTC_HandleTypeDef, std::default_delete<RTC_HandleTypeDef> >::~unique_ptr()
 .text._ZNSt15__uniq_ptr_implI17RTC_HandleTypeDefSt14default_deleteIS0_EEaSEOS3_
                0x00000000080017de       0x38 ./Core/Src/main.o
                0x00000000080017de                std::__uniq_ptr_impl<RTC_HandleTypeDef, std::default_delete<RTC_HandleTypeDef> >::operator=(std::__uniq_ptr_impl<RTC_HandleTypeDef, std::default_delete<RTC_HandleTypeDef> >&&)
 .text._ZNKSt10unique_ptrI6AppArgSt14default_deleteIS0_EE3getEv
                0x0000000008001816       0x1a ./Core/Src/main.o
                0x0000000008001816                std::unique_ptr<AppArg, std::default_delete<AppArg> >::get() const
 .text._ZNSt10unique_ptrI11ApplicationSt14default_deleteIS0_EE5resetEPS0_
                0x0000000008001830       0x28 ./Core/Src/main.o
                0x0000000008001830                std::unique_ptr<Application, std::default_delete<Application> >::reset(Application*)
 .text._ZNKSt10unique_ptrI11ApplicationSt14default_deleteIS0_EEptEv
                0x0000000008001858       0x18 ./Core/Src/main.o
                0x0000000008001858                std::unique_ptr<Application, std::default_delete<Application> >::operator->() const
 .text._ZNSt11_Tuple_implILj0EJP8InputPinSt14default_deleteIS0_EEEC2Ev
                0x0000000008001870       0x20 ./Core/Src/main.o
                0x0000000008001870                std::_Tuple_impl<0u, InputPin*, std::default_delete<InputPin> >::_Tuple_impl()
                0x0000000008001870                std::_Tuple_impl<0u, InputPin*, std::default_delete<InputPin> >::_Tuple_impl()
 .text._ZNSt11_Tuple_implILj0EJP17RTC_HandleTypeDefSt14default_deleteIS0_EEEC2Ev
                0x0000000008001890       0x20 ./Core/Src/main.o
                0x0000000008001890                std::_Tuple_impl<0u, RTC_HandleTypeDef*, std::default_delete<RTC_HandleTypeDef> >::_Tuple_impl()
                0x0000000008001890                std::_Tuple_impl<0u, RTC_HandleTypeDef*, std::default_delete<RTC_HandleTypeDef> >::_Tuple_impl()
 .text._ZNSt15__uniq_ptr_dataI6AppArgSt14default_deleteIS0_ELb1ELb1EECI2St15__uniq_ptr_implIS0_S2_EEPS0_
                0x00000000080018b0       0x20 ./Core/Src/main.o
                0x00000000080018b0                std::__uniq_ptr_data<AppArg, std::default_delete<AppArg>, true, true>::__uniq_ptr_impl(AppArg*)
                0x00000000080018b0                std::__uniq_ptr_data<AppArg, std::default_delete<AppArg>, true, true>::__uniq_ptr_impl(AppArg*)
 .text._ZNSt10unique_ptrI6AppArgSt14default_deleteIS0_EEC2IS2_vEEPS0_
                0x00000000080018d0       0x1e ./Core/Src/main.o
                0x00000000080018d0                std::unique_ptr<AppArg, std::default_delete<AppArg> >::unique_ptr<std::default_delete<AppArg>, void>(AppArg*)
                0x00000000080018d0                std::unique_ptr<AppArg, std::default_delete<AppArg> >::unique_ptr<std::default_delete<AppArg>, void>(AppArg*)
 .text._ZNSt15__uniq_ptr_implI6AppArgSt14default_deleteIS0_EE6_M_ptrEv
                0x00000000080018ee       0x1a ./Core/Src/main.o
                0x00000000080018ee                std::__uniq_ptr_impl<AppArg, std::default_delete<AppArg> >::_M_ptr()
 .text._ZNSt10unique_ptrI6AppArgSt14default_deleteIS0_EE11get_deleterEv
                0x0000000008001908       0x1a ./Core/Src/main.o
                0x0000000008001908                std::unique_ptr<AppArg, std::default_delete<AppArg> >::get_deleter()
 .text._ZSt4moveIRP6AppArgEONSt16remove_referenceIT_E4typeEOS4_
                0x0000000008001922       0x16 ./Core/Src/main.o
                0x0000000008001922                std::remove_reference<AppArg*&>::type&& std::move<AppArg*&>(AppArg*&)
 .text._ZN6AppArgD2Ev
                0x0000000008001938       0x38 ./Core/Src/main.o
                0x0000000008001938                AppArg::~AppArg()
                0x0000000008001938                AppArg::~AppArg()
 .text._ZNKSt14default_deleteI6AppArgEclEPS0_
                0x0000000008001970       0x26 ./Core/Src/main.o
                0x0000000008001970                std::default_delete<AppArg>::operator()(AppArg*) const
 .text._ZNSt15__uniq_ptr_implI6AppArgSt14default_deleteIS0_EE5resetEPS0_
                0x0000000008001996       0x40 ./Core/Src/main.o
                0x0000000008001996                std::__uniq_ptr_impl<AppArg, std::default_delete<AppArg> >::reset(AppArg*)
 .text._ZNSt15__uniq_ptr_implI6AppArgSt14default_deleteIS0_EE7releaseEv
                0x00000000080019d6       0x2a ./Core/Src/main.o
                0x00000000080019d6                std::__uniq_ptr_impl<AppArg, std::default_delete<AppArg> >::release()
 .text._ZNSt15__uniq_ptr_implI6AppArgSt14default_deleteIS0_EE10_M_deleterEv
                0x0000000008001a00       0x1a ./Core/Src/main.o
                0x0000000008001a00                std::__uniq_ptr_impl<AppArg, std::default_delete<AppArg> >::_M_deleter()
 .text._ZSt7forwardISt14default_deleteI6AppArgEEOT_RNSt16remove_referenceIS3_E4typeE
                0x0000000008001a1a       0x16 ./Core/Src/main.o
                0x0000000008001a1a                std::default_delete<AppArg>&& std::forward<std::default_delete<AppArg> >(std::remove_reference<std::default_delete<AppArg> >::type&)
 .text._ZSt7forwardIP12GPIO_TypeDefEOT_RNSt16remove_referenceIS2_E4typeE
                0x0000000008001a30       0x16 ./Core/Src/main.o
                0x0000000008001a30                GPIO_TypeDef*&& std::forward<GPIO_TypeDef*>(std::remove_reference<GPIO_TypeDef*>::type&)
 .text._ZSt7forwardItEOT_RNSt16remove_referenceIS0_E4typeE
                0x0000000008001a46       0x16 ./Core/Src/main.o
                0x0000000008001a46                unsigned short&& std::forward<unsigned short>(std::remove_reference<unsigned short>::type&)
 .text._ZSt7forwardIbEOT_RNSt16remove_referenceIS0_E4typeE
                0x0000000008001a5c       0x16 ./Core/Src/main.o
                0x0000000008001a5c                bool&& std::forward<bool>(std::remove_reference<bool>::type&)
 .text._ZNSt15__uniq_ptr_dataI8InputPinSt14default_deleteIS0_ELb1ELb1EECI2St15__uniq_ptr_implIS0_S2_EEPS0_
                0x0000000008001a72       0x20 ./Core/Src/main.o
                0x0000000008001a72                std::__uniq_ptr_data<InputPin, std::default_delete<InputPin>, true, true>::__uniq_ptr_impl(InputPin*)
                0x0000000008001a72                std::__uniq_ptr_data<InputPin, std::default_delete<InputPin>, true, true>::__uniq_ptr_impl(InputPin*)
 .text._ZNSt10unique_ptrI8InputPinSt14default_deleteIS0_EEC2IS2_vEEPS0_
                0x0000000008001a92       0x1e ./Core/Src/main.o
                0x0000000008001a92                std::unique_ptr<InputPin, std::default_delete<InputPin> >::unique_ptr<std::default_delete<InputPin>, void>(InputPin*)
                0x0000000008001a92                std::unique_ptr<InputPin, std::default_delete<InputPin> >::unique_ptr<std::default_delete<InputPin>, void>(InputPin*)
 .text._ZNSt15__uniq_ptr_implI8InputPinSt14default_deleteIS0_EE6_M_ptrEv
                0x0000000008001ab0       0x1a ./Core/Src/main.o
                0x0000000008001ab0                std::__uniq_ptr_impl<InputPin, std::default_delete<InputPin> >::_M_ptr()
 .text._ZNSt10unique_ptrI8InputPinSt14default_deleteIS0_EE11get_deleterEv
                0x0000000008001aca       0x1a ./Core/Src/main.o
                0x0000000008001aca                std::unique_ptr<InputPin, std::default_delete<InputPin> >::get_deleter()
 .text._ZSt4moveIRP8InputPinEONSt16remove_referenceIT_E4typeEOS4_
                0x0000000008001ae4       0x16 ./Core/Src/main.o
                0x0000000008001ae4                std::remove_reference<InputPin*&>::type&& std::move<InputPin*&>(InputPin*&)
 .text._ZNKSt14default_deleteI8InputPinEclEPS0_
                0x0000000008001afa       0x20 ./Core/Src/main.o
                0x0000000008001afa                std::default_delete<InputPin>::operator()(InputPin*) const
 .text._ZNSt15__uniq_ptr_implI8InputPinSt14default_deleteIS0_EE5resetEPS0_
                0x0000000008001b1a       0x40 ./Core/Src/main.o
                0x0000000008001b1a                std::__uniq_ptr_impl<InputPin, std::default_delete<InputPin> >::reset(InputPin*)
 .text._ZNSt15__uniq_ptr_implI8InputPinSt14default_deleteIS0_EE7releaseEv
                0x0000000008001b5a       0x2a ./Core/Src/main.o
                0x0000000008001b5a                std::__uniq_ptr_impl<InputPin, std::default_delete<InputPin> >::release()
 .text._ZNSt15__uniq_ptr_implI8InputPinSt14default_deleteIS0_EE10_M_deleterEv
                0x0000000008001b84       0x1a ./Core/Src/main.o
                0x0000000008001b84                std::__uniq_ptr_impl<InputPin, std::default_delete<InputPin> >::_M_deleter()
 .text._ZSt7forwardISt14default_deleteI8InputPinEEOT_RNSt16remove_referenceIS3_E4typeE
                0x0000000008001b9e       0x16 ./Core/Src/main.o
                0x0000000008001b9e                std::default_delete<InputPin>&& std::forward<std::default_delete<InputPin> >(std::remove_reference<std::default_delete<InputPin> >::type&)
 .text._ZSt7forwardIR17RTC_HandleTypeDefEOT_RNSt16remove_referenceIS2_E4typeE
                0x0000000008001bb4       0x16 ./Core/Src/main.o
                0x0000000008001bb4                RTC_HandleTypeDef& std::forward<RTC_HandleTypeDef&>(std::remove_reference<RTC_HandleTypeDef&>::type&)
 .text._ZNSt15__uniq_ptr_dataI17RTC_HandleTypeDefSt14default_deleteIS0_ELb1ELb1EECI2St15__uniq_ptr_implIS0_S2_EEPS0_
                0x0000000008001bca       0x20 ./Core/Src/main.o
                0x0000000008001bca                std::__uniq_ptr_data<RTC_HandleTypeDef, std::default_delete<RTC_HandleTypeDef>, true, true>::__uniq_ptr_impl(RTC_HandleTypeDef*)
                0x0000000008001bca                std::__uniq_ptr_data<RTC_HandleTypeDef, std::default_delete<RTC_HandleTypeDef>, true, true>::__uniq_ptr_impl(RTC_HandleTypeDef*)
 .text._ZNSt10unique_ptrI17RTC_HandleTypeDefSt14default_deleteIS0_EEC2IS2_vEEPS0_
                0x0000000008001bea       0x1e ./Core/Src/main.o
                0x0000000008001bea                std::unique_ptr<RTC_HandleTypeDef, std::default_delete<RTC_HandleTypeDef> >::unique_ptr<std::default_delete<RTC_HandleTypeDef>, void>(RTC_HandleTypeDef*)
                0x0000000008001bea                std::unique_ptr<RTC_HandleTypeDef, std::default_delete<RTC_HandleTypeDef> >::unique_ptr<std::default_delete<RTC_HandleTypeDef>, void>(RTC_HandleTypeDef*)
 .text._ZNSt15__uniq_ptr_implI17RTC_HandleTypeDefSt14default_deleteIS0_EE6_M_ptrEv
                0x0000000008001c08       0x1a ./Core/Src/main.o
                0x0000000008001c08                std::__uniq_ptr_impl<RTC_HandleTypeDef, std::default_delete<RTC_HandleTypeDef> >::_M_ptr()
 .text._ZNSt10unique_ptrI17RTC_HandleTypeDefSt14default_deleteIS0_EE11get_deleterEv
                0x0000000008001c22       0x1a ./Core/Src/main.o
                0x0000000008001c22                std::unique_ptr<RTC_HandleTypeDef, std::default_delete<RTC_HandleTypeDef> >::get_deleter()
 .text._ZSt4moveIRP17RTC_HandleTypeDefEONSt16remove_referenceIT_E4typeEOS4_
                0x0000000008001c3c       0x16 ./Core/Src/main.o
                0x0000000008001c3c                std::remove_reference<RTC_HandleTypeDef*&>::type&& std::move<RTC_HandleTypeDef*&>(RTC_HandleTypeDef*&)
 .text._ZNKSt14default_deleteI17RTC_HandleTypeDefEclEPS0_
                0x0000000008001c52       0x20 ./Core/Src/main.o
                0x0000000008001c52                std::default_delete<RTC_HandleTypeDef>::operator()(RTC_HandleTypeDef*) const
 .text._ZNSt15__uniq_ptr_implI17RTC_HandleTypeDefSt14default_deleteIS0_EE5resetEPS0_
                0x0000000008001c72       0x40 ./Core/Src/main.o
                0x0000000008001c72                std::__uniq_ptr_impl<RTC_HandleTypeDef, std::default_delete<RTC_HandleTypeDef> >::reset(RTC_HandleTypeDef*)
 .text._ZNSt15__uniq_ptr_implI17RTC_HandleTypeDefSt14default_deleteIS0_EE7releaseEv
                0x0000000008001cb2       0x2a ./Core/Src/main.o
                0x0000000008001cb2                std::__uniq_ptr_impl<RTC_HandleTypeDef, std::default_delete<RTC_HandleTypeDef> >::release()
 .text._ZNSt15__uniq_ptr_implI17RTC_HandleTypeDefSt14default_deleteIS0_EE10_M_deleterEv
                0x0000000008001cdc       0x1a ./Core/Src/main.o
                0x0000000008001cdc                std::__uniq_ptr_impl<RTC_HandleTypeDef, std::default_delete<RTC_HandleTypeDef> >::_M_deleter()
 .text._ZSt7forwardISt14default_deleteI17RTC_HandleTypeDefEEOT_RNSt16remove_referenceIS3_E4typeE
                0x0000000008001cf6       0x16 ./Core/Src/main.o
                0x0000000008001cf6                std::default_delete<RTC_HandleTypeDef>&& std::forward<std::default_delete<RTC_HandleTypeDef> >(std::remove_reference<std::default_delete<RTC_HandleTypeDef> >::type&)
 .text._ZNSt15__uniq_ptr_implI11ApplicationSt14default_deleteIS0_EE6_M_ptrEv
                0x0000000008001d0c       0x1a ./Core/Src/main.o
                0x0000000008001d0c                std::__uniq_ptr_impl<Application, std::default_delete<Application> >::_M_ptr()
 .text._ZSt4moveIRP11ApplicationEONSt16remove_referenceIT_E4typeEOS4_
                0x0000000008001d26       0x16 ./Core/Src/main.o
                0x0000000008001d26                std::remove_reference<Application*&>::type&& std::move<Application*&>(Application*&)
 .text._ZNKSt14default_deleteI11ApplicationEclEPS0_
                0x0000000008001d3c       0x26 ./Core/Src/main.o
                0x0000000008001d3c                std::default_delete<Application>::operator()(Application*) const
 .text._ZNKSt15__uniq_ptr_implI6AppArgSt14default_deleteIS0_EE6_M_ptrEv
                0x0000000008001d62       0x1c ./Core/Src/main.o
                0x0000000008001d62                std::__uniq_ptr_impl<AppArg, std::default_delete<AppArg> >::_M_ptr() const
 .text._ZNSt15__uniq_ptr_implI11ApplicationSt14default_deleteIS0_EE5resetEPS0_
                0x0000000008001d7e       0x40 ./Core/Src/main.o
                0x0000000008001d7e                std::__uniq_ptr_impl<Application, std::default_delete<Application> >::reset(Application*)
 .text._ZNKSt10unique_ptrI11ApplicationSt14default_deleteIS0_EE3getEv
                0x0000000008001dbe       0x1a ./Core/Src/main.o
                0x0000000008001dbe                std::unique_ptr<Application, std::default_delete<Application> >::get() const
 .text._ZNSt11_Tuple_implILj1EJSt14default_deleteI8InputPinEEEC2Ev
                0x0000000008001dd8       0x18 ./Core/Src/main.o
                0x0000000008001dd8                std::_Tuple_impl<1u, std::default_delete<InputPin> >::_Tuple_impl()
                0x0000000008001dd8                std::_Tuple_impl<1u, std::default_delete<InputPin> >::_Tuple_impl()
 .text._ZNSt10_Head_baseILj0EP8InputPinLb0EEC2Ev
                0x0000000008001df0       0x1c ./Core/Src/main.o
                0x0000000008001df0                std::_Head_base<0u, InputPin*, false>::_Head_base()
                0x0000000008001df0                std::_Head_base<0u, InputPin*, false>::_Head_base()
 .text._ZNSt11_Tuple_implILj1EJSt14default_deleteI17RTC_HandleTypeDefEEEC2Ev
                0x0000000008001e0c       0x18 ./Core/Src/main.o
                0x0000000008001e0c                std::_Tuple_impl<1u, std::default_delete<RTC_HandleTypeDef> >::_Tuple_impl()
                0x0000000008001e0c                std::_Tuple_impl<1u, std::default_delete<RTC_HandleTypeDef> >::_Tuple_impl()
 .text._ZNSt10_Head_baseILj0EP17RTC_HandleTypeDefLb0EEC2Ev
                0x0000000008001e24       0x1c ./Core/Src/main.o
                0x0000000008001e24                std::_Head_base<0u, RTC_HandleTypeDef*, false>::_Head_base()
                0x0000000008001e24                std::_Head_base<0u, RTC_HandleTypeDef*, false>::_Head_base()
 .text._ZNSt15__uniq_ptr_implI6AppArgSt14default_deleteIS0_EEC2EPS0_
                0x0000000008001e40       0x28 ./Core/Src/main.o
                0x0000000008001e40                std::__uniq_ptr_impl<AppArg, std::default_delete<AppArg> >::__uniq_ptr_impl(AppArg*)
                0x0000000008001e40                std::__uniq_ptr_impl<AppArg, std::default_delete<AppArg> >::__uniq_ptr_impl(AppArg*)
 .text._ZSt3getILj0EJP6AppArgSt14default_deleteIS0_EEERNSt13tuple_elementIXT_ESt5tupleIJDpT0_EEE4typeERS8_
                0x0000000008001e68       0x1a ./Core/Src/main.o
                0x0000000008001e68                std::tuple_element<0u, std::tuple<AppArg*, std::default_delete<AppArg> > >::type& std::get<0u, AppArg*, std::default_delete<AppArg> >(std::tuple<AppArg*, std::default_delete<AppArg> >&)
 .text._ZSt3getILj1EJP6AppArgSt14default_deleteIS0_EEERNSt13tuple_elementIXT_ESt5tupleIJDpT0_EEE4typeERS8_
                0x0000000008001e82       0x18 ./Core/Src/main.o
                0x0000000008001e82                std::tuple_element<1u, std::tuple<AppArg*, std::default_delete<AppArg> > >::type& std::get<1u, AppArg*, std::default_delete<AppArg> >(std::tuple<AppArg*, std::default_delete<AppArg> >&)
 .text._ZNSt15__uniq_ptr_implI8InputPinSt14default_deleteIS0_EEC2EPS0_
                0x0000000008001e9a       0x28 ./Core/Src/main.o
                0x0000000008001e9a                std::__uniq_ptr_impl<InputPin, std::default_delete<InputPin> >::__uniq_ptr_impl(InputPin*)
                0x0000000008001e9a                std::__uniq_ptr_impl<InputPin, std::default_delete<InputPin> >::__uniq_ptr_impl(InputPin*)
 .text._ZSt3getILj0EJP8InputPinSt14default_deleteIS0_EEERNSt13tuple_elementIXT_ESt5tupleIJDpT0_EEE4typeERS8_
                0x0000000008001ec2       0x1a ./Core/Src/main.o
                0x0000000008001ec2                std::tuple_element<0u, std::tuple<InputPin*, std::default_delete<InputPin> > >::type& std::get<0u, InputPin*, std::default_delete<InputPin> >(std::tuple<InputPin*, std::default_delete<InputPin> >&)
 .text._ZSt3getILj1EJP8InputPinSt14default_deleteIS0_EEERNSt13tuple_elementIXT_ESt5tupleIJDpT0_EEE4typeERS8_
                0x0000000008001edc       0x18 ./Core/Src/main.o
                0x0000000008001edc                std::tuple_element<1u, std::tuple<InputPin*, std::default_delete<InputPin> > >::type& std::get<1u, InputPin*, std::default_delete<InputPin> >(std::tuple<InputPin*, std::default_delete<InputPin> >&)
 .text._ZNSt15__uniq_ptr_implI17RTC_HandleTypeDefSt14default_deleteIS0_EEC2EPS0_
                0x0000000008001ef4       0x28 ./Core/Src/main.o
                0x0000000008001ef4                std::__uniq_ptr_impl<RTC_HandleTypeDef, std::default_delete<RTC_HandleTypeDef> >::__uniq_ptr_impl(RTC_HandleTypeDef*)
                0x0000000008001ef4                std::__uniq_ptr_impl<RTC_HandleTypeDef, std::default_delete<RTC_HandleTypeDef> >::__uniq_ptr_impl(RTC_HandleTypeDef*)
 .text._ZSt3getILj0EJP17RTC_HandleTypeDefSt14default_deleteIS0_EEERNSt13tuple_elementIXT_ESt5tupleIJDpT0_EEE4typeERS8_
                0x0000000008001f1c       0x1a ./Core/Src/main.o
                0x0000000008001f1c                std::tuple_element<0u, std::tuple<RTC_HandleTypeDef*, std::default_delete<RTC_HandleTypeDef> > >::type& std::get<0u, RTC_HandleTypeDef*, std::default_delete<RTC_HandleTypeDef> >(std::tuple<RTC_HandleTypeDef*, std::default_delete<RTC_HandleTypeDef> >&)
 .text._ZSt3getILj1EJP17RTC_HandleTypeDefSt14default_deleteIS0_EEERNSt13tuple_elementIXT_ESt5tupleIJDpT0_EEE4typeERS8_
                0x0000000008001f36       0x18 ./Core/Src/main.o
                0x0000000008001f36                std::tuple_element<1u, std::tuple<RTC_HandleTypeDef*, std::default_delete<RTC_HandleTypeDef> > >::type& std::get<1u, RTC_HandleTypeDef*, std::default_delete<RTC_HandleTypeDef> >(std::tuple<RTC_HandleTypeDef*, std::default_delete<RTC_HandleTypeDef> >&)
 .text._ZSt3getILj0EJP11ApplicationSt14default_deleteIS0_EEERNSt13tuple_elementIXT_ESt5tupleIJDpT0_EEE4typeERS8_
                0x0000000008001f4e       0x1a ./Core/Src/main.o
                0x0000000008001f4e                std::tuple_element<0u, std::tuple<Application*, std::default_delete<Application> > >::type& std::get<0u, Application*, std::default_delete<Application> >(std::tuple<Application*, std::default_delete<Application> >&)
 .text._ZNSt15__uniq_ptr_implI11ApplicationSt14default_deleteIS0_EE10_M_deleterEv
                0x0000000008001f68       0x1a ./Core/Src/main.o
                0x0000000008001f68                std::__uniq_ptr_impl<Application, std::default_delete<Application> >::_M_deleter()
 .text._ZSt3getILj0EJP6AppArgSt14default_deleteIS0_EEERKNSt13tuple_elementIXT_ESt5tupleIJDpT0_EEE4typeERKS8_
                0x0000000008001f82       0x1a ./Core/Src/main.o
                0x0000000008001f82                std::tuple_element<0u, std::tuple<AppArg*, std::default_delete<AppArg> > >::type const& std::get<0u, AppArg*, std::default_delete<AppArg> >(std::tuple<AppArg*, std::default_delete<AppArg> > const&)
 .text._ZNKSt15__uniq_ptr_implI11ApplicationSt14default_deleteIS0_EE6_M_ptrEv
                0x0000000008001f9c       0x1c ./Core/Src/main.o
                0x0000000008001f9c                std::__uniq_ptr_impl<Application, std::default_delete<Application> >::_M_ptr() const
 .text._ZNSt10_Head_baseILj1ESt14default_deleteI8InputPinELb1EEC2Ev
                0x0000000008001fb8       0x16 ./Core/Src/main.o
                0x0000000008001fb8                std::_Head_base<1u, std::default_delete<InputPin>, true>::_Head_base()
                0x0000000008001fb8                std::_Head_base<1u, std::default_delete<InputPin>, true>::_Head_base()
 .text._ZNSt10_Head_baseILj1ESt14default_deleteI17RTC_HandleTypeDefELb1EEC2Ev
                0x0000000008001fce       0x16 ./Core/Src/main.o
                0x0000000008001fce                std::_Head_base<1u, std::default_delete<RTC_HandleTypeDef>, true>::_Head_base()
                0x0000000008001fce                std::_Head_base<1u, std::default_delete<RTC_HandleTypeDef>, true>::_Head_base()
 .text._ZSt12__get_helperILj0EP6AppArgJSt14default_deleteIS0_EEERT0_RSt11_Tuple_implIXT_EJS4_DpT1_EE
                0x0000000008001fe4       0x18 ./Core/Src/main.o
                0x0000000008001fe4                AppArg*& std::__get_helper<0u, AppArg*, std::default_delete<AppArg> >(std::_Tuple_impl<0u, AppArg*, std::default_delete<AppArg> >&)
 .text._ZSt12__get_helperILj1ESt14default_deleteI6AppArgEJEERT0_RSt11_Tuple_implIXT_EJS3_DpT1_EE
                0x0000000008001ffc       0x18 ./Core/Src/main.o
                0x0000000008001ffc                std::default_delete<AppArg>& std::__get_helper<1u, std::default_delete<AppArg>>(std::_Tuple_impl<1u, std::default_delete<AppArg>>&)
 .text._ZSt12__get_helperILj0EP8InputPinJSt14default_deleteIS0_EEERT0_RSt11_Tuple_implIXT_EJS4_DpT1_EE
                0x0000000008002014       0x18 ./Core/Src/main.o
                0x0000000008002014                InputPin*& std::__get_helper<0u, InputPin*, std::default_delete<InputPin> >(std::_Tuple_impl<0u, InputPin*, std::default_delete<InputPin> >&)
 .text._ZSt12__get_helperILj1ESt14default_deleteI8InputPinEJEERT0_RSt11_Tuple_implIXT_EJS3_DpT1_EE
                0x000000000800202c       0x18 ./Core/Src/main.o
                0x000000000800202c                std::default_delete<InputPin>& std::__get_helper<1u, std::default_delete<InputPin>>(std::_Tuple_impl<1u, std::default_delete<InputPin>>&)
 .text._ZSt12__get_helperILj0EP17RTC_HandleTypeDefJSt14default_deleteIS0_EEERT0_RSt11_Tuple_implIXT_EJS4_DpT1_EE
                0x0000000008002044       0x18 ./Core/Src/main.o
                0x0000000008002044                RTC_HandleTypeDef*& std::__get_helper<0u, RTC_HandleTypeDef*, std::default_delete<RTC_HandleTypeDef> >(std::_Tuple_impl<0u, RTC_HandleTypeDef*, std::default_delete<RTC_HandleTypeDef> >&)
 .text._ZSt12__get_helperILj1ESt14default_deleteI17RTC_HandleTypeDefEJEERT0_RSt11_Tuple_implIXT_EJS3_DpT1_EE
                0x000000000800205c       0x18 ./Core/Src/main.o
                0x000000000800205c                std::default_delete<RTC_HandleTypeDef>& std::__get_helper<1u, std::default_delete<RTC_HandleTypeDef>>(std::_Tuple_impl<1u, std::default_delete<RTC_HandleTypeDef>>&)
 .text._ZSt12__get_helperILj0EP11ApplicationJSt14default_deleteIS0_EEERT0_RSt11_Tuple_implIXT_EJS4_DpT1_EE
                0x0000000008002074       0x18 ./Core/Src/main.o
                0x0000000008002074                Application*& std::__get_helper<0u, Application*, std::default_delete<Application> >(std::_Tuple_impl<0u, Application*, std::default_delete<Application> >&)
 .text._ZSt3getILj1EJP11ApplicationSt14default_deleteIS0_EEERNSt13tuple_elementIXT_ESt5tupleIJDpT0_EEE4typeERS8_
                0x000000000800208c       0x18 ./Core/Src/main.o
                0x000000000800208c                std::tuple_element<1u, std::tuple<Application*, std::default_delete<Application> > >::type& std::get<1u, Application*, std::default_delete<Application> >(std::tuple<Application*, std::default_delete<Application> >&)
 .text._ZSt12__get_helperILj0EP6AppArgJSt14default_deleteIS0_EEERKT0_RKSt11_Tuple_implIXT_EJS4_DpT1_EE
                0x00000000080020a4       0x18 ./Core/Src/main.o
                0x00000000080020a4                AppArg* const& std::__get_helper<0u, AppArg*, std::default_delete<AppArg> >(std::_Tuple_impl<0u, AppArg*, std::default_delete<AppArg> > const&)
 .text._ZSt3getILj0EJP11ApplicationSt14default_deleteIS0_EEERKNSt13tuple_elementIXT_ESt5tupleIJDpT0_EEE4typeERKS8_
                0x00000000080020bc       0x1a ./Core/Src/main.o
                0x00000000080020bc                std::tuple_element<0u, std::tuple<Application*, std::default_delete<Application> > >::type const& std::get<0u, Application*, std::default_delete<Application> >(std::tuple<Application*, std::default_delete<Application> > const&)
 .text._ZNSt11_Tuple_implILj0EJP6AppArgSt14default_deleteIS0_EEE7_M_headERS4_
                0x00000000080020d6       0x1a ./Core/Src/main.o
                0x00000000080020d6                std::_Tuple_impl<0u, AppArg*, std::default_delete<AppArg> >::_M_head(std::_Tuple_impl<0u, AppArg*, std::default_delete<AppArg> >&)
 .text._ZNSt11_Tuple_implILj1EJSt14default_deleteI6AppArgEEE7_M_headERS3_
                0x00000000080020f0       0x18 ./Core/Src/main.o
                0x00000000080020f0                std::_Tuple_impl<1u, std::default_delete<AppArg> >::_M_head(std::_Tuple_impl<1u, std::default_delete<AppArg> >&)
 .text._ZNSt11_Tuple_implILj0EJP8InputPinSt14default_deleteIS0_EEE7_M_headERS4_
                0x0000000008002108       0x1a ./Core/Src/main.o
                0x0000000008002108                std::_Tuple_impl<0u, InputPin*, std::default_delete<InputPin> >::_M_head(std::_Tuple_impl<0u, InputPin*, std::default_delete<InputPin> >&)
 .text._ZNSt11_Tuple_implILj1EJSt14default_deleteI8InputPinEEE7_M_headERS3_
                0x0000000008002122       0x18 ./Core/Src/main.o
                0x0000000008002122                std::_Tuple_impl<1u, std::default_delete<InputPin> >::_M_head(std::_Tuple_impl<1u, std::default_delete<InputPin> >&)
 .text._ZNSt11_Tuple_implILj0EJP17RTC_HandleTypeDefSt14default_deleteIS0_EEE7_M_headERS4_
                0x000000000800213a       0x1a ./Core/Src/main.o
                0x000000000800213a                std::_Tuple_impl<0u, RTC_HandleTypeDef*, std::default_delete<RTC_HandleTypeDef> >::_M_head(std::_Tuple_impl<0u, RTC_HandleTypeDef*, std::default_delete<RTC_HandleTypeDef> >&)
 .text._ZNSt11_Tuple_implILj1EJSt14default_deleteI17RTC_HandleTypeDefEEE7_M_headERS3_
                0x0000000008002154       0x18 ./Core/Src/main.o
                0x0000000008002154                std::_Tuple_impl<1u, std::default_delete<RTC_HandleTypeDef> >::_M_head(std::_Tuple_impl<1u, std::default_delete<RTC_HandleTypeDef> >&)
 .text._ZNSt11_Tuple_implILj0EJP11ApplicationSt14default_deleteIS0_EEE7_M_headERS4_
                0x000000000800216c       0x1a ./Core/Src/main.o
                0x000000000800216c                std::_Tuple_impl<0u, Application*, std::default_delete<Application> >::_M_head(std::_Tuple_impl<0u, Application*, std::default_delete<Application> >&)
 .text._ZSt12__get_helperILj1ESt14default_deleteI11ApplicationEJEERT0_RSt11_Tuple_implIXT_EJS3_DpT1_EE
                0x0000000008002186       0x18 ./Core/Src/main.o
                0x0000000008002186                std::default_delete<Application>& std::__get_helper<1u, std::default_delete<Application>>(std::_Tuple_impl<1u, std::default_delete<Application>>&)
 .text._ZNSt11_Tuple_implILj0EJP6AppArgSt14default_deleteIS0_EEE7_M_headERKS4_
                0x000000000800219e       0x1a ./Core/Src/main.o
                0x000000000800219e                std::_Tuple_impl<0u, AppArg*, std::default_delete<AppArg> >::_M_head(std::_Tuple_impl<0u, AppArg*, std::default_delete<AppArg> > const&)
 .text._ZSt12__get_helperILj0EP11ApplicationJSt14default_deleteIS0_EEERKT0_RKSt11_Tuple_implIXT_EJS4_DpT1_EE
                0x00000000080021b8       0x18 ./Core/Src/main.o
                0x00000000080021b8                Application* const& std::__get_helper<0u, Application*, std::default_delete<Application> >(std::_Tuple_impl<0u, Application*, std::default_delete<Application> > const&)
 .text._ZNSt10_Head_baseILj0EP6AppArgLb0EE7_M_headERS2_
                0x00000000080021d0       0x16 ./Core/Src/main.o
                0x00000000080021d0                std::_Head_base<0u, AppArg*, false>::_M_head(std::_Head_base<0u, AppArg*, false>&)
 .text._ZNSt10_Head_baseILj1ESt14default_deleteI6AppArgELb1EE7_M_headERS3_
                0x00000000080021e6       0x16 ./Core/Src/main.o
                0x00000000080021e6                std::_Head_base<1u, std::default_delete<AppArg>, true>::_M_head(std::_Head_base<1u, std::default_delete<AppArg>, true>&)
 .text._ZNSt10_Head_baseILj0EP8InputPinLb0EE7_M_headERS2_
                0x00000000080021fc       0x16 ./Core/Src/main.o
                0x00000000080021fc                std::_Head_base<0u, InputPin*, false>::_M_head(std::_Head_base<0u, InputPin*, false>&)
 .text._ZNSt10_Head_baseILj1ESt14default_deleteI8InputPinELb1EE7_M_headERS3_
                0x0000000008002212       0x16 ./Core/Src/main.o
                0x0000000008002212                std::_Head_base<1u, std::default_delete<InputPin>, true>::_M_head(std::_Head_base<1u, std::default_delete<InputPin>, true>&)
 .text._ZNSt10_Head_baseILj0EP17RTC_HandleTypeDefLb0EE7_M_headERS2_
                0x0000000008002228       0x16 ./Core/Src/main.o
                0x0000000008002228                std::_Head_base<0u, RTC_HandleTypeDef*, false>::_M_head(std::_Head_base<0u, RTC_HandleTypeDef*, false>&)
 .text._ZNSt10_Head_baseILj1ESt14default_deleteI17RTC_HandleTypeDefELb1EE7_M_headERS3_
                0x000000000800223e       0x16 ./Core/Src/main.o
                0x000000000800223e                std::_Head_base<1u, std::default_delete<RTC_HandleTypeDef>, true>::_M_head(std::_Head_base<1u, std::default_delete<RTC_HandleTypeDef>, true>&)
 .text._ZNSt10_Head_baseILj0EP11ApplicationLb0EE7_M_headERS2_
                0x0000000008002254       0x16 ./Core/Src/main.o
                0x0000000008002254                std::_Head_base<0u, Application*, false>::_M_head(std::_Head_base<0u, Application*, false>&)
 .text._ZNSt11_Tuple_implILj1EJSt14default_deleteI11ApplicationEEE7_M_headERS3_
                0x000000000800226a       0x18 ./Core/Src/main.o
                0x000000000800226a                std::_Tuple_impl<1u, std::default_delete<Application> >::_M_head(std::_Tuple_impl<1u, std::default_delete<Application> >&)
 .text._ZNSt10_Head_baseILj0EP6AppArgLb0EE7_M_headERKS2_
                0x0000000008002282       0x16 ./Core/Src/main.o
                0x0000000008002282                std::_Head_base<0u, AppArg*, false>::_M_head(std::_Head_base<0u, AppArg*, false> const&)
 .text._ZNSt11_Tuple_implILj0EJP11ApplicationSt14default_deleteIS0_EEE7_M_headERKS4_
                0x0000000008002298       0x1a ./Core/Src/main.o
                0x0000000008002298                std::_Tuple_impl<0u, Application*, std::default_delete<Application> >::_M_head(std::_Tuple_impl<0u, Application*, std::default_delete<Application> > const&)
 .text._ZNSt10_Head_baseILj1ESt14default_deleteI11ApplicationELb1EE7_M_headERS3_
                0x00000000080022b2       0x16 ./Core/Src/main.o
                0x00000000080022b2                std::_Head_base<1u, std::default_delete<Application>, true>::_M_head(std::_Head_base<1u, std::default_delete<Application>, true>&)
 .text._ZNSt10_Head_baseILj0EP11ApplicationLb0EE7_M_headERKS2_
                0x00000000080022c8       0x16 ./Core/Src/main.o
                0x00000000080022c8                std::_Head_base<0u, Application*, false>::_M_head(std::_Head_base<0u, Application*, false> const&)
 *fill*         0x00000000080022de        0x2 
 .text._Z41__static_initialization_and_destruction_0ii
                0x00000000080022e0       0x2c ./Core/Src/main.o
 .text._GLOBAL__sub_I_hi2c3
                0x000000000800230c       0x10 ./Core/Src/main.o
 .text._GLOBAL__sub_D_hi2c3
                0x000000000800231c       0x10 ./Core/Src/main.o
 .text.HAL_MspInit
                0x000000000800232c       0x64 ./Core/Src/stm32l4xx_hal_msp.o
                0x000000000800232c                HAL_MspInit
 .text.HAL_I2C_MspInit
                0x0000000008002390       0xf4 ./Core/Src/stm32l4xx_hal_msp.o
                0x0000000008002390                HAL_I2C_MspInit
 .text.HAL_RTC_MspInit
                0x0000000008002484       0x60 ./Core/Src/stm32l4xx_hal_msp.o
                0x0000000008002484                HAL_RTC_MspInit
 .text.HAL_TIM_Base_MspInit
                0x00000000080024e4       0x4c ./Core/Src/stm32l4xx_hal_msp.o
                0x00000000080024e4                HAL_TIM_Base_MspInit
 .text.NMI_Handler
                0x0000000008002530        0x6 ./Core/Src/stm32l4xx_it.o
                0x0000000008002530                NMI_Handler
 .text.HardFault_Handler
                0x0000000008002536        0x6 ./Core/Src/stm32l4xx_it.o
                0x0000000008002536                HardFault_Handler
 .text.MemManage_Handler
                0x000000000800253c        0x6 ./Core/Src/stm32l4xx_it.o
                0x000000000800253c                MemManage_Handler
 .text.BusFault_Handler
                0x0000000008002542        0x6 ./Core/Src/stm32l4xx_it.o
                0x0000000008002542                BusFault_Handler
 .text.UsageFault_Handler
                0x0000000008002548        0x6 ./Core/Src/stm32l4xx_it.o
                0x0000000008002548                UsageFault_Handler
 .text.SVC_Handler
                0x000000000800254e        0xe ./Core/Src/stm32l4xx_it.o
                0x000000000800254e                SVC_Handler
 .text.DebugMon_Handler
                0x000000000800255c        0xe ./Core/Src/stm32l4xx_it.o
                0x000000000800255c                DebugMon_Handler
 .text.PendSV_Handler
                0x000000000800256a        0xe ./Core/Src/stm32l4xx_it.o
                0x000000000800256a                PendSV_Handler
 .text.SysTick_Handler
                0x0000000008002578        0xc ./Core/Src/stm32l4xx_it.o
                0x0000000008002578                SysTick_Handler
 .text.EXTI3_IRQHandler
                0x0000000008002584       0x28 ./Core/Src/stm32l4xx_it.o
                0x0000000008002584                EXTI3_IRQHandler
 .text.EXTI9_5_IRQHandler
                0x00000000080025ac       0x28 ./Core/Src/stm32l4xx_it.o
                0x00000000080025ac                EXTI9_5_IRQHandler
 .text.EXTI15_10_IRQHandler
                0x00000000080025d4       0x28 ./Core/Src/stm32l4xx_it.o
                0x00000000080025d4                EXTI15_10_IRQHandler
 .text.TIM6_DAC_IRQHandler
                0x00000000080025fc       0x14 ./Core/Src/stm32l4xx_it.o
                0x00000000080025fc                TIM6_DAC_IRQHandler
 .text._getpid  0x0000000008002610       0x10 ./Core/Src/syscalls.o
                0x0000000008002610                _getpid
 .text._kill    0x0000000008002620       0x20 ./Core/Src/syscalls.o
                0x0000000008002620                _kill
 .text._exit    0x0000000008002640       0x14 ./Core/Src/syscalls.o
                0x0000000008002640                _exit
 .text._read    0x0000000008002654       0x3a ./Core/Src/syscalls.o
                0x0000000008002654                _read
 .text._write   0x000000000800268e       0x38 ./Core/Src/syscalls.o
                0x000000000800268e                _write
 .text._close   0x00000000080026c6       0x18 ./Core/Src/syscalls.o
                0x00000000080026c6                _close
 .text._fstat   0x00000000080026de       0x20 ./Core/Src/syscalls.o
                0x00000000080026de                _fstat
 .text._isatty  0x00000000080026fe       0x16 ./Core/Src/syscalls.o
                0x00000000080026fe                _isatty
 .text._lseek   0x0000000008002714       0x1a ./Core/Src/syscalls.o
                0x0000000008002714                _lseek
 *fill*         0x000000000800272e        0x2 
 .text._sbrk    0x0000000008002730       0x6c ./Core/Src/sysmem.o
                0x0000000008002730                _sbrk
 .text.SystemInit
                0x000000000800279c       0x24 ./Core/Src/system_stm32l4xx.o
                0x000000000800279c                SystemInit
 .text.Reset_Handler
                0x00000000080027c0       0x50 ./Core/Startup/startup_stm32l431cctx.o
                0x00000000080027c0                Reset_Handler
 .text.Default_Handler
                0x0000000008002810        0x2 ./Core/Startup/startup_stm32l431cctx.o
                0x0000000008002810                RTC_Alarm_IRQHandler
                0x0000000008002810                EXTI2_IRQHandler
                0x0000000008002810                TIM1_CC_IRQHandler
                0x0000000008002810                TSC_IRQHandler
                0x0000000008002810                TAMP_STAMP_IRQHandler
                0x0000000008002810                LPTIM2_IRQHandler
                0x0000000008002810                I2C3_ER_IRQHandler
                0x0000000008002810                EXTI0_IRQHandler
                0x0000000008002810                I2C2_EV_IRQHandler
                0x0000000008002810                CAN1_RX0_IRQHandler
                0x0000000008002810                FPU_IRQHandler
                0x0000000008002810                TIM1_UP_TIM16_IRQHandler
                0x0000000008002810                SPI1_IRQHandler
                0x0000000008002810                DMA2_Channel2_IRQHandler
                0x0000000008002810                DMA1_Channel4_IRQHandler
                0x0000000008002810                ADC1_IRQHandler
                0x0000000008002810                USART3_IRQHandler
                0x0000000008002810                DMA1_Channel7_IRQHandler
                0x0000000008002810                CAN1_RX1_IRQHandler
                0x0000000008002810                DMA2_Channel1_IRQHandler
                0x0000000008002810                QUADSPI_IRQHandler
                0x0000000008002810                I2C1_EV_IRQHandler
                0x0000000008002810                DMA1_Channel6_IRQHandler
                0x0000000008002810                DMA2_Channel4_IRQHandler
                0x0000000008002810                RCC_IRQHandler
                0x0000000008002810                TIM1_TRG_COM_IRQHandler
                0x0000000008002810                DMA1_Channel1_IRQHandler
                0x0000000008002810                Default_Handler
                0x0000000008002810                DMA2_Channel7_IRQHandler
                0x0000000008002810                TIM7_IRQHandler
                0x0000000008002810                SDMMC1_IRQHandler
                0x0000000008002810                I2C3_EV_IRQHandler
                0x0000000008002810                RTC_WKUP_IRQHandler
                0x0000000008002810                PVD_PVM_IRQHandler
                0x0000000008002810                SPI2_IRQHandler
                0x0000000008002810                CAN1_TX_IRQHandler
                0x0000000008002810                DMA2_Channel5_IRQHandler
                0x0000000008002810                CRS_IRQHandler
                0x0000000008002810                DMA1_Channel5_IRQHandler
                0x0000000008002810                EXTI4_IRQHandler
                0x0000000008002810                RNG_IRQHandler
                0x0000000008002810                DMA1_Channel3_IRQHandler
                0x0000000008002810                COMP_IRQHandler
                0x0000000008002810                WWDG_IRQHandler
                0x0000000008002810                LPUART1_IRQHandler
                0x0000000008002810                DMA2_Channel6_IRQHandler
                0x0000000008002810                TIM2_IRQHandler
                0x0000000008002810                EXTI1_IRQHandler
                0x0000000008002810                USART2_IRQHandler
                0x0000000008002810                I2C2_ER_IRQHandler
                0x0000000008002810                DMA1_Channel2_IRQHandler
                0x0000000008002810                CAN1_SCE_IRQHandler
                0x0000000008002810                FLASH_IRQHandler
                0x0000000008002810                USART1_IRQHandler
                0x0000000008002810                SPI3_IRQHandler
                0x0000000008002810                I2C1_ER_IRQHandler
                0x0000000008002810                SWPMI1_IRQHandler
                0x0000000008002810                LPTIM1_IRQHandler
                0x0000000008002810                SAI1_IRQHandler
                0x0000000008002810                DMA2_Channel3_IRQHandler
                0x0000000008002810                TIM1_BRK_TIM15_IRQHandler
 .text.HAL_Init
                0x0000000008002812       0x30 ./Drivers/STM32L4xx_HAL_Driver/Src/stm32l4xx_hal.o
                0x0000000008002812                HAL_Init
 *fill*         0x0000000008002842        0x2 
 .text.HAL_InitTick
                0x0000000008002844       0x78 ./Drivers/STM32L4xx_HAL_Driver/Src/stm32l4xx_hal.o
                0x0000000008002844                HAL_InitTick
 .text.HAL_IncTick
                0x00000000080028bc       0x28 ./Drivers/STM32L4xx_HAL_Driver/Src/stm32l4xx_hal.o
                0x00000000080028bc                HAL_IncTick
 .text.HAL_GetTick
                0x00000000080028e4       0x18 ./Drivers/STM32L4xx_HAL_Driver/Src/stm32l4xx_hal.o
                0x00000000080028e4                HAL_GetTick
 .text.HAL_Delay
                0x00000000080028fc       0x48 ./Drivers/STM32L4xx_HAL_Driver/Src/stm32l4xx_hal.o
                0x00000000080028fc                HAL_Delay
 .text.__NVIC_SetPriorityGrouping
                0x0000000008002944       0x48 ./Drivers/STM32L4xx_HAL_Driver/Src/stm32l4xx_hal_cortex.o
 .text.__NVIC_GetPriorityGrouping
                0x000000000800298c       0x1c ./Drivers/STM32L4xx_HAL_Driver/Src/stm32l4xx_hal_cortex.o
 .text.__NVIC_EnableIRQ
                0x00000000080029a8       0x3c ./Drivers/STM32L4xx_HAL_Driver/Src/stm32l4xx_hal_cortex.o
 .text.__NVIC_SetPriority
                0x00000000080029e4       0x54 ./Drivers/STM32L4xx_HAL_Driver/Src/stm32l4xx_hal_cortex.o
 .text.NVIC_EncodePriority
                0x0000000008002a38       0x66 ./Drivers/STM32L4xx_HAL_Driver/Src/stm32l4xx_hal_cortex.o
 *fill*         0x0000000008002a9e        0x2 
 .text.SysTick_Config
                0x0000000008002aa0       0x44 ./Drivers/STM32L4xx_HAL_Driver/Src/stm32l4xx_hal_cortex.o
 .text.HAL_NVIC_SetPriorityGrouping
                0x0000000008002ae4       0x16 ./Drivers/STM32L4xx_HAL_Driver/Src/stm32l4xx_hal_cortex.o
                0x0000000008002ae4                HAL_NVIC_SetPriorityGrouping
 .text.HAL_NVIC_SetPriority
                0x0000000008002afa       0x38 ./Drivers/STM32L4xx_HAL_Driver/Src/stm32l4xx_hal_cortex.o
                0x0000000008002afa                HAL_NVIC_SetPriority
 .text.HAL_NVIC_EnableIRQ
                0x0000000008002b32       0x1c ./Drivers/STM32L4xx_HAL_Driver/Src/stm32l4xx_hal_cortex.o
                0x0000000008002b32                HAL_NVIC_EnableIRQ
 .text.HAL_SYSTICK_Config
                0x0000000008002b4e       0x18 ./Drivers/STM32L4xx_HAL_Driver/Src/stm32l4xx_hal_cortex.o
                0x0000000008002b4e                HAL_SYSTICK_Config
 *fill*         0x0000000008002b66        0x2 
 .text.HAL_GPIO_Init
                0x0000000008002b68      0x2f4 ./Drivers/STM32L4xx_HAL_Driver/Src/stm32l4xx_hal_gpio.o
                0x0000000008002b68                HAL_GPIO_Init
 .text.HAL_GPIO_ReadPin
                0x0000000008002e5c       0x30 ./Drivers/STM32L4xx_HAL_Driver/Src/stm32l4xx_hal_gpio.o
                0x0000000008002e5c                HAL_GPIO_ReadPin
 .text.HAL_GPIO_WritePin
                0x0000000008002e8c       0x30 ./Drivers/STM32L4xx_HAL_Driver/Src/stm32l4xx_hal_gpio.o
                0x0000000008002e8c                HAL_GPIO_WritePin
 .text.HAL_GPIO_EXTI_IRQHandler
                0x0000000008002ebc       0x30 ./Drivers/STM32L4xx_HAL_Driver/Src/stm32l4xx_hal_gpio.o
                0x0000000008002ebc                HAL_GPIO_EXTI_IRQHandler
 .text.HAL_GPIO_EXTI_Callback
                0x0000000008002eec       0x16 ./Drivers/STM32L4xx_HAL_Driver/Src/stm32l4xx_hal_gpio.o
                0x0000000008002eec                HAL_GPIO_EXTI_Callback
 .text.HAL_I2C_Init
                0x0000000008002f02      0x136 ./Drivers/STM32L4xx_HAL_Driver/Src/stm32l4xx_hal_i2c.o
                0x0000000008002f02                HAL_I2C_Init
 .text.HAL_I2CEx_ConfigAnalogFilter
                0x0000000008003038       0x96 ./Drivers/STM32L4xx_HAL_Driver/Src/stm32l4xx_hal_i2c_ex.o
                0x0000000008003038                HAL_I2CEx_ConfigAnalogFilter
 .text.HAL_I2CEx_ConfigDigitalFilter
                0x00000000080030ce       0x98 ./Drivers/STM32L4xx_HAL_Driver/Src/stm32l4xx_hal_i2c_ex.o
                0x00000000080030ce                HAL_I2CEx_ConfigDigitalFilter
 *fill*         0x0000000008003166        0x2 
 .text.HAL_PWR_EnableBkUpAccess
                0x0000000008003168       0x20 ./Drivers/STM32L4xx_HAL_Driver/Src/stm32l4xx_hal_pwr.o
                0x0000000008003168                HAL_PWR_EnableBkUpAccess
 .text.HAL_PWR_ConfigPVD
                0x0000000008003188       0xc0 ./Drivers/STM32L4xx_HAL_Driver/Src/stm32l4xx_hal_pwr.o
                0x0000000008003188                HAL_PWR_ConfigPVD
 .text.HAL_PWR_EnablePVD
                0x0000000008003248       0x20 ./Drivers/STM32L4xx_HAL_Driver/Src/stm32l4xx_hal_pwr.o
                0x0000000008003248                HAL_PWR_EnablePVD
 .text.HAL_PWREx_GetVoltageRange
                0x0000000008003268       0x1c ./Drivers/STM32L4xx_HAL_Driver/Src/stm32l4xx_hal_pwr_ex.o
                0x0000000008003268                HAL_PWREx_GetVoltageRange
 .text.HAL_PWREx_ControlVoltageScaling
                0x0000000008003284       0xac ./Drivers/STM32L4xx_HAL_Driver/Src/stm32l4xx_hal_pwr_ex.o
                0x0000000008003284                HAL_PWREx_ControlVoltageScaling
 .text.HAL_PWREx_EnterSTOP2Mode
                0x0000000008003330       0x58 ./Drivers/STM32L4xx_HAL_Driver/Src/stm32l4xx_hal_pwr_ex.o
                0x0000000008003330                HAL_PWREx_EnterSTOP2Mode
 .text.HAL_RCC_OscConfig
                0x0000000008003388      0x828 ./Drivers/STM32L4xx_HAL_Driver/Src/stm32l4xx_hal_rcc.o
                0x0000000008003388                HAL_RCC_OscConfig
 .text.HAL_RCC_ClockConfig
                0x0000000008003bb0      0x200 ./Drivers/STM32L4xx_HAL_Driver/Src/stm32l4xx_hal_rcc.o
                0x0000000008003bb0                HAL_RCC_ClockConfig
 .text.HAL_RCC_GetSysClockFreq
                0x0000000008003db0      0x118 ./Drivers/STM32L4xx_HAL_Driver/Src/stm32l4xx_hal_rcc.o
                0x0000000008003db0                HAL_RCC_GetSysClockFreq
 .text.RCC_SetFlashLatencyFromMSIRange
                0x0000000008003ec8       0xc0 ./Drivers/STM32L4xx_HAL_Driver/Src/stm32l4xx_hal_rcc.o
 .text.HAL_RCCEx_PeriphCLKConfig
                0x0000000008003f88      0x430 ./Drivers/STM32L4xx_HAL_Driver/Src/stm32l4xx_hal_rcc_ex.o
                0x0000000008003f88                HAL_RCCEx_PeriphCLKConfig
 .text.RCCEx_PLLSAI1_Config
                0x00000000080043b8      0x1e4 ./Drivers/STM32L4xx_HAL_Driver/Src/stm32l4xx_hal_rcc_ex.o
 .text.HAL_RTC_Init
                0x000000000800459c      0x110 ./Drivers/STM32L4xx_HAL_Driver/Src/stm32l4xx_hal_rtc.o
                0x000000000800459c                HAL_RTC_Init
 .text.HAL_RTC_SetTime
                0x00000000080046ac      0x13a ./Drivers/STM32L4xx_HAL_Driver/Src/stm32l4xx_hal_rtc.o
                0x00000000080046ac                HAL_RTC_SetTime
 .text.HAL_RTC_GetTime
                0x00000000080047e6       0xb8 ./Drivers/STM32L4xx_HAL_Driver/Src/stm32l4xx_hal_rtc.o
                0x00000000080047e6                HAL_RTC_GetTime
 .text.HAL_RTC_GetDate
                0x000000000800489e       0x9a ./Drivers/STM32L4xx_HAL_Driver/Src/stm32l4xx_hal_rtc.o
                0x000000000800489e                HAL_RTC_GetDate
 .text.HAL_RTC_WaitForSynchro
                0x0000000008004938       0x48 ./Drivers/STM32L4xx_HAL_Driver/Src/stm32l4xx_hal_rtc.o
                0x0000000008004938                HAL_RTC_WaitForSynchro
 .text.RTC_EnterInitMode
                0x0000000008004980       0x66 ./Drivers/STM32L4xx_HAL_Driver/Src/stm32l4xx_hal_rtc.o
                0x0000000008004980                RTC_EnterInitMode
 *fill*         0x00000000080049e6        0x2 
 .text.RTC_ExitInitMode
                0x00000000080049e8       0x7c ./Drivers/STM32L4xx_HAL_Driver/Src/stm32l4xx_hal_rtc.o
                0x00000000080049e8                RTC_ExitInitMode
 .text.RTC_ByteToBcd2
                0x0000000008004a64       0x40 ./Drivers/STM32L4xx_HAL_Driver/Src/stm32l4xx_hal_rtc.o
                0x0000000008004a64                RTC_ByteToBcd2
 .text.RTC_Bcd2ToByte
                0x0000000008004aa4       0x34 ./Drivers/STM32L4xx_HAL_Driver/Src/stm32l4xx_hal_rtc.o
                0x0000000008004aa4                RTC_Bcd2ToByte
 .text.HAL_TIM_Base_Init
                0x0000000008004ad8       0xae ./Drivers/STM32L4xx_HAL_Driver/Src/stm32l4xx_hal_tim.o
                0x0000000008004ad8                HAL_TIM_Base_Init
 *fill*         0x0000000008004b86        0x2 
 .text.HAL_TIM_Base_Start_IT
                0x0000000008004b88       0xa8 ./Drivers/STM32L4xx_HAL_Driver/Src/stm32l4xx_hal_tim.o
                0x0000000008004b88                HAL_TIM_Base_Start_IT
 .text.HAL_TIM_Base_Stop_IT
                0x0000000008004c30       0x5e ./Drivers/STM32L4xx_HAL_Driver/Src/stm32l4xx_hal_tim.o
                0x0000000008004c30                HAL_TIM_Base_Stop_IT
 .text.HAL_TIM_IRQHandler
                0x0000000008004c8e      0x204 ./Drivers/STM32L4xx_HAL_Driver/Src/stm32l4xx_hal_tim.o
                0x0000000008004c8e                HAL_TIM_IRQHandler
 .text.HAL_TIM_OC_DelayElapsedCallback
                0x0000000008004e92       0x14 ./Drivers/STM32L4xx_HAL_Driver/Src/stm32l4xx_hal_tim.o
                0x0000000008004e92                HAL_TIM_OC_DelayElapsedCallback
 .text.HAL_TIM_IC_CaptureCallback
                0x0000000008004ea6       0x14 ./Drivers/STM32L4xx_HAL_Driver/Src/stm32l4xx_hal_tim.o
                0x0000000008004ea6                HAL_TIM_IC_CaptureCallback
 .text.HAL_TIM_PWM_PulseFinishedCallback
                0x0000000008004eba       0x14 ./Drivers/STM32L4xx_HAL_Driver/Src/stm32l4xx_hal_tim.o
                0x0000000008004eba                HAL_TIM_PWM_PulseFinishedCallback
 .text.HAL_TIM_TriggerCallback
                0x0000000008004ece       0x14 ./Drivers/STM32L4xx_HAL_Driver/Src/stm32l4xx_hal_tim.o
                0x0000000008004ece                HAL_TIM_TriggerCallback
 *fill*         0x0000000008004ee2        0x2 
 .text.TIM_Base_SetConfig
                0x0000000008004ee4       0xc8 ./Drivers/STM32L4xx_HAL_Driver/Src/stm32l4xx_hal_tim.o
                0x0000000008004ee4                TIM_Base_SetConfig
 .text.HAL_TIMEx_MasterConfigSynchronization
                0x0000000008004fac       0xcc ./Drivers/STM32L4xx_HAL_Driver/Src/stm32l4xx_hal_tim_ex.o
                0x0000000008004fac                HAL_TIMEx_MasterConfigSynchronization
 .text.HAL_TIMEx_CommutCallback
                0x0000000008005078       0x14 ./Drivers/STM32L4xx_HAL_Driver/Src/stm32l4xx_hal_tim_ex.o
                0x0000000008005078                HAL_TIMEx_CommutCallback
 .text.HAL_TIMEx_BreakCallback
                0x000000000800508c       0x14 ./Drivers/STM32L4xx_HAL_Driver/Src/stm32l4xx_hal_tim_ex.o
                0x000000000800508c                HAL_TIMEx_BreakCallback
 .text.HAL_TIMEx_Break2Callback
                0x00000000080050a0       0x14 ./Drivers/STM32L4xx_HAL_Driver/Src/stm32l4xx_hal_tim_ex.o
                0x00000000080050a0                HAL_TIMEx_Break2Callback
 .text._ZdlPvj  0x00000000080050b4        0x4 C:/ST/STM32CubeIDE_1.14.0/STM32CubeIDE/plugins/com.st.stm32cube.ide.mcu.externaltools.gnu-tools-for-stm32.11.3.rel1.win32_1.1.100.202309141235/tools/bin/../lib/gcc/arm-none-eabi/11.3.1/../../../../arm-none-eabi/lib/thumb/v7e-m+fp/hard\libstdc++_nano.a(del_ops.o)
                0x00000000080050b4                operator delete(void*, unsigned int)
 .text._Znwj    0x00000000080050b8       0x22 C:/ST/STM32CubeIDE_1.14.0/STM32CubeIDE/plugins/com.st.stm32cube.ide.mcu.externaltools.gnu-tools-for-stm32.11.3.rel1.win32_1.1.100.202309141235/tools/bin/../lib/gcc/arm-none-eabi/11.3.1/../../../../arm-none-eabi/lib/thumb/v7e-m+fp/hard\libstdc++_nano.a(new_op.o)
                0x00000000080050b8                operator new(unsigned int)
 .text._ZdlPv   0x00000000080050da        0x4 C:/ST/STM32CubeIDE_1.14.0/STM32CubeIDE/plugins/com.st.stm32cube.ide.mcu.externaltools.gnu-tools-for-stm32.11.3.rel1.win32_1.1.100.202309141235/tools/bin/../lib/gcc/arm-none-eabi/11.3.1/../../../../arm-none-eabi/lib/thumb/v7e-m+fp/hard\libstdc++_nano.a(del_op.o)
                0x00000000080050da                operator delete(void*)
 *fill*         0x00000000080050de        0x2 
 .text._ZSt15get_new_handlerv
                0x00000000080050e0       0x10 C:/ST/STM32CubeIDE_1.14.0/STM32CubeIDE/plugins/com.st.stm32cube.ide.mcu.externaltools.gnu-tools-for-stm32.11.3.rel1.win32_1.1.100.202309141235/tools/bin/../lib/gcc/arm-none-eabi/11.3.1/../../../../arm-none-eabi/lib/thumb/v7e-m+fp/hard\libstdc++_nano.a(new_handler.o)
                0x00000000080050e0                std::get_new_handler()
 .text.abort    0x00000000080050f0        0xe C:/ST/STM32CubeIDE_1.14.0/STM32CubeIDE/plugins/com.st.stm32cube.ide.mcu.externaltools.gnu-tools-for-stm32.11.3.rel1.win32_1.1.100.202309141235/tools/bin/../lib/gcc/arm-none-eabi/11.3.1/../../../../arm-none-eabi/lib/thumb/v7e-m+fp/hard\libc_nano.a(libc_a-abort.o)
                0x00000000080050f0                abort
 *fill*         0x00000000080050fe        0x2 
 .text.malloc   0x0000000008005100       0x10 C:/ST/STM32CubeIDE_1.14.0/STM32CubeIDE/plugins/com.st.stm32cube.ide.mcu.externaltools.gnu-tools-for-stm32.11.3.rel1.win32_1.1.100.202309141235/tools/bin/../lib/gcc/arm-none-eabi/11.3.1/../../../../arm-none-eabi/lib/thumb/v7e-m+fp/hard\libc_nano.a(libc_a-malloc.o)
                0x0000000008005100                malloc
 .text.free     0x0000000008005110       0x10 C:/ST/STM32CubeIDE_1.14.0/STM32CubeIDE/plugins/com.st.stm32cube.ide.mcu.externaltools.gnu-tools-for-stm32.11.3.rel1.win32_1.1.100.202309141235/tools/bin/../lib/gcc/arm-none-eabi/11.3.1/../../../../arm-none-eabi/lib/thumb/v7e-m+fp/hard\libc_nano.a(libc_a-malloc.o)
                0x0000000008005110                free
 .text.sbrk_aligned
                0x0000000008005120       0x40 C:/ST/STM32CubeIDE_1.14.0/STM32CubeIDE/plugins/com.st.stm32cube.ide.mcu.externaltools.gnu-tools-for-stm32.11.3.rel1.win32_1.1.100.202309141235/tools/bin/../lib/gcc/arm-none-eabi/11.3.1/../../../../arm-none-eabi/lib/thumb/v7e-m+fp/hard\libc_nano.a(libc_a-mallocr.o)
 .text._malloc_r
                0x0000000008005160      0x100 C:/ST/STM32CubeIDE_1.14.0/STM32CubeIDE/plugins/com.st.stm32cube.ide.mcu.externaltools.gnu-tools-for-stm32.11.3.rel1.win32_1.1.100.202309141235/tools/bin/../lib/gcc/arm-none-eabi/11.3.1/../../../../arm-none-eabi/lib/thumb/v7e-m+fp/hard\libc_nano.a(libc_a-mallocr.o)
                0x0000000008005160                _malloc_r
 .text.__malloc_lock
                0x0000000008005260        0xc C:/ST/STM32CubeIDE_1.14.0/STM32CubeIDE/plugins/com.st.stm32cube.ide.mcu.externaltools.gnu-tools-for-stm32.11.3.rel1.win32_1.1.100.202309141235/tools/bin/../lib/gcc/arm-none-eabi/11.3.1/../../../../arm-none-eabi/lib/thumb/v7e-m+fp/hard\libc_nano.a(libc_a-mlock.o)
                0x0000000008005260                __malloc_lock
 .text.__malloc_unlock
                0x000000000800526c        0xc C:/ST/STM32CubeIDE_1.14.0/STM32CubeIDE/plugins/com.st.stm32cube.ide.mcu.externaltools.gnu-tools-for-stm32.11.3.rel1.win32_1.1.100.202309141235/tools/bin/../lib/gcc/arm-none-eabi/11.3.1/../../../../arm-none-eabi/lib/thumb/v7e-m+fp/hard\libc_nano.a(libc_a-mlock.o)
                0x000000000800526c                __malloc_unlock
 .text.std      0x0000000008005278       0x6c C:/ST/STM32CubeIDE_1.14.0/STM32CubeIDE/plugins/com.st.stm32cube.ide.mcu.externaltools.gnu-tools-for-stm32.11.3.rel1.win32_1.1.100.202309141235/tools/bin/../lib/gcc/arm-none-eabi/11.3.1/../../../../arm-none-eabi/lib/thumb/v7e-m+fp/hard\libc_nano.a(libc_a-findfp.o)
 .text.stdio_exit_handler
                0x00000000080052e4       0x18 C:/ST/STM32CubeIDE_1.14.0/STM32CubeIDE/plugins/com.st.stm32cube.ide.mcu.externaltools.gnu-tools-for-stm32.11.3.rel1.win32_1.1.100.202309141235/tools/bin/../lib/gcc/arm-none-eabi/11.3.1/../../../../arm-none-eabi/lib/thumb/v7e-m+fp/hard\libc_nano.a(libc_a-findfp.o)
 .text.cleanup_stdio
                0x00000000080052fc       0x40 C:/ST/STM32CubeIDE_1.14.0/STM32CubeIDE/plugins/com.st.stm32cube.ide.mcu.externaltools.gnu-tools-for-stm32.11.3.rel1.win32_1.1.100.202309141235/tools/bin/../lib/gcc/arm-none-eabi/11.3.1/../../../../arm-none-eabi/lib/thumb/v7e-m+fp/hard\libc_nano.a(libc_a-findfp.o)
 .text.global_stdio_init.part.0
                0x000000000800533c       0x3c C:/ST/STM32CubeIDE_1.14.0/STM32CubeIDE/plugins/com.st.stm32cube.ide.mcu.externaltools.gnu-tools-for-stm32.11.3.rel1.win32_1.1.100.202309141235/tools/bin/../lib/gcc/arm-none-eabi/11.3.1/../../../../arm-none-eabi/lib/thumb/v7e-m+fp/hard\libc_nano.a(libc_a-findfp.o)
 .text.__sfp_lock_acquire
                0x0000000008005378        0xc C:/ST/STM32CubeIDE_1.14.0/STM32CubeIDE/plugins/com.st.stm32cube.ide.mcu.externaltools.gnu-tools-for-stm32.11.3.rel1.win32_1.1.100.202309141235/tools/bin/../lib/gcc/arm-none-eabi/11.3.1/../../../../arm-none-eabi/lib/thumb/v7e-m+fp/hard\libc_nano.a(libc_a-findfp.o)
                0x0000000008005378                __sfp_lock_acquire
 .text.__sfp_lock_release
                0x0000000008005384        0xc C:/ST/STM32CubeIDE_1.14.0/STM32CubeIDE/plugins/com.st.stm32cube.ide.mcu.externaltools.gnu-tools-for-stm32.11.3.rel1.win32_1.1.100.202309141235/tools/bin/../lib/gcc/arm-none-eabi/11.3.1/../../../../arm-none-eabi/lib/thumb/v7e-m+fp/hard\libc_nano.a(libc_a-findfp.o)
                0x0000000008005384                __sfp_lock_release
 .text.__sinit  0x0000000008005390       0x30 C:/ST/STM32CubeIDE_1.14.0/STM32CubeIDE/plugins/com.st.stm32cube.ide.mcu.externaltools.gnu-tools-for-stm32.11.3.rel1.win32_1.1.100.202309141235/tools/bin/../lib/gcc/arm-none-eabi/11.3.1/../../../../arm-none-eabi/lib/thumb/v7e-m+fp/hard\libc_nano.a(libc_a-findfp.o)
                0x0000000008005390                __sinit
 .text._fwalk_sglue
                0x00000000080053c0       0x3c C:/ST/STM32CubeIDE_1.14.0/STM32CubeIDE/plugins/com.st.stm32cube.ide.mcu.externaltools.gnu-tools-for-stm32.11.3.rel1.win32_1.1.100.202309141235/tools/bin/../lib/gcc/arm-none-eabi/11.3.1/../../../../arm-none-eabi/lib/thumb/v7e-m+fp/hard\libc_nano.a(libc_a-fwalk.o)
                0x00000000080053c0                _fwalk_sglue
 .text.printf   0x00000000080053fc       0x24 C:/ST/STM32CubeIDE_1.14.0/STM32CubeIDE/plugins/com.st.stm32cube.ide.mcu.externaltools.gnu-tools-for-stm32.11.3.rel1.win32_1.1.100.202309141235/tools/bin/../lib/gcc/arm-none-eabi/11.3.1/../../../../arm-none-eabi/lib/thumb/v7e-m+fp/hard\libc_nano.a(libc_a-printf.o)
                0x00000000080053fc                iprintf
                0x00000000080053fc                printf
 .text.__sread  0x0000000008005420       0x22 C:/ST/STM32CubeIDE_1.14.0/STM32CubeIDE/plugins/com.st.stm32cube.ide.mcu.externaltools.gnu-tools-for-stm32.11.3.rel1.win32_1.1.100.202309141235/tools/bin/../lib/gcc/arm-none-eabi/11.3.1/../../../../arm-none-eabi/lib/thumb/v7e-m+fp/hard\libc_nano.a(libc_a-stdio.o)
                0x0000000008005420                __sread
 .text.__swrite
                0x0000000008005442       0x38 C:/ST/STM32CubeIDE_1.14.0/STM32CubeIDE/plugins/com.st.stm32cube.ide.mcu.externaltools.gnu-tools-for-stm32.11.3.rel1.win32_1.1.100.202309141235/tools/bin/../lib/gcc/arm-none-eabi/11.3.1/../../../../arm-none-eabi/lib/thumb/v7e-m+fp/hard\libc_nano.a(libc_a-stdio.o)
                0x0000000008005442                __swrite
 .text.__sseek  0x000000000800547a       0x24 C:/ST/STM32CubeIDE_1.14.0/STM32CubeIDE/plugins/com.st.stm32cube.ide.mcu.externaltools.gnu-tools-for-stm32.11.3.rel1.win32_1.1.100.202309141235/tools/bin/../lib/gcc/arm-none-eabi/11.3.1/../../../../arm-none-eabi/lib/thumb/v7e-m+fp/hard\libc_nano.a(libc_a-stdio.o)
                0x000000000800547a                __sseek
 .text.__sclose
                0x000000000800549e        0x8 C:/ST/STM32CubeIDE_1.14.0/STM32CubeIDE/plugins/com.st.stm32cube.ide.mcu.externaltools.gnu-tools-for-stm32.11.3.rel1.win32_1.1.100.202309141235/tools/bin/../lib/gcc/arm-none-eabi/11.3.1/../../../../arm-none-eabi/lib/thumb/v7e-m+fp/hard\libc_nano.a(libc_a-stdio.o)
                0x000000000800549e                __sclose
 .text.memset   0x00000000080054a6       0x10 C:/ST/STM32CubeIDE_1.14.0/STM32CubeIDE/plugins/com.st.stm32cube.ide.mcu.externaltools.gnu-tools-for-stm32.11.3.rel1.win32_1.1.100.202309141235/tools/bin/../lib/gcc/arm-none-eabi/11.3.1/../../../../arm-none-eabi/lib/thumb/v7e-m+fp/hard\libc_nano.a(libc_a-memset.o)
                0x00000000080054a6                memset
 .text._raise_r
                0x00000000080054b6       0x50 C:/ST/STM32CubeIDE_1.14.0/STM32CubeIDE/plugins/com.st.stm32cube.ide.mcu.externaltools.gnu-tools-for-stm32.11.3.rel1.win32_1.1.100.202309141235/tools/bin/../lib/gcc/arm-none-eabi/11.3.1/../../../../arm-none-eabi/lib/thumb/v7e-m+fp/hard\libc_nano.a(libc_a-signal.o)
                0x00000000080054b6                _raise_r
 *fill*         0x0000000008005506        0x2 
 .text.raise    0x0000000008005508       0x10 C:/ST/STM32CubeIDE_1.14.0/STM32CubeIDE/plugins/com.st.stm32cube.ide.mcu.externaltools.gnu-tools-for-stm32.11.3.rel1.win32_1.1.100.202309141235/tools/bin/../lib/gcc/arm-none-eabi/11.3.1/../../../../arm-none-eabi/lib/thumb/v7e-m+fp/hard\libc_nano.a(libc_a-signal.o)
                0x0000000008005508                raise
 .text._close_r
                0x0000000008005518       0x20 C:/ST/STM32CubeIDE_1.14.0/STM32CubeIDE/plugins/com.st.stm32cube.ide.mcu.externaltools.gnu-tools-for-stm32.11.3.rel1.win32_1.1.100.202309141235/tools/bin/../lib/gcc/arm-none-eabi/11.3.1/../../../../arm-none-eabi/lib/thumb/v7e-m+fp/hard\libc_nano.a(libc_a-closer.o)
                0x0000000008005518                _close_r
 .text._lseek_r
                0x0000000008005538       0x24 C:/ST/STM32CubeIDE_1.14.0/STM32CubeIDE/plugins/com.st.stm32cube.ide.mcu.externaltools.gnu-tools-for-stm32.11.3.rel1.win32_1.1.100.202309141235/tools/bin/../lib/gcc/arm-none-eabi/11.3.1/../../../../arm-none-eabi/lib/thumb/v7e-m+fp/hard\libc_nano.a(libc_a-lseekr.o)
                0x0000000008005538                _lseek_r
 .text._read_r  0x000000000800555c       0x24 C:/ST/STM32CubeIDE_1.14.0/STM32CubeIDE/plugins/com.st.stm32cube.ide.mcu.externaltools.gnu-tools-for-stm32.11.3.rel1.win32_1.1.100.202309141235/tools/bin/../lib/gcc/arm-none-eabi/11.3.1/../../../../arm-none-eabi/lib/thumb/v7e-m+fp/hard\libc_nano.a(libc_a-readr.o)
                0x000000000800555c                _read_r
 .text._kill_r  0x0000000008005580       0x24 C:/ST/STM32CubeIDE_1.14.0/STM32CubeIDE/plugins/com.st.stm32cube.ide.mcu.externaltools.gnu-tools-for-stm32.11.3.rel1.win32_1.1.100.202309141235/tools/bin/../lib/gcc/arm-none-eabi/11.3.1/../../../../arm-none-eabi/lib/thumb/v7e-m+fp/hard\libc_nano.a(libc_a-signalr.o)
                0x0000000008005580                _kill_r
 .text._getpid_r
                0x00000000080055a4        0x4 C:/ST/STM32CubeIDE_1.14.0/STM32CubeIDE/plugins/com.st.stm32cube.ide.mcu.externaltools.gnu-tools-for-stm32.11.3.rel1.win32_1.1.100.202309141235/tools/bin/../lib/gcc/arm-none-eabi/11.3.1/../../../../arm-none-eabi/lib/thumb/v7e-m+fp/hard\libc_nano.a(libc_a-signalr.o)
                0x00000000080055a4                _getpid_r
 .text._sbrk_r  0x00000000080055a8       0x20 C:/ST/STM32CubeIDE_1.14.0/STM32CubeIDE/plugins/com.st.stm32cube.ide.mcu.externaltools.gnu-tools-for-stm32.11.3.rel1.win32_1.1.100.202309141235/tools/bin/../lib/gcc/arm-none-eabi/11.3.1/../../../../arm-none-eabi/lib/thumb/v7e-m+fp/hard\libc_nano.a(libc_a-sbrkr.o)
                0x00000000080055a8                _sbrk_r
 .text._write_r
                0x00000000080055c8       0x24 C:/ST/STM32CubeIDE_1.14.0/STM32CubeIDE/plugins/com.st.stm32cube.ide.mcu.externaltools.gnu-tools-for-stm32.11.3.rel1.win32_1.1.100.202309141235/tools/bin/../lib/gcc/arm-none-eabi/11.3.1/../../../../arm-none-eabi/lib/thumb/v7e-m+fp/hard\libc_nano.a(libc_a-writer.o)
                0x00000000080055c8                _write_r
 .text.__errno  0x00000000080055ec        0xc C:/ST/STM32CubeIDE_1.14.0/STM32CubeIDE/plugins/com.st.stm32cube.ide.mcu.externaltools.gnu-tools-for-stm32.11.3.rel1.win32_1.1.100.202309141235/tools/bin/../lib/gcc/arm-none-eabi/11.3.1/../../../../arm-none-eabi/lib/thumb/v7e-m+fp/hard\libc_nano.a(libc_a-errno.o)
                0x00000000080055ec                __errno
 .text.__libc_init_array
                0x00000000080055f8       0x48 C:/ST/STM32CubeIDE_1.14.0/STM32CubeIDE/plugins/com.st.stm32cube.ide.mcu.externaltools.gnu-tools-for-stm32.11.3.rel1.win32_1.1.100.202309141235/tools/bin/../lib/gcc/arm-none-eabi/11.3.1/../../../../arm-none-eabi/lib/thumb/v7e-m+fp/hard\libc_nano.a(libc_a-init.o)
                0x00000000080055f8                __libc_init_array
 .text.__retarget_lock_init_recursive
                0x0000000008005640        0x2 C:/ST/STM32CubeIDE_1.14.0/STM32CubeIDE/plugins/com.st.stm32cube.ide.mcu.externaltools.gnu-tools-for-stm32.11.3.rel1.win32_1.1.100.202309141235/tools/bin/../lib/gcc/arm-none-eabi/11.3.1/../../../../arm-none-eabi/lib/thumb/v7e-m+fp/hard\libc_nano.a(libc_a-lock.o)
                0x0000000008005640                __retarget_lock_init_recursive
 .text.__retarget_lock_acquire_recursive