../Drivers/CMSIS/Include/core_cm4.h:2059:26:uint32_t ITM_SendChar(uint32_t)	16	static,ignoring_inline_asm
C:\ST\STM32CubeIDE_1.14.0\STM32CubeIDE\plugins\com.st.stm32cube.ide.mcu.externaltools.gnu-tools-for-stm32.11.3.rel1.win32_1.1.100.202309141235\tools\arm-none-eabi\include\c++\11.3.1\arm-none-eabi\thumb\v7e-m+fp\hard\bits\gthr-default.h:229:1:int __gthread_key_delete(__gthread_key_t)	16	static
C:\ST\STM32CubeIDE_1.14.0\STM32CubeIDE\plugins\com.st.stm32cube.ide.mcu.externaltools.gnu-tools-for-stm32.11.3.rel1.win32_1.1.100.202309141235\tools\bin/../lib/gcc/arm-none-eabi/11.3.1/../../../../arm-none-eabi/include/c++/11.3.1/tuple:1049:2:constexpr std::tuple<_T1, _T2>::tuple() [with bool _Dummy = true; typename std::enable_if<std::_TupleConstraints<_Dummy, _T1, _T2>::__is_implicitly_default_constructible(), bool>::type <anonymous> = true; _T1 = AppArg*; _T2 = std::default_delete<AppArg>]	16	static
C:\ST\STM32CubeIDE_1.14.0\STM32CubeIDE\plugins\com.st.stm32cube.ide.mcu.externaltools.gnu-tools-for-stm32.11.3.rel1.win32_1.1.100.202309141235\tools\bin/../lib/gcc/arm-none-eabi/11.3.1/../../../../arm-none-eabi/include/c++/11.3.1/tuple:279:17:>::_Tuple_impl() [with unsigned int _Idx = 0; _Head = AppArg*; _Tail = {std::default_delete<AppArg>}]	16	static
C:\ST\STM32CubeIDE_1.14.0\STM32CubeIDE\plugins\com.st.stm32cube.ide.mcu.externaltools.gnu-tools-for-stm32.11.3.rel1.win32_1.1.100.202309141235\tools\bin/../lib/gcc/arm-none-eabi/11.3.1/../../../../arm-none-eabi/include/c++/11.3.1/tuple:430:7:constexpr std::_Tuple_impl<_Idx, _Head>::_Tuple_impl() [with unsigned int _Idx = 1; _Head = std::default_delete<AppArg>]	16	static
C:\ST\STM32CubeIDE_1.14.0\STM32CubeIDE\plugins\com.st.stm32cube.ide.mcu.externaltools.gnu-tools-for-stm32.11.3.rel1.win32_1.1.100.202309141235\tools\bin/../lib/gcc/arm-none-eabi/11.3.1/../../../../arm-none-eabi/include/c++/11.3.1/tuple:80:17:constexpr std::_Head_base<_Idx, _Head, true>::_Head_base() [with unsigned int _Idx = 1; _Head = std::default_delete<AppArg>]	16	static
C:\ST\STM32CubeIDE_1.14.0\STM32CubeIDE\plugins\com.st.stm32cube.ide.mcu.externaltools.gnu-tools-for-stm32.11.3.rel1.win32_1.1.100.202309141235\tools\bin/../lib/gcc/arm-none-eabi/11.3.1/../../../../arm-none-eabi/include/c++/11.3.1/tuple:189:17:constexpr std::_Head_base<_Idx, _Head, false>::_Head_base() [with unsigned int _Idx = 0; _Head = AppArg*]	16	static
../Core/Src/main.cpp:82:5:int _write(int, char*, int)	32	static
../Core/Src/main.cpp:92:6:void Set_RTC_Time(uint8_t, uint8_t, uint8_t)	40	static
../Core/Src/main.cpp:109:6:void EnterStop2Mode()	8	static
../Core/Src/main.cpp:118:6:void HAL_TIM_PeriodElapsedCallback(TIM_HandleTypeDef*)	16	static
C:\ST\STM32CubeIDE_1.14.0\STM32CubeIDE\plugins\com.st.stm32cube.ide.mcu.externaltools.gnu-tools-for-stm32.11.3.rel1.win32_1.1.100.202309141235\tools\bin/../lib/gcc/arm-none-eabi/11.3.1/../../../../arm-none-eabi/include/c++/11.3.1/bits/unique_ptr.h:212:24:std::__uniq_ptr_data<_Tp, _Dp, <anonymous>, <anonymous> >& std::__uniq_ptr_data<_Tp, _Dp, <anonymous>, <anonymous> >::operator=(std::__uniq_ptr_data<_Tp, _Dp, <anonymous>, <anonymous> >&&) [with _Tp = AppArg; _Dp = std::default_delete<AppArg>; bool <anonymous> = true; bool <anonymous> = true]	16	static
C:\ST\STM32CubeIDE_1.14.0\STM32CubeIDE\plugins\com.st.stm32cube.ide.mcu.externaltools.gnu-tools-for-stm32.11.3.rel1.win32_1.1.100.202309141235\tools\bin/../lib/gcc/arm-none-eabi/11.3.1/../../../../arm-none-eabi/include/c++/11.3.1/bits/unique_ptr.h:371:19:std::unique_ptr<_Tp, _Dp>& std::unique_ptr<_Tp, _Dp>::operator=(std::unique_ptr<_Tp, _Dp>&&) [with _Tp = AppArg; _Dp = std::default_delete<AppArg>]	16	static
C:\ST\STM32CubeIDE_1.14.0\STM32CubeIDE\plugins\com.st.stm32cube.ide.mcu.externaltools.gnu-tools-for-stm32.11.3.rel1.win32_1.1.100.202309141235\tools\bin/../lib/gcc/arm-none-eabi/11.3.1/../../../../arm-none-eabi/include/c++/11.3.1/bits/unique_ptr.h:212:24:std::__uniq_ptr_data<_Tp, _Dp, <anonymous>, <anonymous> >& std::__uniq_ptr_data<_Tp, _Dp, <anonymous>, <anonymous> >::operator=(std::__uniq_ptr_data<_Tp, _Dp, <anonymous>, <anonymous> >&&) [with _Tp = InputPin; _Dp = std::default_delete<InputPin>; bool <anonymous> = true; bool <anonymous> = true]	16	static
C:\ST\STM32CubeIDE_1.14.0\STM32CubeIDE\plugins\com.st.stm32cube.ide.mcu.externaltools.gnu-tools-for-stm32.11.3.rel1.win32_1.1.100.202309141235\tools\bin/../lib/gcc/arm-none-eabi/11.3.1/../../../../arm-none-eabi/include/c++/11.3.1/bits/unique_ptr.h:371:19:std::unique_ptr<_Tp, _Dp>& std::unique_ptr<_Tp, _Dp>::operator=(std::unique_ptr<_Tp, _Dp>&&) [with _Tp = InputPin; _Dp = std::default_delete<InputPin>]	16	static
C:\ST\STM32CubeIDE_1.14.0\STM32CubeIDE\plugins\com.st.stm32cube.ide.mcu.externaltools.gnu-tools-for-stm32.11.3.rel1.win32_1.1.100.202309141235\tools\bin/../lib/gcc/arm-none-eabi/11.3.1/../../../../arm-none-eabi/include/c++/11.3.1/bits/unique_ptr.h:212:24:std::__uniq_ptr_data<_Tp, _Dp, <anonymous>, <anonymous> >& std::__uniq_ptr_data<_Tp, _Dp, <anonymous>, <anonymous> >::operator=(std::__uniq_ptr_data<_Tp, _Dp, <anonymous>, <anonymous> >&&) [with _Tp = RTC_HandleTypeDef; _Dp = std::default_delete<RTC_HandleTypeDef>; bool <anonymous> = true; bool <anonymous> = true]	16	static
C:\ST\STM32CubeIDE_1.14.0\STM32CubeIDE\plugins\com.st.stm32cube.ide.mcu.externaltools.gnu-tools-for-stm32.11.3.rel1.win32_1.1.100.202309141235\tools\bin/../lib/gcc/arm-none-eabi/11.3.1/../../../../arm-none-eabi/include/c++/11.3.1/bits/unique_ptr.h:371:19:std::unique_ptr<_Tp, _Dp>& std::unique_ptr<_Tp, _Dp>::operator=(std::unique_ptr<_Tp, _Dp>&&) [with _Tp = RTC_HandleTypeDef; _Dp = std::default_delete<RTC_HandleTypeDef>]	16	static
../Core/Src/main.cpp:147:5:int main()	96	static
../Core/Src/main.cpp:245:6:void SystemClock_Config()	96	static
../Core/Src/main.cpp:295:13:void MX_I2C3_Init()	8	static
../Core/Src/main.cpp:342:13:void MX_RTC_Init()	8	static
../Core/Src/main.cpp:377:13:void MX_TIM6_Init()	24	static
../Core/Src/main.cpp:414:13:void MX_GPIO_Init()	40	static
../Core/Src/main.cpp:487:6:void Error_Handler()	4	static,ignoring_inline_asm
C:\ST\STM32CubeIDE_1.14.0\STM32CubeIDE\plugins\com.st.stm32cube.ide.mcu.externaltools.gnu-tools-for-stm32.11.3.rel1.win32_1.1.100.202309141235\tools\bin/../lib/gcc/arm-none-eabi/11.3.1/../../../../arm-none-eabi/include/c++/11.3.1/tuple:1049:2:constexpr std::tuple<_T1, _T2>::tuple() [with bool _Dummy = true; typename std::enable_if<std::_TupleConstraints<_Dummy, _T1, _T2>::__is_implicitly_default_constructible(), bool>::type <anonymous> = true; _T1 = InputPin*; _T2 = std::default_delete<InputPin>]	16	static
C:\ST\STM32CubeIDE_1.14.0\STM32CubeIDE\plugins\com.st.stm32cube.ide.mcu.externaltools.gnu-tools-for-stm32.11.3.rel1.win32_1.1.100.202309141235\tools\bin/../lib/gcc/arm-none-eabi/11.3.1/../../../../arm-none-eabi/include/c++/11.3.1/bits/unique_ptr.h:154:7:constexpr std::__uniq_ptr_impl<_Tp, _Dp>::__uniq_ptr_impl() [with _Tp = InputPin; _Dp = std::default_delete<InputPin>]	16	static
C:\ST\STM32CubeIDE_1.14.0\STM32CubeIDE\plugins\com.st.stm32cube.ide.mcu.externaltools.gnu-tools-for-stm32.11.3.rel1.win32_1.1.100.202309141235\tools\bin/../lib/gcc/arm-none-eabi/11.3.1/../../../../arm-none-eabi/include/c++/11.3.1/bits/unique_ptr.h:210:40:constexpr std::__uniq_ptr_data<InputPin, std::default_delete<InputPin>, true, true>::__uniq_ptr_data() [inherited from std::__uniq_ptr_impl<InputPin, std::default_delete<InputPin> >]	16	static
C:\ST\STM32CubeIDE_1.14.0\STM32CubeIDE\plugins\com.st.stm32cube.ide.mcu.externaltools.gnu-tools-for-stm32.11.3.rel1.win32_1.1.100.202309141235\tools\bin/../lib/gcc/arm-none-eabi/11.3.1/../../../../arm-none-eabi/include/c++/11.3.1/bits/unique_ptr.h:269:12:constexpr std::unique_ptr<_Tp, _Dp>::unique_ptr() [with _Del = std::default_delete<InputPin>; <template-parameter-2-2> = void; _Tp = InputPin; _Dp = std::default_delete<InputPin>]	16	static
C:\ST\STM32CubeIDE_1.14.0\STM32CubeIDE\plugins\com.st.stm32cube.ide.mcu.externaltools.gnu-tools-for-stm32.11.3.rel1.win32_1.1.100.202309141235\tools\bin/../lib/gcc/arm-none-eabi/11.3.1/../../../../arm-none-eabi/include/c++/11.3.1/tuple:1049:2:constexpr std::tuple<_T1, _T2>::tuple() [with bool _Dummy = true; typename std::enable_if<std::_TupleConstraints<_Dummy, _T1, _T2>::__is_implicitly_default_constructible(), bool>::type <anonymous> = true; _T1 = RTC_HandleTypeDef*; _T2 = std::default_delete<RTC_HandleTypeDef>]	16	static
C:\ST\STM32CubeIDE_1.14.0\STM32CubeIDE\plugins\com.st.stm32cube.ide.mcu.externaltools.gnu-tools-for-stm32.11.3.rel1.win32_1.1.100.202309141235\tools\bin/../lib/gcc/arm-none-eabi/11.3.1/../../../../arm-none-eabi/include/c++/11.3.1/bits/unique_ptr.h:154:7:constexpr std::__uniq_ptr_impl<_Tp, _Dp>::__uniq_ptr_impl() [with _Tp = RTC_HandleTypeDef; _Dp = std::default_delete<RTC_HandleTypeDef>]	16	static
C:\ST\STM32CubeIDE_1.14.0\STM32CubeIDE\plugins\com.st.stm32cube.ide.mcu.externaltools.gnu-tools-for-stm32.11.3.rel1.win32_1.1.100.202309141235\tools\bin/../lib/gcc/arm-none-eabi/11.3.1/../../../../arm-none-eabi/include/c++/11.3.1/bits/unique_ptr.h:210:40:constexpr std::__uniq_ptr_data<RTC_HandleTypeDef, std::default_delete<RTC_HandleTypeDef>, true, true>::__uniq_ptr_data() [inherited from std::__uniq_ptr_impl<RTC_HandleTypeDef, std::default_delete<RTC_HandleTypeDef> >]	16	static
C:\ST\STM32CubeIDE_1.14.0\STM32CubeIDE\plugins\com.st.stm32cube.ide.mcu.externaltools.gnu-tools-for-stm32.11.3.rel1.win32_1.1.100.202309141235\tools\bin/../lib/gcc/arm-none-eabi/11.3.1/../../../../arm-none-eabi/include/c++/11.3.1/bits/unique_ptr.h:269:12:constexpr std::unique_ptr<_Tp, _Dp>::unique_ptr() [with _Del = std::default_delete<RTC_HandleTypeDef>; <template-parameter-2-2> = void; _Tp = RTC_HandleTypeDef; _Dp = std::default_delete<RTC_HandleTypeDef>]	16	static
../Core/Inc/AppArg.hpp:23:2:constexpr AppArg::AppArg()	16	static
C:\ST\STM32CubeIDE_1.14.0\STM32CubeIDE\plugins\com.st.stm32cube.ide.mcu.externaltools.gnu-tools-for-stm32.11.3.rel1.win32_1.1.100.202309141235\tools\bin/../lib/gcc/arm-none-eabi/11.3.1/../../../../arm-none-eabi/include/c++/11.3.1/bits/unique_ptr.h:961:5:) [with _Tp = AppArg; _Args = {}]	24	static
C:\ST\STM32CubeIDE_1.14.0\STM32CubeIDE\plugins\com.st.stm32cube.ide.mcu.externaltools.gnu-tools-for-stm32.11.3.rel1.win32_1.1.100.202309141235\tools\bin/../lib/gcc/arm-none-eabi/11.3.1/../../../../arm-none-eabi/include/c++/11.3.1/bits/unique_ptr.h:355:7:std::unique_ptr<_Tp, _Dp>::~unique_ptr() [with _Tp = AppArg; _Dp = std::default_delete<AppArg>]	32	static
C:\ST\STM32CubeIDE_1.14.0\STM32CubeIDE\plugins\com.st.stm32cube.ide.mcu.externaltools.gnu-tools-for-stm32.11.3.rel1.win32_1.1.100.202309141235\tools\bin/../lib/gcc/arm-none-eabi/11.3.1/../../../../arm-none-eabi/include/c++/11.3.1/bits/unique_ptr.h:165:24:std::__uniq_ptr_impl<_Tp, _Dp>& std::__uniq_ptr_impl<_Tp, _Dp>::operator=(std::__uniq_ptr_impl<_Tp, _Dp>&&) [with _Tp = AppArg; _Dp = std::default_delete<AppArg>]	16	static
C:\ST\STM32CubeIDE_1.14.0\STM32CubeIDE\plugins\com.st.stm32cube.ide.mcu.externaltools.gnu-tools-for-stm32.11.3.rel1.win32_1.1.100.202309141235\tools\bin/../lib/gcc/arm-none-eabi/11.3.1/../../../../arm-none-eabi/include/c++/11.3.1/bits/unique_ptr.h:413:7:std::unique_ptr<_Tp, _Dp>::pointer std::unique_ptr<_Tp, _Dp>::operator->() const [with _Tp = AppArg; _Dp = std::default_delete<AppArg>]	16	static
C:\ST\STM32CubeIDE_1.14.0\STM32CubeIDE\plugins\com.st.stm32cube.ide.mcu.externaltools.gnu-tools-for-stm32.11.3.rel1.win32_1.1.100.202309141235\tools\bin/../lib/gcc/arm-none-eabi/11.3.1/../../../../arm-none-eabi/include/c++/11.3.1/bits/unique_ptr.h:961:5:) [with _Tp = InputPin; _Args = {GPIO_TypeDef*, short unsigned int, bool}]	40	static
C:\ST\STM32CubeIDE_1.14.0\STM32CubeIDE\plugins\com.st.stm32cube.ide.mcu.externaltools.gnu-tools-for-stm32.11.3.rel1.win32_1.1.100.202309141235\tools\bin/../lib/gcc/arm-none-eabi/11.3.1/../../../../arm-none-eabi/include/c++/11.3.1/bits/unique_ptr.h:355:7:std::unique_ptr<_Tp, _Dp>::~unique_ptr() [with _Tp = InputPin; _Dp = std::default_delete<InputPin>]	32	static
C:\ST\STM32CubeIDE_1.14.0\STM32CubeIDE\plugins\com.st.stm32cube.ide.mcu.externaltools.gnu-tools-for-stm32.11.3.rel1.win32_1.1.100.202309141235\tools\bin/../lib/gcc/arm-none-eabi/11.3.1/../../../../arm-none-eabi/include/c++/11.3.1/bits/unique_ptr.h:165:24:std::__uniq_ptr_impl<_Tp, _Dp>& std::__uniq_ptr_impl<_Tp, _Dp>::operator=(std::__uniq_ptr_impl<_Tp, _Dp>&&) [with _Tp = InputPin; _Dp = std::default_delete<InputPin>]	16	static
C:\ST\STM32CubeIDE_1.14.0\STM32CubeIDE\plugins\com.st.stm32cube.ide.mcu.externaltools.gnu-tools-for-stm32.11.3.rel1.win32_1.1.100.202309141235\tools\bin/../lib/gcc/arm-none-eabi/11.3.1/../../../../arm-none-eabi/include/c++/11.3.1/bits/unique_ptr.h:961:5:) [with _Tp = RTC_HandleTypeDef; _Args = {RTC_HandleTypeDef&}]	32	static
C:\ST\STM32CubeIDE_1.14.0\STM32CubeIDE\plugins\com.st.stm32cube.ide.mcu.externaltools.gnu-tools-for-stm32.11.3.rel1.win32_1.1.100.202309141235\tools\bin/../lib/gcc/arm-none-eabi/11.3.1/../../../../arm-none-eabi/include/c++/11.3.1/bits/unique_ptr.h:355:7:std::unique_ptr<_Tp, _Dp>::~unique_ptr() [with _Tp = RTC_HandleTypeDef; _Dp = std::default_delete<RTC_HandleTypeDef>]	32	static
C:\ST\STM32CubeIDE_1.14.0\STM32CubeIDE\plugins\com.st.stm32cube.ide.mcu.externaltools.gnu-tools-for-stm32.11.3.rel1.win32_1.1.100.202309141235\tools\bin/../lib/gcc/arm-none-eabi/11.3.1/../../../../arm-none-eabi/include/c++/11.3.1/bits/unique_ptr.h:165:24:std::__uniq_ptr_impl<_Tp, _Dp>& std::__uniq_ptr_impl<_Tp, _Dp>::operator=(std::__uniq_ptr_impl<_Tp, _Dp>&&) [with _Tp = RTC_HandleTypeDef; _Dp = std::default_delete<RTC_HandleTypeDef>]	16	static
C:\ST\STM32CubeIDE_1.14.0\STM32CubeIDE\plugins\com.st.stm32cube.ide.mcu.externaltools.gnu-tools-for-stm32.11.3.rel1.win32_1.1.100.202309141235\tools\bin/../lib/gcc/arm-none-eabi/11.3.1/../../../../arm-none-eabi/include/c++/11.3.1/bits/unique_ptr.h:421:7:std::unique_ptr<_Tp, _Dp>::pointer std::unique_ptr<_Tp, _Dp>::get() const [with _Tp = AppArg; _Dp = std::default_delete<AppArg>]	16	static
C:\ST\STM32CubeIDE_1.14.0\STM32CubeIDE\plugins\com.st.stm32cube.ide.mcu.externaltools.gnu-tools-for-stm32.11.3.rel1.win32_1.1.100.202309141235\tools\bin/../lib/gcc/arm-none-eabi/11.3.1/../../../../arm-none-eabi/include/c++/11.3.1/bits/unique_ptr.h:452:7:void std::unique_ptr<_Tp, _Dp>::reset(std::unique_ptr<_Tp, _Dp>::pointer) [with _Tp = Application; _Dp = std::default_delete<Application>]	24	static
C:\ST\STM32CubeIDE_1.14.0\STM32CubeIDE\plugins\com.st.stm32cube.ide.mcu.externaltools.gnu-tools-for-stm32.11.3.rel1.win32_1.1.100.202309141235\tools\bin/../lib/gcc/arm-none-eabi/11.3.1/../../../../arm-none-eabi/include/c++/11.3.1/bits/unique_ptr.h:413:7:std::unique_ptr<_Tp, _Dp>::pointer std::unique_ptr<_Tp, _Dp>::operator->() const [with _Tp = InputPin; _Dp = std::default_delete<InputPin>]	16	static
C:\ST\STM32CubeIDE_1.14.0\STM32CubeIDE\plugins\com.st.stm32cube.ide.mcu.externaltools.gnu-tools-for-stm32.11.3.rel1.win32_1.1.100.202309141235\tools\bin/../lib/gcc/arm-none-eabi/11.3.1/../../../../arm-none-eabi/include/c++/11.3.1/bits/unique_ptr.h:413:7:std::unique_ptr<_Tp, _Dp>::pointer std::unique_ptr<_Tp, _Dp>::operator->() const [with _Tp = Application; _Dp = std::default_delete<Application>]	16	static
C:\ST\STM32CubeIDE_1.14.0\STM32CubeIDE\plugins\com.st.stm32cube.ide.mcu.externaltools.gnu-tools-for-stm32.11.3.rel1.win32_1.1.100.202309141235\tools\bin/../lib/gcc/arm-none-eabi/11.3.1/../../../../arm-none-eabi/include/c++/11.3.1/tuple:279:17:>::_Tuple_impl() [with unsigned int _Idx = 0; _Head = InputPin*; _Tail = {std::default_delete<InputPin>}]	16	static
C:\ST\STM32CubeIDE_1.14.0\STM32CubeIDE\plugins\com.st.stm32cube.ide.mcu.externaltools.gnu-tools-for-stm32.11.3.rel1.win32_1.1.100.202309141235\tools\bin/../lib/gcc/arm-none-eabi/11.3.1/../../../../arm-none-eabi/include/c++/11.3.1/tuple:279:17:>::_Tuple_impl() [with unsigned int _Idx = 0; _Head = RTC_HandleTypeDef*; _Tail = {std::default_delete<RTC_HandleTypeDef>}]	16	static
C:\ST\STM32CubeIDE_1.14.0\STM32CubeIDE\plugins\com.st.stm32cube.ide.mcu.externaltools.gnu-tools-for-stm32.11.3.rel1.win32_1.1.100.202309141235\tools\bin/../lib/gcc/arm-none-eabi/11.3.1/../../../../arm-none-eabi/include/c++/11.3.1/bits/unique_ptr.h:210:40:std::__uniq_ptr_data<AppArg, std::default_delete<AppArg>, true, true>::__uniq_ptr_data(std::__uniq_ptr_impl<AppArg, std::default_delete<AppArg> >::pointer) [inherited from std::__uniq_ptr_impl<AppArg, std::default_delete<AppArg> >]	16	static
C:\ST\STM32CubeIDE_1.14.0\STM32CubeIDE\plugins\com.st.stm32cube.ide.mcu.externaltools.gnu-tools-for-stm32.11.3.rel1.win32_1.1.100.202309141235\tools\bin/../lib/gcc/arm-none-eabi/11.3.1/../../../../arm-none-eabi/include/c++/11.3.1/bits/unique_ptr.h:281:2:std::unique_ptr<_Tp, _Dp>::unique_ptr(std::unique_ptr<_Tp, _Dp>::pointer) [with _Del = std::default_delete<AppArg>; <template-parameter-2-2> = void; _Tp = AppArg; _Dp = std::default_delete<AppArg>]	16	static
C:\ST\STM32CubeIDE_1.14.0\STM32CubeIDE\plugins\com.st.stm32cube.ide.mcu.externaltools.gnu-tools-for-stm32.11.3.rel1.win32_1.1.100.202309141235\tools\bin/../lib/gcc/arm-none-eabi/11.3.1/../../../../arm-none-eabi/include/c++/11.3.1/bits/unique_ptr.h:172:18:std::__uniq_ptr_impl<_Tp, _Dp>::pointer& std::__uniq_ptr_impl<_Tp, _Dp>::_M_ptr() [with _Tp = AppArg; _Dp = std::default_delete<AppArg>]	16	static
C:\ST\STM32CubeIDE_1.14.0\STM32CubeIDE\plugins\com.st.stm32cube.ide.mcu.externaltools.gnu-tools-for-stm32.11.3.rel1.win32_1.1.100.202309141235\tools\bin/../lib/gcc/arm-none-eabi/11.3.1/../../../../arm-none-eabi/include/c++/11.3.1/bits/unique_ptr.h:426:7:std::unique_ptr<_Tp, _Dp>::deleter_type& std::unique_ptr<_Tp, _Dp>::get_deleter() [with _Tp = AppArg; _Dp = std::default_delete<AppArg>]	16	static
C:\ST\STM32CubeIDE_1.14.0\STM32CubeIDE\plugins\com.st.stm32cube.ide.mcu.externaltools.gnu-tools-for-stm32.11.3.rel1.win32_1.1.100.202309141235\tools\bin/../lib/gcc/arm-none-eabi/11.3.1/../../../../arm-none-eabi/include/c++/11.3.1/bits/move.h:104:5:constexpr typename std::remove_reference<_Tp>::type&& std::move(_Tp&&) [with _Tp = AppArg*&]	16	static
../Core/Inc/AppArg.hpp:23:2:AppArg::~AppArg()	16	static
C:\ST\STM32CubeIDE_1.14.0\STM32CubeIDE\plugins\com.st.stm32cube.ide.mcu.externaltools.gnu-tools-for-stm32.11.3.rel1.win32_1.1.100.202309141235\tools\bin/../lib/gcc/arm-none-eabi/11.3.1/../../../../arm-none-eabi/include/c++/11.3.1/bits/unique_ptr.h:79:7:void std::default_delete<_Tp>::operator()(_Tp*) const [with _Tp = AppArg]	24	static
C:\ST\STM32CubeIDE_1.14.0\STM32CubeIDE\plugins\com.st.stm32cube.ide.mcu.externaltools.gnu-tools-for-stm32.11.3.rel1.win32_1.1.100.202309141235\tools\bin/../lib/gcc/arm-none-eabi/11.3.1/../../../../arm-none-eabi/include/c++/11.3.1/bits/unique_ptr.h:177:12:void std::__uniq_ptr_impl<_Tp, _Dp>::reset(std::__uniq_ptr_impl<_Tp, _Dp>::pointer) [with _Tp = AppArg; _Dp = std::default_delete<AppArg>]	24	static
C:\ST\STM32CubeIDE_1.14.0\STM32CubeIDE\plugins\com.st.stm32cube.ide.mcu.externaltools.gnu-tools-for-stm32.11.3.rel1.win32_1.1.100.202309141235\tools\bin/../lib/gcc/arm-none-eabi/11.3.1/../../../../arm-none-eabi/include/c++/11.3.1/bits/unique_ptr.h:185:15:std::__uniq_ptr_impl<_Tp, _Dp>::pointer std::__uniq_ptr_impl<_Tp, _Dp>::release() [with _Tp = AppArg; _Dp = std::default_delete<AppArg>]	24	static
C:\ST\STM32CubeIDE_1.14.0\STM32CubeIDE\plugins\com.st.stm32cube.ide.mcu.externaltools.gnu-tools-for-stm32.11.3.rel1.win32_1.1.100.202309141235\tools\bin/../lib/gcc/arm-none-eabi/11.3.1/../../../../arm-none-eabi/include/c++/11.3.1/bits/unique_ptr.h:174:18:_Dp& std::__uniq_ptr_impl<_Tp, _Dp>::_M_deleter() [with _Tp = AppArg; _Dp = std::default_delete<AppArg>]	16	static
C:\ST\STM32CubeIDE_1.14.0\STM32CubeIDE\plugins\com.st.stm32cube.ide.mcu.externaltools.gnu-tools-for-stm32.11.3.rel1.win32_1.1.100.202309141235\tools\bin/../lib/gcc/arm-none-eabi/11.3.1/../../../../arm-none-eabi/include/c++/11.3.1/bits/move.h:77:5:constexpr _Tp&& std::forward(typename std::remove_reference<_Tp>::type&) [with _Tp = std::default_delete<AppArg>]	16	static
C:\ST\STM32CubeIDE_1.14.0\STM32CubeIDE\plugins\com.st.stm32cube.ide.mcu.externaltools.gnu-tools-for-stm32.11.3.rel1.win32_1.1.100.202309141235\tools\bin/../lib/gcc/arm-none-eabi/11.3.1/../../../../arm-none-eabi/include/c++/11.3.1/bits/move.h:77:5:constexpr _Tp&& std::forward(typename std::remove_reference<_Tp>::type&) [with _Tp = GPIO_TypeDef*]	16	static
C:\ST\STM32CubeIDE_1.14.0\STM32CubeIDE\plugins\com.st.stm32cube.ide.mcu.externaltools.gnu-tools-for-stm32.11.3.rel1.win32_1.1.100.202309141235\tools\bin/../lib/gcc/arm-none-eabi/11.3.1/../../../../arm-none-eabi/include/c++/11.3.1/bits/move.h:77:5:constexpr _Tp&& std::forward(typename std::remove_reference<_Tp>::type&) [with _Tp = short unsigned int]	16	static
C:\ST\STM32CubeIDE_1.14.0\STM32CubeIDE\plugins\com.st.stm32cube.ide.mcu.externaltools.gnu-tools-for-stm32.11.3.rel1.win32_1.1.100.202309141235\tools\bin/../lib/gcc/arm-none-eabi/11.3.1/../../../../arm-none-eabi/include/c++/11.3.1/bits/move.h:77:5:constexpr _Tp&& std::forward(typename std::remove_reference<_Tp>::type&) [with _Tp = bool]	16	static
C:\ST\STM32CubeIDE_1.14.0\STM32CubeIDE\plugins\com.st.stm32cube.ide.mcu.externaltools.gnu-tools-for-stm32.11.3.rel1.win32_1.1.100.202309141235\tools\bin/../lib/gcc/arm-none-eabi/11.3.1/../../../../arm-none-eabi/include/c++/11.3.1/bits/unique_ptr.h:210:40:std::__uniq_ptr_data<InputPin, std::default_delete<InputPin>, true, true>::__uniq_ptr_data(std::__uniq_ptr_impl<InputPin, std::default_delete<InputPin> >::pointer) [inherited from std::__uniq_ptr_impl<InputPin, std::default_delete<InputPin> >]	16	static
C:\ST\STM32CubeIDE_1.14.0\STM32CubeIDE\plugins\com.st.stm32cube.ide.mcu.externaltools.gnu-tools-for-stm32.11.3.rel1.win32_1.1.100.202309141235\tools\bin/../lib/gcc/arm-none-eabi/11.3.1/../../../../arm-none-eabi/include/c++/11.3.1/bits/unique_ptr.h:281:2:std::unique_ptr<_Tp, _Dp>::unique_ptr(std::unique_ptr<_Tp, _Dp>::pointer) [with _Del = std::default_delete<InputPin>; <template-parameter-2-2> = void; _Tp = InputPin; _Dp = std::default_delete<InputPin>]	16	static
C:\ST\STM32CubeIDE_1.14.0\STM32CubeIDE\plugins\com.st.stm32cube.ide.mcu.externaltools.gnu-tools-for-stm32.11.3.rel1.win32_1.1.100.202309141235\tools\bin/../lib/gcc/arm-none-eabi/11.3.1/../../../../arm-none-eabi/include/c++/11.3.1/bits/unique_ptr.h:172:18:std::__uniq_ptr_impl<_Tp, _Dp>::pointer& std::__uniq_ptr_impl<_Tp, _Dp>::_M_ptr() [with _Tp = InputPin; _Dp = std::default_delete<InputPin>]	16	static
C:\ST\STM32CubeIDE_1.14.0\STM32CubeIDE\plugins\com.st.stm32cube.ide.mcu.externaltools.gnu-tools-for-stm32.11.3.rel1.win32_1.1.100.202309141235\tools\bin/../lib/gcc/arm-none-eabi/11.3.1/../../../../arm-none-eabi/include/c++/11.3.1/bits/unique_ptr.h:426:7:std::unique_ptr<_Tp, _Dp>::deleter_type& std::unique_ptr<_Tp, _Dp>::get_deleter() [with _Tp = InputPin; _Dp = std::default_delete<InputPin>]	16	static
C:\ST\STM32CubeIDE_1.14.0\STM32CubeIDE\plugins\com.st.stm32cube.ide.mcu.externaltools.gnu-tools-for-stm32.11.3.rel1.win32_1.1.100.202309141235\tools\bin/../lib/gcc/arm-none-eabi/11.3.1/../../../../arm-none-eabi/include/c++/11.3.1/bits/move.h:104:5:constexpr typename std::remove_reference<_Tp>::type&& std::move(_Tp&&) [with _Tp = InputPin*&]	16	static
C:\ST\STM32CubeIDE_1.14.0\STM32CubeIDE\plugins\com.st.stm32cube.ide.mcu.externaltools.gnu-tools-for-stm32.11.3.rel1.win32_1.1.100.202309141235\tools\bin/../lib/gcc/arm-none-eabi/11.3.1/../../../../arm-none-eabi/include/c++/11.3.1/bits/unique_ptr.h:79:7:void std::default_delete<_Tp>::operator()(_Tp*) const [with _Tp = InputPin]	16	static
C:\ST\STM32CubeIDE_1.14.0\STM32CubeIDE\plugins\com.st.stm32cube.ide.mcu.externaltools.gnu-tools-for-stm32.11.3.rel1.win32_1.1.100.202309141235\tools\bin/../lib/gcc/arm-none-eabi/11.3.1/../../../../arm-none-eabi/include/c++/11.3.1/bits/unique_ptr.h:177:12:void std::__uniq_ptr_impl<_Tp, _Dp>::reset(std::__uniq_ptr_impl<_Tp, _Dp>::pointer) [with _Tp = InputPin; _Dp = std::default_delete<InputPin>]	24	static
C:\ST\STM32CubeIDE_1.14.0\STM32CubeIDE\plugins\com.st.stm32cube.ide.mcu.externaltools.gnu-tools-for-stm32.11.3.rel1.win32_1.1.100.202309141235\tools\bin/../lib/gcc/arm-none-eabi/11.3.1/../../../../arm-none-eabi/include/c++/11.3.1/bits/unique_ptr.h:185:15:std::__uniq_ptr_impl<_Tp, _Dp>::pointer std::__uniq_ptr_impl<_Tp, _Dp>::release() [with _Tp = InputPin; _Dp = std::default_delete<InputPin>]	24	static
C:\ST\STM32CubeIDE_1.14.0\STM32CubeIDE\plugins\com.st.stm32cube.ide.mcu.externaltools.gnu-tools-for-stm32.11.3.rel1.win32_1.1.100.202309141235\tools\bin/../lib/gcc/arm-none-eabi/11.3.1/../../../../arm-none-eabi/include/c++/11.3.1/bits/unique_ptr.h:174:18:_Dp& std::__uniq_ptr_impl<_Tp, _Dp>::_M_deleter() [with _Tp = InputPin; _Dp = std::default_delete<InputPin>]	16	static
C:\ST\STM32CubeIDE_1.14.0\STM32CubeIDE\plugins\com.st.stm32cube.ide.mcu.externaltools.gnu-tools-for-stm32.11.3.rel1.win32_1.1.100.202309141235\tools\bin/../lib/gcc/arm-none-eabi/11.3.1/../../../../arm-none-eabi/include/c++/11.3.1/bits/move.h:77:5:constexpr _Tp&& std::forward(typename std::remove_reference<_Tp>::type&) [with _Tp = std::default_delete<InputPin>]	16	static
C:\ST\STM32CubeIDE_1.14.0\STM32CubeIDE\plugins\com.st.stm32cube.ide.mcu.externaltools.gnu-tools-for-stm32.11.3.rel1.win32_1.1.100.202309141235\tools\bin/../lib/gcc/arm-none-eabi/11.3.1/../../../../arm-none-eabi/include/c++/11.3.1/bits/move.h:77:5:constexpr _Tp&& std::forward(typename std::remove_reference<_Tp>::type&) [with _Tp = RTC_HandleTypeDef&]	16	static
C:\ST\STM32CubeIDE_1.14.0\STM32CubeIDE\plugins\com.st.stm32cube.ide.mcu.externaltools.gnu-tools-for-stm32.11.3.rel1.win32_1.1.100.202309141235\tools\bin/../lib/gcc/arm-none-eabi/11.3.1/../../../../arm-none-eabi/include/c++/11.3.1/bits/unique_ptr.h:210:40:std::__uniq_ptr_data<RTC_HandleTypeDef, std::default_delete<RTC_HandleTypeDef>, true, true>::__uniq_ptr_data(std::__uniq_ptr_impl<RTC_HandleTypeDef, std::default_delete<RTC_HandleTypeDef> >::pointer) [inherited from std::__uniq_ptr_impl<RTC_HandleTypeDef, std::default_delete<RTC_HandleTypeDef> >]	16	static
C:\ST\STM32CubeIDE_1.14.0\STM32CubeIDE\plugins\com.st.stm32cube.ide.mcu.externaltools.gnu-tools-for-stm32.11.3.rel1.win32_1.1.100.202309141235\tools\bin/../lib/gcc/arm-none-eabi/11.3.1/../../../../arm-none-eabi/include/c++/11.3.1/bits/unique_ptr.h:281:2:std::unique_ptr<_Tp, _Dp>::unique_ptr(std::unique_ptr<_Tp, _Dp>::pointer) [with _Del = std::default_delete<RTC_HandleTypeDef>; <template-parameter-2-2> = void; _Tp = RTC_HandleTypeDef; _Dp = std::default_delete<RTC_HandleTypeDef>]	16	static
C:\ST\STM32CubeIDE_1.14.0\STM32CubeIDE\plugins\com.st.stm32cube.ide.mcu.externaltools.gnu-tools-for-stm32.11.3.rel1.win32_1.1.100.202309141235\tools\bin/../lib/gcc/arm-none-eabi/11.3.1/../../../../arm-none-eabi/include/c++/11.3.1/bits/unique_ptr.h:172:18:std::__uniq_ptr_impl<_Tp, _Dp>::pointer& std::__uniq_ptr_impl<_Tp, _Dp>::_M_ptr() [with _Tp = RTC_HandleTypeDef; _Dp = std::default_delete<RTC_HandleTypeDef>]	16	static
C:\ST\STM32CubeIDE_1.14.0\STM32CubeIDE\plugins\com.st.stm32cube.ide.mcu.externaltools.gnu-tools-for-stm32.11.3.rel1.win32_1.1.100.202309141235\tools\bin/../lib/gcc/arm-none-eabi/11.3.1/../../../../arm-none-eabi/include/c++/11.3.1/bits/unique_ptr.h:426:7:std::unique_ptr<_Tp, _Dp>::deleter_type& std::unique_ptr<_Tp, _Dp>::get_deleter() [with _Tp = RTC_HandleTypeDef; _Dp = std::default_delete<RTC_HandleTypeDef>]	16	static
C:\ST\STM32CubeIDE_1.14.0\STM32CubeIDE\plugins\com.st.stm32cube.ide.mcu.externaltools.gnu-tools-for-stm32.11.3.rel1.win32_1.1.100.202309141235\tools\bin/../lib/gcc/arm-none-eabi/11.3.1/../../../../arm-none-eabi/include/c++/11.3.1/bits/move.h:104:5:constexpr typename std::remove_reference<_Tp>::type&& std::move(_Tp&&) [with _Tp = RTC_HandleTypeDef*&]	16	static
C:\ST\STM32CubeIDE_1.14.0\STM32CubeIDE\plugins\com.st.stm32cube.ide.mcu.externaltools.gnu-tools-for-stm32.11.3.rel1.win32_1.1.100.202309141235\tools\bin/../lib/gcc/arm-none-eabi/11.3.1/../../../../arm-none-eabi/include/c++/11.3.1/bits/unique_ptr.h:79:7:void std::default_delete<_Tp>::operator()(_Tp*) const [with _Tp = RTC_HandleTypeDef]	16	static
C:\ST\STM32CubeIDE_1.14.0\STM32CubeIDE\plugins\com.st.stm32cube.ide.mcu.externaltools.gnu-tools-for-stm32.11.3.rel1.win32_1.1.100.202309141235\tools\bin/../lib/gcc/arm-none-eabi/11.3.1/../../../../arm-none-eabi/include/c++/11.3.1/bits/unique_ptr.h:177:12:void std::__uniq_ptr_impl<_Tp, _Dp>::reset(std::__uniq_ptr_impl<_Tp, _Dp>::pointer) [with _Tp = RTC_HandleTypeDef; _Dp = std::default_delete<RTC_HandleTypeDef>]	24	static
C:\ST\STM32CubeIDE_1.14.0\STM32CubeIDE\plugins\com.st.stm32cube.ide.mcu.externaltools.gnu-tools-for-stm32.11.3.rel1.win32_1.1.100.202309141235\tools\bin/../lib/gcc/arm-none-eabi/11.3.1/../../../../arm-none-eabi/include/c++/11.3.1/bits/unique_ptr.h:185:15:std::__uniq_ptr_impl<_Tp, _Dp>::pointer std::__uniq_ptr_impl<_Tp, _Dp>::release() [with _Tp = RTC_HandleTypeDef; _Dp = std::default_delete<RTC_HandleTypeDef>]	24	static
C:\ST\STM32CubeIDE_1.14.0\STM32CubeIDE\plugins\com.st.stm32cube.ide.mcu.externaltools.gnu-tools-for-stm32.11.3.rel1.win32_1.1.100.202309141235\tools\bin/../lib/gcc/arm-none-eabi/11.3.1/../../../../arm-none-eabi/include/c++/11.3.1/bits/unique_ptr.h:174:18:_Dp& std::__uniq_ptr_impl<_Tp, _Dp>::_M_deleter() [with _Tp = RTC_HandleTypeDef; _Dp = std::default_delete<RTC_HandleTypeDef>]	16	static
C:\ST\STM32CubeIDE_1.14.0\STM32CubeIDE\plugins\com.st.stm32cube.ide.mcu.externaltools.gnu-tools-for-stm32.11.3.rel1.win32_1.1.100.202309141235\tools\bin/../lib/gcc/arm-none-eabi/11.3.1/../../../../arm-none-eabi/include/c++/11.3.1/bits/move.h:77:5:constexpr _Tp&& std::forward(typename std::remove_reference<_Tp>::type&) [with _Tp = std::default_delete<RTC_HandleTypeDef>]	16	static
C:\ST\STM32CubeIDE_1.14.0\STM32CubeIDE\plugins\com.st.stm32cube.ide.mcu.externaltools.gnu-tools-for-stm32.11.3.rel1.win32_1.1.100.202309141235\tools\bin/../lib/gcc/arm-none-eabi/11.3.1/../../../../arm-none-eabi/include/c++/11.3.1/bits/unique_ptr.h:172:18:std::__uniq_ptr_impl<_Tp, _Dp>::pointer& std::__uniq_ptr_impl<_Tp, _Dp>::_M_ptr() [with _Tp = Application; _Dp = std::default_delete<Application>]	16	static
C:\ST\STM32CubeIDE_1.14.0\STM32CubeIDE\plugins\com.st.stm32cube.ide.mcu.externaltools.gnu-tools-for-stm32.11.3.rel1.win32_1.1.100.202309141235\tools\bin/../lib/gcc/arm-none-eabi/11.3.1/../../../../arm-none-eabi/include/c++/11.3.1/bits/move.h:104:5:constexpr typename std::remove_reference<_Tp>::type&& std::move(_Tp&&) [with _Tp = Application*&]	16	static
C:\ST\STM32CubeIDE_1.14.0\STM32CubeIDE\plugins\com.st.stm32cube.ide.mcu.externaltools.gnu-tools-for-stm32.11.3.rel1.win32_1.1.100.202309141235\tools\bin/../lib/gcc/arm-none-eabi/11.3.1/../../../../arm-none-eabi/include/c++/11.3.1/bits/unique_ptr.h:79:7:void std::default_delete<_Tp>::operator()(_Tp*) const [with _Tp = Application]	24	static
C:\ST\STM32CubeIDE_1.14.0\STM32CubeIDE\plugins\com.st.stm32cube.ide.mcu.externaltools.gnu-tools-for-stm32.11.3.rel1.win32_1.1.100.202309141235\tools\bin/../lib/gcc/arm-none-eabi/11.3.1/../../../../arm-none-eabi/include/c++/11.3.1/bits/unique_ptr.h:173:18:std::__uniq_ptr_impl<_Tp, _Dp>::pointer std::__uniq_ptr_impl<_Tp, _Dp>::_M_ptr() const [with _Tp = AppArg; _Dp = std::default_delete<AppArg>]	16	static
C:\ST\STM32CubeIDE_1.14.0\STM32CubeIDE\plugins\com.st.stm32cube.ide.mcu.externaltools.gnu-tools-for-stm32.11.3.rel1.win32_1.1.100.202309141235\tools\bin/../lib/gcc/arm-none-eabi/11.3.1/../../../../arm-none-eabi/include/c++/11.3.1/bits/unique_ptr.h:177:12:void std::__uniq_ptr_impl<_Tp, _Dp>::reset(std::__uniq_ptr_impl<_Tp, _Dp>::pointer) [with _Tp = Application; _Dp = std::default_delete<Application>]	24	static
C:\ST\STM32CubeIDE_1.14.0\STM32CubeIDE\plugins\com.st.stm32cube.ide.mcu.externaltools.gnu-tools-for-stm32.11.3.rel1.win32_1.1.100.202309141235\tools\bin/../lib/gcc/arm-none-eabi/11.3.1/../../../../arm-none-eabi/include/c++/11.3.1/bits/unique_ptr.h:421:7:std::unique_ptr<_Tp, _Dp>::pointer std::unique_ptr<_Tp, _Dp>::get() const [with _Tp = InputPin; _Dp = std::default_delete<InputPin>]	16	static
C:\ST\STM32CubeIDE_1.14.0\STM32CubeIDE\plugins\com.st.stm32cube.ide.mcu.externaltools.gnu-tools-for-stm32.11.3.rel1.win32_1.1.100.202309141235\tools\bin/../lib/gcc/arm-none-eabi/11.3.1/../../../../arm-none-eabi/include/c++/11.3.1/bits/unique_ptr.h:421:7:std::unique_ptr<_Tp, _Dp>::pointer std::unique_ptr<_Tp, _Dp>::get() const [with _Tp = Application; _Dp = std::default_delete<Application>]	16	static
C:\ST\STM32CubeIDE_1.14.0\STM32CubeIDE\plugins\com.st.stm32cube.ide.mcu.externaltools.gnu-tools-for-stm32.11.3.rel1.win32_1.1.100.202309141235\tools\bin/../lib/gcc/arm-none-eabi/11.3.1/../../../../arm-none-eabi/include/c++/11.3.1/tuple:430:7:constexpr std::_Tuple_impl<_Idx, _Head>::_Tuple_impl() [with unsigned int _Idx = 1; _Head = std::default_delete<InputPin>]	16	static
C:\ST\STM32CubeIDE_1.14.0\STM32CubeIDE\plugins\com.st.stm32cube.ide.mcu.externaltools.gnu-tools-for-stm32.11.3.rel1.win32_1.1.100.202309141235\tools\bin/../lib/gcc/arm-none-eabi/11.3.1/../../../../arm-none-eabi/include/c++/11.3.1/tuple:189:17:constexpr std::_Head_base<_Idx, _Head, false>::_Head_base() [with unsigned int _Idx = 0; _Head = InputPin*]	16	static
C:\ST\STM32CubeIDE_1.14.0\STM32CubeIDE\plugins\com.st.stm32cube.ide.mcu.externaltools.gnu-tools-for-stm32.11.3.rel1.win32_1.1.100.202309141235\tools\bin/../lib/gcc/arm-none-eabi/11.3.1/../../../../arm-none-eabi/include/c++/11.3.1/tuple:430:7:constexpr std::_Tuple_impl<_Idx, _Head>::_Tuple_impl() [with unsigned int _Idx = 1; _Head = std::default_delete<RTC_HandleTypeDef>]	16	static
C:\ST\STM32CubeIDE_1.14.0\STM32CubeIDE\plugins\com.st.stm32cube.ide.mcu.externaltools.gnu-tools-for-stm32.11.3.rel1.win32_1.1.100.202309141235\tools\bin/../lib/gcc/arm-none-eabi/11.3.1/../../../../arm-none-eabi/include/c++/11.3.1/tuple:189:17:constexpr std::_Head_base<_Idx, _Head, false>::_Head_base() [with unsigned int _Idx = 0; _Head = RTC_HandleTypeDef*]	16	static
C:\ST\STM32CubeIDE_1.14.0\STM32CubeIDE\plugins\com.st.stm32cube.ide.mcu.externaltools.gnu-tools-for-stm32.11.3.rel1.win32_1.1.100.202309141235\tools\bin/../lib/gcc/arm-none-eabi/11.3.1/../../../../arm-none-eabi/include/c++/11.3.1/bits/unique_ptr.h:155:7:std::__uniq_ptr_impl<_Tp, _Dp>::__uniq_ptr_impl(std::__uniq_ptr_impl<_Tp, _Dp>::pointer) [with _Tp = AppArg; _Dp = std::default_delete<AppArg>]	16	static
C:\ST\STM32CubeIDE_1.14.0\STM32CubeIDE\plugins\com.st.stm32cube.ide.mcu.externaltools.gnu-tools-for-stm32.11.3.rel1.win32_1.1.100.202309141235\tools\bin/../lib/gcc/arm-none-eabi/11.3.1/../../../../arm-none-eabi/include/c++/11.3.1/tuple:1393:5:>&) [with unsigned int __i = 0; _Elements = {AppArg*, std::default_delete<AppArg>}]	16	static
C:\ST\STM32CubeIDE_1.14.0\STM32CubeIDE\plugins\com.st.stm32cube.ide.mcu.externaltools.gnu-tools-for-stm32.11.3.rel1.win32_1.1.100.202309141235\tools\bin/../lib/gcc/arm-none-eabi/11.3.1/../../../../arm-none-eabi/include/c++/11.3.1/tuple:1393:5:>&) [with unsigned int __i = 1; _Elements = {AppArg*, std::default_delete<AppArg>}]	16	static
C:\ST\STM32CubeIDE_1.14.0\STM32CubeIDE\plugins\com.st.stm32cube.ide.mcu.externaltools.gnu-tools-for-stm32.11.3.rel1.win32_1.1.100.202309141235\tools\bin/../lib/gcc/arm-none-eabi/11.3.1/../../../../arm-none-eabi/include/c++/11.3.1/bits/unique_ptr.h:155:7:std::__uniq_ptr_impl<_Tp, _Dp>::__uniq_ptr_impl(std::__uniq_ptr_impl<_Tp, _Dp>::pointer) [with _Tp = InputPin; _Dp = std::default_delete<InputPin>]	16	static
C:\ST\STM32CubeIDE_1.14.0\STM32CubeIDE\plugins\com.st.stm32cube.ide.mcu.externaltools.gnu-tools-for-stm32.11.3.rel1.win32_1.1.100.202309141235\tools\bin/../lib/gcc/arm-none-eabi/11.3.1/../../../../arm-none-eabi/include/c++/11.3.1/tuple:1393:5:>&) [with unsigned int __i = 0; _Elements = {InputPin*, std::default_delete<InputPin>}]	16	static
C:\ST\STM32CubeIDE_1.14.0\STM32CubeIDE\plugins\com.st.stm32cube.ide.mcu.externaltools.gnu-tools-for-stm32.11.3.rel1.win32_1.1.100.202309141235\tools\bin/../lib/gcc/arm-none-eabi/11.3.1/../../../../arm-none-eabi/include/c++/11.3.1/tuple:1393:5:>&) [with unsigned int __i = 1; _Elements = {InputPin*, std::default_delete<InputPin>}]	16	static
C:\ST\STM32CubeIDE_1.14.0\STM32CubeIDE\plugins\com.st.stm32cube.ide.mcu.externaltools.gnu-tools-for-stm32.11.3.rel1.win32_1.1.100.202309141235\tools\bin/../lib/gcc/arm-none-eabi/11.3.1/../../../../arm-none-eabi/include/c++/11.3.1/bits/unique_ptr.h:155:7:std::__uniq_ptr_impl<_Tp, _Dp>::__uniq_ptr_impl(std::__uniq_ptr_impl<_Tp, _Dp>::pointer) [with _Tp = RTC_HandleTypeDef; _Dp = std::default_delete<RTC_HandleTypeDef>]	16	static
C:\ST\STM32CubeIDE_1.14.0\STM32CubeIDE\plugins\com.st.stm32cube.ide.mcu.externaltools.gnu-tools-for-stm32.11.3.rel1.win32_1.1.100.202309141235\tools\bin/../lib/gcc/arm-none-eabi/11.3.1/../../../../arm-none-eabi/include/c++/11.3.1/tuple:1393:5:>&) [with unsigned int __i = 0; _Elements = {RTC_HandleTypeDef*, std::default_delete<RTC_HandleTypeDef>}]	16	static
C:\ST\STM32CubeIDE_1.14.0\STM32CubeIDE\plugins\com.st.stm32cube.ide.mcu.externaltools.gnu-tools-for-stm32.11.3.rel1.win32_1.1.100.202309141235\tools\bin/../lib/gcc/arm-none-eabi/11.3.1/../../../../arm-none-eabi/include/c++/11.3.1/tuple:1393:5:>&) [with unsigned int __i = 1; _Elements = {RTC_HandleTypeDef*, std::default_delete<RTC_HandleTypeDef>}]	16	static
C:\ST\STM32CubeIDE_1.14.0\STM32CubeIDE\plugins\com.st.stm32cube.ide.mcu.externaltools.gnu-tools-for-stm32.11.3.rel1.win32_1.1.100.202309141235\tools\bin/../lib/gcc/arm-none-eabi/11.3.1/../../../../arm-none-eabi/include/c++/11.3.1/tuple:1393:5:>&) [with unsigned int __i = 0; _Elements = {Application*, std::default_delete<Application>}]	16	static
C:\ST\STM32CubeIDE_1.14.0\STM32CubeIDE\plugins\com.st.stm32cube.ide.mcu.externaltools.gnu-tools-for-stm32.11.3.rel1.win32_1.1.100.202309141235\tools\bin/../lib/gcc/arm-none-eabi/11.3.1/../../../../arm-none-eabi/include/c++/11.3.1/bits/unique_ptr.h:174:18:_Dp& std::__uniq_ptr_impl<_Tp, _Dp>::_M_deleter() [with _Tp = Application; _Dp = std::default_delete<Application>]	16	static
C:\ST\STM32CubeIDE_1.14.0\STM32CubeIDE\plugins\com.st.stm32cube.ide.mcu.externaltools.gnu-tools-for-stm32.11.3.rel1.win32_1.1.100.202309141235\tools\bin/../lib/gcc/arm-none-eabi/11.3.1/../../../../arm-none-eabi/include/c++/11.3.1/tuple:1399:5:>&) [with unsigned int __i = 0; _Elements = {AppArg*, std::default_delete<AppArg>}]	16	static
C:\ST\STM32CubeIDE_1.14.0\STM32CubeIDE\plugins\com.st.stm32cube.ide.mcu.externaltools.gnu-tools-for-stm32.11.3.rel1.win32_1.1.100.202309141235\tools\bin/../lib/gcc/arm-none-eabi/11.3.1/../../../../arm-none-eabi/include/c++/11.3.1/bits/unique_ptr.h:173:18:std::__uniq_ptr_impl<_Tp, _Dp>::pointer std::__uniq_ptr_impl<_Tp, _Dp>::_M_ptr() const [with _Tp = InputPin; _Dp = std::default_delete<InputPin>]	16	static
C:\ST\STM32CubeIDE_1.14.0\STM32CubeIDE\plugins\com.st.stm32cube.ide.mcu.externaltools.gnu-tools-for-stm32.11.3.rel1.win32_1.1.100.202309141235\tools\bin/../lib/gcc/arm-none-eabi/11.3.1/../../../../arm-none-eabi/include/c++/11.3.1/bits/unique_ptr.h:173:18:std::__uniq_ptr_impl<_Tp, _Dp>::pointer std::__uniq_ptr_impl<_Tp, _Dp>::_M_ptr() const [with _Tp = Application; _Dp = std::default_delete<Application>]	16	static
C:\ST\STM32CubeIDE_1.14.0\STM32CubeIDE\plugins\com.st.stm32cube.ide.mcu.externaltools.gnu-tools-for-stm32.11.3.rel1.win32_1.1.100.202309141235\tools\bin/../lib/gcc/arm-none-eabi/11.3.1/../../../../arm-none-eabi/include/c++/11.3.1/tuple:80:17:constexpr std::_Head_base<_Idx, _Head, true>::_Head_base() [with unsigned int _Idx = 1; _Head = std::default_delete<InputPin>]	16	static
C:\ST\STM32CubeIDE_1.14.0\STM32CubeIDE\plugins\com.st.stm32cube.ide.mcu.externaltools.gnu-tools-for-stm32.11.3.rel1.win32_1.1.100.202309141235\tools\bin/../lib/gcc/arm-none-eabi/11.3.1/../../../../arm-none-eabi/include/c++/11.3.1/tuple:80:17:constexpr std::_Head_base<_Idx, _Head, true>::_Head_base() [with unsigned int _Idx = 1; _Head = std::default_delete<RTC_HandleTypeDef>]	16	static
C:\ST\STM32CubeIDE_1.14.0\STM32CubeIDE\plugins\com.st.stm32cube.ide.mcu.externaltools.gnu-tools-for-stm32.11.3.rel1.win32_1.1.100.202309141235\tools\bin/../lib/gcc/arm-none-eabi/11.3.1/../../../../arm-none-eabi/include/c++/11.3.1/tuple:1377:5:>&) [with unsigned int __i = 0; _Head = AppArg*; _Tail = {std::default_delete<AppArg>}]	16	static
C:\ST\STM32CubeIDE_1.14.0\STM32CubeIDE\plugins\com.st.stm32cube.ide.mcu.externaltools.gnu-tools-for-stm32.11.3.rel1.win32_1.1.100.202309141235\tools\bin/../lib/gcc/arm-none-eabi/11.3.1/../../../../arm-none-eabi/include/c++/11.3.1/tuple:1377:5:>&) [with unsigned int __i = 1; _Head = std::default_delete<AppArg>; _Tail = {}]	16	static
C:\ST\STM32CubeIDE_1.14.0\STM32CubeIDE\plugins\com.st.stm32cube.ide.mcu.externaltools.gnu-tools-for-stm32.11.3.rel1.win32_1.1.100.202309141235\tools\bin/../lib/gcc/arm-none-eabi/11.3.1/../../../../arm-none-eabi/include/c++/11.3.1/tuple:1377:5:>&) [with unsigned int __i = 0; _Head = InputPin*; _Tail = {std::default_delete<InputPin>}]	16	static
C:\ST\STM32CubeIDE_1.14.0\STM32CubeIDE\plugins\com.st.stm32cube.ide.mcu.externaltools.gnu-tools-for-stm32.11.3.rel1.win32_1.1.100.202309141235\tools\bin/../lib/gcc/arm-none-eabi/11.3.1/../../../../arm-none-eabi/include/c++/11.3.1/tuple:1377:5:>&) [with unsigned int __i = 1; _Head = std::default_delete<InputPin>; _Tail = {}]	16	static
C:\ST\STM32CubeIDE_1.14.0\STM32CubeIDE\plugins\com.st.stm32cube.ide.mcu.externaltools.gnu-tools-for-stm32.11.3.rel1.win32_1.1.100.202309141235\tools\bin/../lib/gcc/arm-none-eabi/11.3.1/../../../../arm-none-eabi/include/c++/11.3.1/tuple:1377:5:>&) [with unsigned int __i = 0; _Head = RTC_HandleTypeDef*; _Tail = {std::default_delete<RTC_HandleTypeDef>}]	16	static
C:\ST\STM32CubeIDE_1.14.0\STM32CubeIDE\plugins\com.st.stm32cube.ide.mcu.externaltools.gnu-tools-for-stm32.11.3.rel1.win32_1.1.100.202309141235\tools\bin/../lib/gcc/arm-none-eabi/11.3.1/../../../../arm-none-eabi/include/c++/11.3.1/tuple:1377:5:>&) [with unsigned int __i = 1; _Head = std::default_delete<RTC_HandleTypeDef>; _Tail = {}]	16	static
C:\ST\STM32CubeIDE_1.14.0\STM32CubeIDE\plugins\com.st.stm32cube.ide.mcu.externaltools.gnu-tools-for-stm32.11.3.rel1.win32_1.1.100.202309141235\tools\bin/../lib/gcc/arm-none-eabi/11.3.1/../../../../arm-none-eabi/include/c++/11.3.1/tuple:1377:5:>&) [with unsigned int __i = 0; _Head = Application*; _Tail = {std::default_delete<Application>}]	16	static
C:\ST\STM32CubeIDE_1.14.0\STM32CubeIDE\plugins\com.st.stm32cube.ide.mcu.externaltools.gnu-tools-for-stm32.11.3.rel1.win32_1.1.100.202309141235\tools\bin/../lib/gcc/arm-none-eabi/11.3.1/../../../../arm-none-eabi/include/c++/11.3.1/tuple:1393:5:>&) [with unsigned int __i = 1; _Elements = {Application*, std::default_delete<Application>}]	16	static
C:\ST\STM32CubeIDE_1.14.0\STM32CubeIDE\plugins\com.st.stm32cube.ide.mcu.externaltools.gnu-tools-for-stm32.11.3.rel1.win32_1.1.100.202309141235\tools\bin/../lib/gcc/arm-none-eabi/11.3.1/../../../../arm-none-eabi/include/c++/11.3.1/tuple:1382:5:>&) [with unsigned int __i = 0; _Head = AppArg*; _Tail = {std::default_delete<AppArg>}]	16	static
C:\ST\STM32CubeIDE_1.14.0\STM32CubeIDE\plugins\com.st.stm32cube.ide.mcu.externaltools.gnu-tools-for-stm32.11.3.rel1.win32_1.1.100.202309141235\tools\bin/../lib/gcc/arm-none-eabi/11.3.1/../../../../arm-none-eabi/include/c++/11.3.1/tuple:1399:5:>&) [with unsigned int __i = 0; _Elements = {InputPin*, std::default_delete<InputPin>}]	16	static
C:\ST\STM32CubeIDE_1.14.0\STM32CubeIDE\plugins\com.st.stm32cube.ide.mcu.externaltools.gnu-tools-for-stm32.11.3.rel1.win32_1.1.100.202309141235\tools\bin/../lib/gcc/arm-none-eabi/11.3.1/../../../../arm-none-eabi/include/c++/11.3.1/tuple:1399:5:>&) [with unsigned int __i = 0; _Elements = {Application*, std::default_delete<Application>}]	16	static
C:\ST\STM32CubeIDE_1.14.0\STM32CubeIDE\plugins\com.st.stm32cube.ide.mcu.externaltools.gnu-tools-for-stm32.11.3.rel1.win32_1.1.100.202309141235\tools\bin/../lib/gcc/arm-none-eabi/11.3.1/../../../../arm-none-eabi/include/c++/11.3.1/tuple:268:7:>&) [with unsigned int _Idx = 0; _Head = AppArg*; _Tail = {std::default_delete<AppArg>}]	16	static
C:\ST\STM32CubeIDE_1.14.0\STM32CubeIDE\plugins\com.st.stm32cube.ide.mcu.externaltools.gnu-tools-for-stm32.11.3.rel1.win32_1.1.100.202309141235\tools\bin/../lib/gcc/arm-none-eabi/11.3.1/../../../../arm-none-eabi/include/c++/11.3.1/tuple:424:7:static constexpr _Head& std::_Tuple_impl<_Idx, _Head>::_M_head(std::_Tuple_impl<_Idx, _Head>&) [with unsigned int _Idx = 1; _Head = std::default_delete<AppArg>]	16	static
C:\ST\STM32CubeIDE_1.14.0\STM32CubeIDE\plugins\com.st.stm32cube.ide.mcu.externaltools.gnu-tools-for-stm32.11.3.rel1.win32_1.1.100.202309141235\tools\bin/../lib/gcc/arm-none-eabi/11.3.1/../../../../arm-none-eabi/include/c++/11.3.1/tuple:268:7:>&) [with unsigned int _Idx = 0; _Head = InputPin*; _Tail = {std::default_delete<InputPin>}]	16	static
C:\ST\STM32CubeIDE_1.14.0\STM32CubeIDE\plugins\com.st.stm32cube.ide.mcu.externaltools.gnu-tools-for-stm32.11.3.rel1.win32_1.1.100.202309141235\tools\bin/../lib/gcc/arm-none-eabi/11.3.1/../../../../arm-none-eabi/include/c++/11.3.1/tuple:424:7:static constexpr _Head& std::_Tuple_impl<_Idx, _Head>::_M_head(std::_Tuple_impl<_Idx, _Head>&) [with unsigned int _Idx = 1; _Head = std::default_delete<InputPin>]	16	static
C:\ST\STM32CubeIDE_1.14.0\STM32CubeIDE\plugins\com.st.stm32cube.ide.mcu.externaltools.gnu-tools-for-stm32.11.3.rel1.win32_1.1.100.202309141235\tools\bin/../lib/gcc/arm-none-eabi/11.3.1/../../../../arm-none-eabi/include/c++/11.3.1/tuple:268:7:>&) [with unsigned int _Idx = 0; _Head = RTC_HandleTypeDef*; _Tail = {std::default_delete<RTC_HandleTypeDef>}]	16	static
C:\ST\STM32CubeIDE_1.14.0\STM32CubeIDE\plugins\com.st.stm32cube.ide.mcu.externaltools.gnu-tools-for-stm32.11.3.rel1.win32_1.1.100.202309141235\tools\bin/../lib/gcc/arm-none-eabi/11.3.1/../../../../arm-none-eabi/include/c++/11.3.1/tuple:424:7:static constexpr _Head& std::_Tuple_impl<_Idx, _Head>::_M_head(std::_Tuple_impl<_Idx, _Head>&) [with unsigned int _Idx = 1; _Head = std::default_delete<RTC_HandleTypeDef>]	16	static
C:\ST\STM32CubeIDE_1.14.0\STM32CubeIDE\plugins\com.st.stm32cube.ide.mcu.externaltools.gnu-tools-for-stm32.11.3.rel1.win32_1.1.100.202309141235\tools\bin/../lib/gcc/arm-none-eabi/11.3.1/../../../../arm-none-eabi/include/c++/11.3.1/tuple:268:7:>&) [with unsigned int _Idx = 0; _Head = Application*; _Tail = {std::default_delete<Application>}]	16	static
C:\ST\STM32CubeIDE_1.14.0\STM32CubeIDE\plugins\com.st.stm32cube.ide.mcu.externaltools.gnu-tools-for-stm32.11.3.rel1.win32_1.1.100.202309141235\tools\bin/../lib/gcc/arm-none-eabi/11.3.1/../../../../arm-none-eabi/include/c++/11.3.1/tuple:1377:5:>&) [with unsigned int __i = 1; _Head = std::default_delete<Application>; _Tail = {}]	16	static
C:\ST\STM32CubeIDE_1.14.0\STM32CubeIDE\plugins\com.st.stm32cube.ide.mcu.externaltools.gnu-tools-for-stm32.11.3.rel1.win32_1.1.100.202309141235\tools\bin/../lib/gcc/arm-none-eabi/11.3.1/../../../../arm-none-eabi/include/c++/11.3.1/tuple:271:7:>&) [with unsigned int _Idx = 0; _Head = AppArg*; _Tail = {std::default_delete<AppArg>}]	16	static
C:\ST\STM32CubeIDE_1.14.0\STM32CubeIDE\plugins\com.st.stm32cube.ide.mcu.externaltools.gnu-tools-for-stm32.11.3.rel1.win32_1.1.100.202309141235\tools\bin/../lib/gcc/arm-none-eabi/11.3.1/../../../../arm-none-eabi/include/c++/11.3.1/tuple:1382:5:>&) [with unsigned int __i = 0; _Head = InputPin*; _Tail = {std::default_delete<InputPin>}]	16	static
C:\ST\STM32CubeIDE_1.14.0\STM32CubeIDE\plugins\com.st.stm32cube.ide.mcu.externaltools.gnu-tools-for-stm32.11.3.rel1.win32_1.1.100.202309141235\tools\bin/../lib/gcc/arm-none-eabi/11.3.1/../../../../arm-none-eabi/include/c++/11.3.1/tuple:1382:5:>&) [with unsigned int __i = 0; _Head = Application*; _Tail = {std::default_delete<Application>}]	16	static
C:\ST\STM32CubeIDE_1.14.0\STM32CubeIDE\plugins\com.st.stm32cube.ide.mcu.externaltools.gnu-tools-for-stm32.11.3.rel1.win32_1.1.100.202309141235\tools\bin/../lib/gcc/arm-none-eabi/11.3.1/../../../../arm-none-eabi/include/c++/11.3.1/tuple:233:7:static constexpr _Head& std::_Head_base<_Idx, _Head, false>::_M_head(std::_Head_base<_Idx, _Head, false>&) [with unsigned int _Idx = 0; _Head = AppArg*]	16	static
C:\ST\STM32CubeIDE_1.14.0\STM32CubeIDE\plugins\com.st.stm32cube.ide.mcu.externaltools.gnu-tools-for-stm32.11.3.rel1.win32_1.1.100.202309141235\tools\bin/../lib/gcc/arm-none-eabi/11.3.1/../../../../arm-none-eabi/include/c++/11.3.1/tuple:124:7:static constexpr _Head& std::_Head_base<_Idx, _Head, true>::_M_head(std::_Head_base<_Idx, _Head, true>&) [with unsigned int _Idx = 1; _Head = std::default_delete<AppArg>]	16	static
C:\ST\STM32CubeIDE_1.14.0\STM32CubeIDE\plugins\com.st.stm32cube.ide.mcu.externaltools.gnu-tools-for-stm32.11.3.rel1.win32_1.1.100.202309141235\tools\bin/../lib/gcc/arm-none-eabi/11.3.1/../../../../arm-none-eabi/include/c++/11.3.1/tuple:233:7:static constexpr _Head& std::_Head_base<_Idx, _Head, false>::_M_head(std::_Head_base<_Idx, _Head, false>&) [with unsigned int _Idx = 0; _Head = InputPin*]	16	static
C:\ST\STM32CubeIDE_1.14.0\STM32CubeIDE\plugins\com.st.stm32cube.ide.mcu.externaltools.gnu-tools-for-stm32.11.3.rel1.win32_1.1.100.202309141235\tools\bin/../lib/gcc/arm-none-eabi/11.3.1/../../../../arm-none-eabi/include/c++/11.3.1/tuple:124:7:static constexpr _Head& std::_Head_base<_Idx, _Head, true>::_M_head(std::_Head_base<_Idx, _Head, true>&) [with unsigned int _Idx = 1; _Head = std::default_delete<InputPin>]	16	static
C:\ST\STM32CubeIDE_1.14.0\STM32CubeIDE\plugins\com.st.stm32cube.ide.mcu.externaltools.gnu-tools-for-stm32.11.3.rel1.win32_1.1.100.202309141235\tools\bin/../lib/gcc/arm-none-eabi/11.3.1/../../../../arm-none-eabi/include/c++/11.3.1/tuple:233:7:static constexpr _Head& std::_Head_base<_Idx, _Head, false>::_M_head(std::_Head_base<_Idx, _Head, false>&) [with unsigned int _Idx = 0; _Head = RTC_HandleTypeDef*]	16	static
C:\ST\STM32CubeIDE_1.14.0\STM32CubeIDE\plugins\com.st.stm32cube.ide.mcu.externaltools.gnu-tools-for-stm32.11.3.rel1.win32_1.1.100.202309141235\tools\bin/../lib/gcc/arm-none-eabi/11.3.1/../../../../arm-none-eabi/include/c++/11.3.1/tuple:124:7:static constexpr _Head& std::_Head_base<_Idx, _Head, true>::_M_head(std::_Head_base<_Idx, _Head, true>&) [with unsigned int _Idx = 1; _Head = std::default_delete<RTC_HandleTypeDef>]	16	static
C:\ST\STM32CubeIDE_1.14.0\STM32CubeIDE\plugins\com.st.stm32cube.ide.mcu.externaltools.gnu-tools-for-stm32.11.3.rel1.win32_1.1.100.202309141235\tools\bin/../lib/gcc/arm-none-eabi/11.3.1/../../../../arm-none-eabi/include/c++/11.3.1/tuple:233:7:static constexpr _Head& std::_Head_base<_Idx, _Head, false>::_M_head(std::_Head_base<_Idx, _Head, false>&) [with unsigned int _Idx = 0; _Head = Application*]	16	static
C:\ST\STM32CubeIDE_1.14.0\STM32CubeIDE\plugins\com.st.stm32cube.ide.mcu.externaltools.gnu-tools-for-stm32.11.3.rel1.win32_1.1.100.202309141235\tools\bin/../lib/gcc/arm-none-eabi/11.3.1/../../../../arm-none-eabi/include/c++/11.3.1/tuple:424:7:static constexpr _Head& std::_Tuple_impl<_Idx, _Head>::_M_head(std::_Tuple_impl<_Idx, _Head>&) [with unsigned int _Idx = 1; _Head = std::default_delete<Application>]	16	static
C:\ST\STM32CubeIDE_1.14.0\STM32CubeIDE\plugins\com.st.stm32cube.ide.mcu.externaltools.gnu-tools-for-stm32.11.3.rel1.win32_1.1.100.202309141235\tools\bin/../lib/gcc/arm-none-eabi/11.3.1/../../../../arm-none-eabi/include/c++/11.3.1/tuple:236:7:static constexpr const _Head& std::_Head_base<_Idx, _Head, false>::_M_head(const std::_Head_base<_Idx, _Head, false>&) [with unsigned int _Idx = 0; _Head = AppArg*]	16	static
C:\ST\STM32CubeIDE_1.14.0\STM32CubeIDE\plugins\com.st.stm32cube.ide.mcu.externaltools.gnu-tools-for-stm32.11.3.rel1.win32_1.1.100.202309141235\tools\bin/../lib/gcc/arm-none-eabi/11.3.1/../../../../arm-none-eabi/include/c++/11.3.1/tuple:271:7:>&) [with unsigned int _Idx = 0; _Head = InputPin*; _Tail = {std::default_delete<InputPin>}]	16	static
C:\ST\STM32CubeIDE_1.14.0\STM32CubeIDE\plugins\com.st.stm32cube.ide.mcu.externaltools.gnu-tools-for-stm32.11.3.rel1.win32_1.1.100.202309141235\tools\bin/../lib/gcc/arm-none-eabi/11.3.1/../../../../arm-none-eabi/include/c++/11.3.1/tuple:271:7:>&) [with unsigned int _Idx = 0; _Head = Application*; _Tail = {std::default_delete<Application>}]	16	static
C:\ST\STM32CubeIDE_1.14.0\STM32CubeIDE\plugins\com.st.stm32cube.ide.mcu.externaltools.gnu-tools-for-stm32.11.3.rel1.win32_1.1.100.202309141235\tools\bin/../lib/gcc/arm-none-eabi/11.3.1/../../../../arm-none-eabi/include/c++/11.3.1/tuple:124:7:static constexpr _Head& std::_Head_base<_Idx, _Head, true>::_M_head(std::_Head_base<_Idx, _Head, true>&) [with unsigned int _Idx = 1; _Head = std::default_delete<Application>]	16	static
C:\ST\STM32CubeIDE_1.14.0\STM32CubeIDE\plugins\com.st.stm32cube.ide.mcu.externaltools.gnu-tools-for-stm32.11.3.rel1.win32_1.1.100.202309141235\tools\bin/../lib/gcc/arm-none-eabi/11.3.1/../../../../arm-none-eabi/include/c++/11.3.1/tuple:236:7:static constexpr const _Head& std::_Head_base<_Idx, _Head, false>::_M_head(const std::_Head_base<_Idx, _Head, false>&) [with unsigned int _Idx = 0; _Head = InputPin*]	16	static
C:\ST\STM32CubeIDE_1.14.0\STM32CubeIDE\plugins\com.st.stm32cube.ide.mcu.externaltools.gnu-tools-for-stm32.11.3.rel1.win32_1.1.100.202309141235\tools\bin/../lib/gcc/arm-none-eabi/11.3.1/../../../../arm-none-eabi/include/c++/11.3.1/tuple:236:7:static constexpr const _Head& std::_Head_base<_Idx, _Head, false>::_M_head(const std::_Head_base<_Idx, _Head, false>&) [with unsigned int _Idx = 0; _Head = Application*]	16	static
../Core/Src/main.cpp:496:1:void __static_initialization_and_destruction_0(int, int)	16	static
../Core/Src/main.cpp:496:1:cpp)	8	static
../Core/Src/main.cpp:496:1:cpp)	8	static
